Archive member included to satisfy reference by file (symbol)

/tmp/arduino_build_899025/core/core.a(cortex_handlers.c.o)
                              (Reset_Handler)
/tmp/arduino_build_899025/core/core.a(delay.c.o)
                              /tmp/arduino_build_899025/sketch/Blink.ino.cpp.o (delay)
/tmp/arduino_build_899025/core/core.a(hooks.c.o)
                              /tmp/arduino_build_899025/core/core.a(delay.c.o) (yield)
/tmp/arduino_build_899025/core/core.a(startup.c.o)
                              /tmp/arduino_build_899025/core/core.a(cortex_handlers.c.o) (SystemInit)
/tmp/arduino_build_899025/core/core.a(wiring.c.o)
                              /tmp/arduino_build_899025/core/core.a(startup.c.o) (SystemCoreClock)
/tmp/arduino_build_899025/core/core.a(wiring_analog.c.o)
                              /tmp/arduino_build_899025/core/core.a(wiring.c.o) (analogReference)
/tmp/arduino_build_899025/core/core.a(wiring_digital.c.o)
                              /tmp/arduino_build_899025/sketch/Blink.ino.cpp.o (pinMode)
/tmp/arduino_build_899025/core/core.a(wiring_private.c.o)
                              /tmp/arduino_build_899025/core/core.a(wiring_analog.c.o) (pinPeripheral)
/tmp/arduino_build_899025/core/core.a(Reset.cpp.o)
                              /tmp/arduino_build_899025/core/core.a(delay.c.o) (tickReset)
/tmp/arduino_build_899025/core/core.a(SERCOM.cpp.o)
                              /tmp/arduino_build_899025/core/variant.cpp.o (SERCOM::SERCOM(Sercom*))
/tmp/arduino_build_899025/core/core.a(Uart.cpp.o)
                              /tmp/arduino_build_899025/core/variant.cpp.o (Uart::Uart(SERCOM*, unsigned char, unsigned char, SercomRXPad, SercomUartTXPad))
/tmp/arduino_build_899025/core/core.a(main.cpp.o)
                              /home/ckraemer/.arduino15/packages/adafruit/tools/arm-none-eabi-gcc/9-2019q4/bin/../lib/gcc/arm-none-eabi/9.2.1/../../../../arm-none-eabi/lib/thumb/v6-m/nofp/crt0.o (main)
/tmp/arduino_build_899025/core/core.a(Print.cpp.o)
                              /tmp/arduino_build_899025/core/core.a(Uart.cpp.o) (Print::write(unsigned char const*, unsigned int))
/tmp/arduino_build_899025/core/core.a(USBCore.cpp.o)
                              /tmp/arduino_build_899025/core/core.a(main.cpp.o) (USBDeviceClass::init())
/tmp/arduino_build_899025/core/core.a(abi.cpp.o)
                              /tmp/arduino_build_899025/core/core.a(Print.cpp.o) (__cxa_pure_virtual)
/tmp/arduino_build_899025/core/core.a(new.cpp.o)
                              /tmp/arduino_build_899025/core/core.a(USBCore.cpp.o) (operator new(unsigned int))
/tmp/arduino_build_899025/core/core.a(CDC.cpp.o)
                              /tmp/arduino_build_899025/core/core.a(USBCore.cpp.o) (CDC_GetInterface(unsigned char*))
/tmp/arduino_build_899025/core/core.a(PluggableUSB.cpp.o)
                              /tmp/arduino_build_899025/core/core.a(USBCore.cpp.o) (PluggableUSB_::getInterface(unsigned char*))
/tmp/arduino_build_899025/core/core.a(SAMD21_USBDevice.cpp.o)
                              /tmp/arduino_build_899025/core/core.a(USBCore.cpp.o) (USBDevice_SAMD21G18x::reset())
/home/ckraemer/.arduino15/packages/adafruit/tools/arm-none-eabi-gcc/9-2019q4/bin/../lib/gcc/arm-none-eabi/9.2.1/thumb/v6-m/nofp/libgcc.a(_thumb1_case_uqi.o)
                              /tmp/arduino_build_899025/core/core.a(wiring_analog.c.o) (__gnu_thumb1_case_uqi)
/home/ckraemer/.arduino15/packages/adafruit/tools/arm-none-eabi-gcc/9-2019q4/bin/../lib/gcc/arm-none-eabi/9.2.1/thumb/v6-m/nofp/libgcc.a(_udivsi3.o)
                              /tmp/arduino_build_899025/core/core.a(wiring.c.o) (__aeabi_uidiv)
/home/ckraemer/.arduino15/packages/adafruit/tools/arm-none-eabi-gcc/9-2019q4/bin/../lib/gcc/arm-none-eabi/9.2.1/thumb/v6-m/nofp/libgcc.a(_divsi3.o)
                              /tmp/arduino_build_899025/core/core.a(SERCOM.cpp.o) (__aeabi_idiv)
/home/ckraemer/.arduino15/packages/adafruit/tools/arm-none-eabi-gcc/9-2019q4/bin/../lib/gcc/arm-none-eabi/9.2.1/thumb/v6-m/nofp/libgcc.a(_dvmd_tls.o)
                              /home/ckraemer/.arduino15/packages/adafruit/tools/arm-none-eabi-gcc/9-2019q4/bin/../lib/gcc/arm-none-eabi/9.2.1/thumb/v6-m/nofp/libgcc.a(_udivsi3.o) (__aeabi_idiv0)
/home/ckraemer/.arduino15/packages/adafruit/tools/arm-none-eabi-gcc/9-2019q4/bin/../lib/gcc/arm-none-eabi/9.2.1/thumb/v6-m/nofp/libgcc.a(_arm_cmpdf2.o)
                              /tmp/arduino_build_899025/core/core.a(Print.cpp.o) (__aeabi_dcmplt)
/home/ckraemer/.arduino15/packages/adafruit/tools/arm-none-eabi-gcc/9-2019q4/bin/../lib/gcc/arm-none-eabi/9.2.1/thumb/v6-m/nofp/libgcc.a(_aeabi_uldivmod.o)
                              /tmp/arduino_build_899025/core/core.a(Print.cpp.o) (__aeabi_uldivmod)
/home/ckraemer/.arduino15/packages/adafruit/tools/arm-none-eabi-gcc/9-2019q4/bin/../lib/gcc/arm-none-eabi/9.2.1/thumb/v6-m/nofp/libgcc.a(_fixunsdfsi.o)
                              /tmp/arduino_build_899025/core/core.a(Print.cpp.o) (__aeabi_d2uiz)
[...]
Memory Configuration

Name             Origin             Length             Attributes
FLASH            0x0000000000002000 0x000000000003e000 xr
RAM              0x0000000020000000 0x0000000000008000 xrw
*default*        0x0000000000000000 0xffffffffffffffff

Linker script and memory map

LOAD /home/ckraemer/.arduino15/packages/adafruit/tools/arm-none-eabi-gcc/9-2019q4/bin/../lib/gcc/arm-none-eabi/9.2.1/thumb/v6-m/nofp/crti.o
LOAD /home/ckraemer/.arduino15/packages/adafruit/tools/arm-none-eabi-gcc/9-2019q4/bin/../lib/gcc/arm-none-eabi/9.2.1/thumb/v6-m/nofp/crtbegin.o
LOAD /home/ckraemer/.arduino15/packages/adafruit/tools/arm-none-eabi-gcc/9-2019q4/bin/../lib/gcc/arm-none-eabi/9.2.1/../../../../arm-none-eabi/lib/thumb/v6-m/nofp/crt0.o
LOAD /tmp/arduino_build_899025/sketch/Blink.ino.cpp.o
LOAD /tmp/arduino_build_899025/core/variant.cpp.o
START GROUP
LOAD /home/ckraemer/.arduino15/packages/adafruit/tools/CMSIS/5.4.0/CMSIS/Lib/GCC//libarm_cortexM0l_math.a
LOAD /tmp/arduino_build_899025/core/core.a
END GROUP
LOAD /home/ckraemer/.arduino15/packages/adafruit/tools/arm-none-eabi-gcc/9-2019q4/bin/../lib/gcc/arm-none-eabi/9.2.1/../../../../arm-none-eabi/lib/thumb/v6-m/nofp/libstdc++_nano.a
LOAD /home/ckraemer/.arduino15/packages/adafruit/tools/arm-none-eabi-gcc/9-2019q4/bin/../lib/gcc/arm-none-eabi/9.2.1/../../../../arm-none-eabi/lib/thumb/v6-m/nofp/libm.a
START GROUP
LOAD /home/ckraemer/.arduino15/packages/adafruit/tools/arm-none-eabi-gcc/9-2019q4/bin/../lib/gcc/arm-none-eabi/9.2.1/thumb/v6-m/nofp/libgcc.a
LOAD /home/ckraemer/.arduino15/packages/adafruit/tools/arm-none-eabi-gcc/9-2019q4/bin/../lib/gcc/arm-none-eabi/9.2.1/../../../../arm-none-eabi/lib/thumb/v6-m/nofp/libc_nano.a
END GROUP
START GROUP
LOAD /home/ckraemer/.arduino15/packages/adafruit/tools/arm-none-eabi-gcc/9-2019q4/bin/../lib/gcc/arm-none-eabi/9.2.1/thumb/v6-m/nofp/libgcc.a
LOAD /home/ckraemer/.arduino15/packages/adafruit/tools/arm-none-eabi-gcc/9-2019q4/bin/../lib/gcc/arm-none-eabi/9.2.1/../../../../arm-none-eabi/lib/thumb/v6-m/nofp/libc_nano.a
LOAD /home/ckraemer/.arduino15/packages/adafruit/tools/arm-none-eabi-gcc/9-2019q4/bin/../lib/gcc/arm-none-eabi/9.2.1/../../../../arm-none-eabi/lib/thumb/v6-m/nofp/libnosys.a
END GROUP
START GROUP
LOAD /home/ckraemer/.arduino15/packages/adafruit/tools/arm-none-eabi-gcc/9-2019q4/bin/../lib/gcc/arm-none-eabi/9.2.1/thumb/v6-m/nofp/libgcc.a
LOAD /home/ckraemer/.arduino15/packages/adafruit/tools/arm-none-eabi-gcc/9-2019q4/bin/../lib/gcc/arm-none-eabi/9.2.1/../../../../arm-none-eabi/lib/thumb/v6-m/nofp/libc_nano.a
LOAD /home/ckraemer/.arduino15/packages/adafruit/tools/arm-none-eabi-gcc/9-2019q4/bin/../lib/gcc/arm-none-eabi/9.2.1/../../../../arm-none-eabi/lib/thumb/v6-m/nofp/libnosys.a
END GROUP
LOAD /home/ckraemer/.arduino15/packages/adafruit/tools/arm-none-eabi-gcc/9-2019q4/bin/../lib/gcc/arm-none-eabi/9.2.1/thumb/v6-m/nofp/crtend.o
LOAD /home/ckraemer/.arduino15/packages/adafruit/tools/arm-none-eabi-gcc/9-2019q4/bin/../lib/gcc/arm-none-eabi/9.2.1/thumb/v6-m/nofp/crtn.o

.text           0x0000000000002000     0x2940
                0x0000000000002000                __text_start__ = .
 *(.isr_vector)
 .isr_vector    0x0000000000002000       0xb4 /tmp/arduino_build_899025/core/core.a(cortex_handlers.c.o)
                0x0000000000002000                exception_table
 *(.text*)
 .text          0x00000000000020b4       0x48 /home/ckraemer/.arduino15/packages/adafruit/tools/arm-none-eabi-gcc/9-2019q4/bin/../lib/gcc/arm-none-eabi/9.2.1/thumb/v6-m/nofp/crtbegin.o
 .text.setup    0x00000000000020fc       0x14 /tmp/arduino_build_899025/sketch/Blink.ino.cpp.o
                0x00000000000020fc                setup
 .text.loop     0x0000000000002110       0x2c /tmp/arduino_build_899025/sketch/Blink.ino.cpp.o
                0x0000000000002110                loop
 .text.SERCOM0_Handler
                0x000000000000213c       0x10 /tmp/arduino_build_899025/core/variant.cpp.o
                0x000000000000213c                SERCOM0_Handler
 .text.startup._GLOBAL__sub_I_g_APinDescription
                0x000000000000214c       0x7c /tmp/arduino_build_899025/core/variant.cpp.o
 .text.Dummy_Handler
                0x00000000000021c8        0x2 /tmp/arduino_build_899025/core/core.a(cortex_handlers.c.o)
                0x00000000000021c8                DMAC_Handler
                0x00000000000021c8                HardFault_Handler
                0x00000000000021c8                AC_Handler
                0x00000000000021c8                PendSV_Handler
                0x00000000000021c8                NMI_Handler
                0x00000000000021c8                TC7_Handler
                0x00000000000021c8                SERCOM1_Handler
                0x00000000000021c8                ADC_Handler
                0x00000000000021c8                TCC1_Handler
                0x00000000000021c8                SERCOM2_Handler
                0x00000000000021c8                TCC0_Handler
                0x00000000000021c8                RTC_Handler
                0x00000000000021c8                EIC_Handler
                0x00000000000021c8                TC6_Handler
                0x00000000000021c8                WDT_Handler
                0x00000000000021c8                TC4_Handler
                0x00000000000021c8                TC3_Handler
                0x00000000000021c8                Dummy_Handler
                0x00000000000021c8                PM_Handler
                0x00000000000021c8                SERCOM5_Handler
                0x00000000000021c8                SVC_Handler
                0x00000000000021c8                TCC2_Handler
                0x00000000000021c8                EVSYS_Handler
                0x00000000000021c8                SERCOM3_Handler
                0x00000000000021c8                SERCOM4_Handler
                0x00000000000021c8                I2S_Handler
                0x00000000000021c8                NVMCTRL_Handler
                0x00000000000021c8                DAC_Handler
                0x00000000000021c8                PTC_Handler
                0x00000000000021c8                SYSCTRL_Handler
 *fill*         0x00000000000021ca        0x2 
 .text.USB_Handler
                0x00000000000021cc       0x14 /tmp/arduino_build_899025/core/core.a(cortex_handlers.c.o)
                0x00000000000021cc                USB_Handler
 .text.Reset_Handler
                0x00000000000021e0       0x54 /tmp/arduino_build_899025/core/core.a(cortex_handlers.c.o)
                0x00000000000021e0                Reset_Handler
 .text.SysTick_Handler
                0x0000000000002234       0x10 /tmp/arduino_build_899025/core/core.a(cortex_handlers.c.o)
                0x0000000000002234                SysTick_Handler
 .text.USB_SetHandler
                0x0000000000002244        0xc /tmp/arduino_build_899025/core/core.a(cortex_handlers.c.o)
                0x0000000000002244                USB_SetHandler
 .text.micros   0x0000000000002250       0x60 /tmp/arduino_build_899025/core/core.a(delay.c.o)
                0x0000000000002250                micros
 .text.delay    0x00000000000022b0       0x2c /tmp/arduino_build_899025/core/core.a(delay.c.o)
                0x00000000000022b0                delay
 .text.SysTick_DefaultHandler
                0x00000000000022dc       0x14 /tmp/arduino_build_899025/core/core.a(delay.c.o)
                0x00000000000022dc                SysTick_DefaultHandler
 .text.__empty  0x00000000000022f0        0x2 /tmp/arduino_build_899025/core/core.a(hooks.c.o)
                0x00000000000022f0                yield
 .text.__false  0x00000000000022f2        0x4 /tmp/arduino_build_899025/core/core.a(hooks.c.o)
                0x00000000000022f2                sysTickHook
 *fill*         0x00000000000022f6        0x2 
 .text.SystemInit
                0x00000000000022f8      0x160 /tmp/arduino_build_899025/core/core.a(startup.c.o)
                0x00000000000022f8                SystemInit
 .text.init     0x0000000000002458       0xe0 /tmp/arduino_build_899025/core/core.a(wiring.c.o)
                0x0000000000002458                init
 .text.analogReference
                0x0000000000002538       0x88 /tmp/arduino_build_899025/core/core.a(wiring_analog.c.o)
                0x0000000000002538                analogReference
 .text.pinMode  0x00000000000025c0       0x60 /tmp/arduino_build_899025/core/core.a(wiring_digital.c.o)
                0x00000000000025c0                pinMode
 .text.digitalWrite
                0x0000000000002620       0x58 /tmp/arduino_build_899025/core/core.a(wiring_digital.c.o)
                0x0000000000002620                digitalWrite
 .text.pinPeripheral
                0x0000000000002678       0xbc /tmp/arduino_build_899025/core/core.a(wiring_private.c.o)
                0x0000000000002678                pinPeripheral
 .text.initiateReset
                0x0000000000002734        0xc /tmp/arduino_build_899025/core/core.a(Reset.cpp.o)
                0x0000000000002734                initiateReset
 .text.cancelReset
                0x0000000000002740       0x10 /tmp/arduino_build_899025/core/core.a(Reset.cpp.o)
                0x0000000000002740                cancelReset
 .text.tickReset
                0x0000000000002750       0x74 /tmp/arduino_build_899025/core/core.a(Reset.cpp.o)
                0x0000000000002750                tickReset
 .text._ZN6SERCOMC2EP6Sercom
                0x00000000000027c4        0x4 /tmp/arduino_build_899025/core/core.a(SERCOM.cpp.o)
                0x00000000000027c4                SERCOM::SERCOM(Sercom*)
                0x00000000000027c4                SERCOM::SERCOM(Sercom*)
 .text._ZN6SERCOM9initFrameE18SercomUartCharSize15SercomDataOrder16SercomParityMode19SercomNumberStopBit
                0x00000000000027c8       0x3a /tmp/arduino_build_899025/core/core.a(SERCOM.cpp.o)
                0x00000000000027c8                SERCOM::initFrame(SercomUartCharSize, SercomDataOrder, SercomParityMode, SercomNumberStopBit)
 .text._ZN6SERCOM8initPadsE15SercomUartTXPad11SercomRXPad
                0x0000000000002802       0x26 /tmp/arduino_build_899025/core/core.a(SERCOM.cpp.o)
                0x0000000000002802                SERCOM::initPads(SercomUartTXPad, SercomRXPad)
 .text._ZN6SERCOM9resetUARTEv
                0x0000000000002828       0x1a /tmp/arduino_build_899025/core/core.a(SERCOM.cpp.o)
                0x0000000000002828                SERCOM::resetUART()
 .text._ZN6SERCOM10enableUARTEv
                0x0000000000002842       0x14 /tmp/arduino_build_899025/core/core.a(SERCOM.cpp.o)
                0x0000000000002842                SERCOM::enableUART()
 .text._ZN6SERCOM9flushUARTEv
                0x0000000000002856       0x10 /tmp/arduino_build_899025/core/core.a(SERCOM.cpp.o)
                0x0000000000002856                SERCOM::flushUART()
 .text._ZN6SERCOM15clearStatusUARTEv
                0x0000000000002866        0x8 /tmp/arduino_build_899025/core/core.a(SERCOM.cpp.o)
                0x0000000000002866                SERCOM::clearStatusUART()
 .text._ZN6SERCOM17availableDataUARTEv
                0x000000000000286e        0xa /tmp/arduino_build_899025/core/core.a(SERCOM.cpp.o)
                0x000000000000286e                SERCOM::availableDataUART()
 .text._ZN6SERCOM11isUARTErrorEv
                0x0000000000002878        0x8 /tmp/arduino_build_899025/core/core.a(SERCOM.cpp.o)
                0x0000000000002878                SERCOM::isUARTError()
 .text._ZN6SERCOM20acknowledgeUARTErrorEv
                0x0000000000002880        0xe /tmp/arduino_build_899025/core/core.a(SERCOM.cpp.o)
                0x0000000000002880                SERCOM::acknowledgeUARTError()
 .text._ZN6SERCOM16isFrameErrorUARTEv
                0x000000000000288e        0xa /tmp/arduino_build_899025/core/core.a(SERCOM.cpp.o)
                0x000000000000288e                SERCOM::isFrameErrorUART()
 .text._ZN6SERCOM19clearFrameErrorUARTEv
                0x0000000000002898        0xc /tmp/arduino_build_899025/core/core.a(SERCOM.cpp.o)
                0x0000000000002898                SERCOM::clearFrameErrorUART()
 .text._ZN6SERCOM23isDataRegisterEmptyUARTEv
                0x00000000000028a4        0xa /tmp/arduino_build_899025/core/core.a(SERCOM.cpp.o)
                0x00000000000028a4                SERCOM::isDataRegisterEmptyUART()
 .text._ZN6SERCOM12readDataUARTEv
                0x00000000000028ae        0x8 /tmp/arduino_build_899025/core/core.a(SERCOM.cpp.o)
                0x00000000000028ae                SERCOM::readDataUART()
 .text._ZN6SERCOM13writeDataUARTEh
                0x00000000000028b6       0x10 /tmp/arduino_build_899025/core/core.a(SERCOM.cpp.o)
                0x00000000000028b6                SERCOM::writeDataUART(unsigned char)
 .text._ZN6SERCOM36enableDataRegisterEmptyInterruptUARTEv
                0x00000000000028c6        0x8 /tmp/arduino_build_899025/core/core.a(SERCOM.cpp.o)
                0x00000000000028c6                SERCOM::enableDataRegisterEmptyInterruptUART()
 .text._ZN6SERCOM37disableDataRegisterEmptyInterruptUARTEv
                0x00000000000028ce        0x8 /tmp/arduino_build_899025/core/core.a(SERCOM.cpp.o)
                0x00000000000028ce                SERCOM::disableDataRegisterEmptyInterruptUART()
 *fill*         0x00000000000028d6        0x2 
 .text._ZN6SERCOM14getSercomIndexEv
                0x00000000000028d8       0x5c /tmp/arduino_build_899025/core/core.a(SERCOM.cpp.o)
                0x00000000000028d8                SERCOM::getSercomIndex()
 .text._ZN6SERCOM13initClockNVICEv
                0x0000000000002934       0x90 /tmp/arduino_build_899025/core/core.a(SERCOM.cpp.o)
                0x0000000000002934                SERCOM::initClockNVIC()
 .text._ZN6SERCOM8initUARTE14SercomUartMode20SercomUartSampleRatem
                0x00000000000029c4       0x6c /tmp/arduino_build_899025/core/core.a(SERCOM.cpp.o)
                0x00000000000029c4                SERCOM::initUART(SercomUartMode, SercomUartSampleRate, unsigned long)
 .text._ZN4UartcvbEv
                0x0000000000002a30        0x4 /tmp/arduino_build_899025/core/core.a(Uart.cpp.o)
                0x0000000000002a30                Uart::operator bool()
 .text._ZN4Uart5beginEm
                0x0000000000002a34       0x10 /tmp/arduino_build_899025/core/core.a(Uart.cpp.o)
                0x0000000000002a34                Uart::begin(unsigned long)
 .text._ZN4Uart4peekEv
                0x0000000000002a44       0x1a /tmp/arduino_build_899025/core/core.a(Uart.cpp.o)
                0x0000000000002a44                Uart::peek()
 .text._ZN4Uart3endEv
                0x0000000000002a5e       0x20 /tmp/arduino_build_899025/core/core.a(Uart.cpp.o)
                0x0000000000002a5e                Uart::end()
 .text._ZN4Uart15extractCharSizeEt
                0x0000000000002a7e       0x28 /tmp/arduino_build_899025/core/core.a(Uart.cpp.o)
                0x0000000000002a7e                Uart::extractCharSize(unsigned short)
 .text._ZN4Uart13extractParityEt
                0x0000000000002aa6       0x14 /tmp/arduino_build_899025/core/core.a(Uart.cpp.o)
                0x0000000000002aa6                Uart::extractParity(unsigned short)
 *fill*         0x0000000000002aba        0x2 
 .text._ZN4Uart5beginEmt
                0x0000000000002abc       0xf8 /tmp/arduino_build_899025/core/core.a(Uart.cpp.o)
                0x0000000000002abc                Uart::begin(unsigned long, unsigned short)
 .text._ZN11RingBufferNILi350EEC2Ev
                0x0000000000002bb4       0x1c /tmp/arduino_build_899025/core/core.a(Uart.cpp.o)
                0x0000000000002bb4                RingBufferN<350>::RingBufferN()
                0x0000000000002bb4                RingBufferN<350>::RingBufferN()
 .text._ZN4UartC2EP6SERCOMhh11SercomRXPad15SercomUartTXPad
                0x0000000000002bd0       0x70 /tmp/arduino_build_899025/core/core.a(Uart.cpp.o)
                0x0000000000002bd0                Uart::Uart(SERCOM*, unsigned char, unsigned char, SercomRXPad, SercomUartTXPad)
                0x0000000000002bd0                Uart::Uart(SERCOM*, unsigned char, unsigned char, SercomRXPad, SercomUartTXPad)
 .text._ZN11RingBufferNILi350EE9availableEv
                0x0000000000002c40       0x12 /tmp/arduino_build_899025/core/core.a(Uart.cpp.o)
                0x0000000000002c40                RingBufferN<350>::available()
 .text._ZN4Uart5flushEv
                0x0000000000002c52       0x1a /tmp/arduino_build_899025/core/core.a(Uart.cpp.o)
                0x0000000000002c52                Uart::flush()
 .text._ZN4Uart9availableEv
                0x0000000000002c6c        0xa /tmp/arduino_build_899025/core/core.a(Uart.cpp.o)
                0x0000000000002c6c                Uart::available()
 .text._ZN11RingBufferNILi350EE17availableForStoreEv
                0x0000000000002c76       0x22 /tmp/arduino_build_899025/core/core.a(Uart.cpp.o)
                0x0000000000002c76                RingBufferN<350>::availableForStore()
 .text._ZN4Uart17availableForWriteEv
                0x0000000000002c98        0xc /tmp/arduino_build_899025/core/core.a(Uart.cpp.o)
                0x0000000000002c98                Uart::availableForWrite()
 .text._ZN4Uart10IrqHandlerEv
                0x0000000000002ca4       0xda /tmp/arduino_build_899025/core/core.a(Uart.cpp.o)
                0x0000000000002ca4                Uart::IrqHandler()
 *fill*         0x0000000000002d7e        0x2 
 .text._ZN4Uart5writeEh
                0x0000000000002d80       0xc4 /tmp/arduino_build_899025/core/core.a(Uart.cpp.o)
                0x0000000000002d80                Uart::write(unsigned char)
 .text._ZN4Uart4readEv
                0x0000000000002e44       0x52 /tmp/arduino_build_899025/core/core.a(Uart.cpp.o)
                0x0000000000002e44                Uart::read()
 .text._Z11initVariantv
                0x0000000000002e96        0x2 /tmp/arduino_build_899025/core/core.a(main.cpp.o)
                0x0000000000002e96                initVariant()
 .text.startup.main
                0x0000000000002e98       0x44 /tmp/arduino_build_899025/core/core.a(main.cpp.o)
                0x0000000000002e98                main
 .text._ZN5Print5writeEPKhj
                0x0000000000002edc       0x24 /tmp/arduino_build_899025/core/core.a(Print.cpp.o)
                0x0000000000002edc                Print::write(unsigned char const*, unsigned int)
 .text._ZN26DoubleBufferedEPOutHandler4initEv
                0x0000000000002f00        0x2 /tmp/arduino_build_899025/core/core.a(USBCore.cpp.o)
                0x0000000000002f00                DoubleBufferedEPOutHandler::init()
 .text._ZL5utox8mPc
                0x0000000000002f02       0x26 /tmp/arduino_build_899025/core/core.a(USBCore.cpp.o)
 .text._ZN26DoubleBufferedEPOutHandlerD2Ev
                0x0000000000002f28       0x14 /tmp/arduino_build_899025/core/core.a(USBCore.cpp.o)
                0x0000000000002f28                DoubleBufferedEPOutHandler::~DoubleBufferedEPOutHandler()
                0x0000000000002f28                DoubleBufferedEPOutHandler::~DoubleBufferedEPOutHandler()
 .text._ZN26DoubleBufferedEPOutHandlerD0Ev
                0x0000000000002f3c       0x12 /tmp/arduino_build_899025/core/core.a(USBCore.cpp.o)
                0x0000000000002f3c                DoubleBufferedEPOutHandler::~DoubleBufferedEPOutHandler()
 *fill*         0x0000000000002f4e        0x2 
 .text._ZN14USBDeviceClass6initEPEmm.part.0
                0x0000000000002f50       0xe8 /tmp/arduino_build_899025/core/core.a(USBCore.cpp.o)
 .text._ZN7__GuardC2Ev
                0x0000000000003038        0xe /tmp/arduino_build_899025/core/core.a(USBCore.cpp.o)
                0x0000000000003038                __Guard::__Guard()
                0x0000000000003038                __Guard::__Guard()
 .text._ZN7__GuardD2Ev
                0x0000000000003046        0xe /tmp/arduino_build_899025/core/core.a(USBCore.cpp.o)
                0x0000000000003046                __Guard::~__Guard()
                0x0000000000003046                __Guard::~__Guard()
 .text._ZNK26DoubleBufferedEPOutHandler9availableEv
                0x0000000000003054       0x5e /tmp/arduino_build_899025/core/core.a(USBCore.cpp.o)
                0x0000000000003054                DoubleBufferedEPOutHandler::available() const
 *fill*         0x00000000000030b2        0x2 
 .text._ZN26DoubleBufferedEPOutHandler7releaseEv
                0x00000000000030b4       0x54 /tmp/arduino_build_899025/core/core.a(USBCore.cpp.o)
                0x00000000000030b4                DoubleBufferedEPOutHandler::release()
 .text._ZN26DoubleBufferedEPOutHandler4recvEPvm
                0x0000000000003108      0x11a /tmp/arduino_build_899025/core/core.a(USBCore.cpp.o)
                0x0000000000003108                DoubleBufferedEPOutHandler::recv(void*, unsigned long)
 .text._ZN26DoubleBufferedEPOutHandler14handleEndpointEv
                0x0000000000003222       0xc2 /tmp/arduino_build_899025/core/core.a(USBCore.cpp.o)
                0x0000000000003222                DoubleBufferedEPOutHandler::handleEndpoint()
 .text._ZN14USBDeviceClass14SendInterfacesEPm
                0x00000000000032e4       0x2e /tmp/arduino_build_899025/core/core.a(USBCore.cpp.o)
                0x00000000000032e4                USBDeviceClass::SendInterfaces(unsigned long*)
 *fill*         0x0000000000003312        0x2 
 .text._ZN14USBDeviceClass14handleEndpointEh
                0x0000000000003314       0x44 /tmp/arduino_build_899025/core/core.a(USBCore.cpp.o)
                0x0000000000003314                USBDeviceClass::handleEndpoint(unsigned char)
 .text._ZN14USBDeviceClass4initEv
                0x0000000000003358       0xf0 /tmp/arduino_build_899025/core/core.a(USBCore.cpp.o)
                0x0000000000003358                USBDeviceClass::init()
 .text._ZN14USBDeviceClass6attachEv
                0x0000000000003448       0x34 /tmp/arduino_build_899025/core/core.a(USBCore.cpp.o)
                0x0000000000003448                USBDeviceClass::attach()
 .text._ZN14USBDeviceClass10setAddressEm
                0x000000000000347c       0x44 /tmp/arduino_build_899025/core/core.a(USBCore.cpp.o)
                0x000000000000347c                USBDeviceClass::setAddress(unsigned long)
 .text._ZN14USBDeviceClass25handleClassInterfaceSetupER8USBSetup
                0x00000000000034c0       0x44 /tmp/arduino_build_899025/core/core.a(USBCore.cpp.o)
                0x00000000000034c0                USBDeviceClass::handleClassInterfaceSetup(USBSetup&)
 .text._ZN14USBDeviceClass6initEPEmm
                0x0000000000003504       0xec /tmp/arduino_build_899025/core/core.a(USBCore.cpp.o)
                0x0000000000003504                USBDeviceClass::initEP(unsigned long, unsigned long)
 .text._ZN14USBDeviceClass13initEndpointsEv
                0x00000000000035f0       0x24 /tmp/arduino_build_899025/core/core.a(USBCore.cpp.o)
                0x00000000000035f0                USBDeviceClass::initEndpoints()
 .text._ZN14USBDeviceClass9availableEm
                0x0000000000003614       0x2c /tmp/arduino_build_899025/core/core.a(USBCore.cpp.o)
                0x0000000000003614                USBDeviceClass::available(unsigned long)
 .text._ZN14USBDeviceClass5flushEm
                0x0000000000003640       0x2c /tmp/arduino_build_899025/core/core.a(USBCore.cpp.o)
                0x0000000000003640                USBDeviceClass::flush(unsigned long)
 .text._ZN14USBDeviceClass14armRecvCtrlOUTEm
                0x000000000000366c       0x5c /tmp/arduino_build_899025/core/core.a(USBCore.cpp.o)
                0x000000000000366c                USBDeviceClass::armRecvCtrlOUT(unsigned long)
 .text._ZN14USBDeviceClass11recvControlEPvm
                0x00000000000036c8       0x3c /tmp/arduino_build_899025/core/core.a(USBCore.cpp.o)
                0x00000000000036c8                USBDeviceClass::recvControl(void*, unsigned long)
 .text._ZN14USBDeviceClass7armRecvEm
                0x0000000000003704       0x38 /tmp/arduino_build_899025/core/core.a(USBCore.cpp.o)
                0x0000000000003704                USBDeviceClass::armRecv(unsigned long)
 .text._ZN14USBDeviceClass4recvEmPvm
                0x000000000000373c       0xd8 /tmp/arduino_build_899025/core/core.a(USBCore.cpp.o)
                0x000000000000373c                USBDeviceClass::recv(unsigned long, void*, unsigned long)
 .text._ZN14USBDeviceClass4recvEm
                0x0000000000003814       0x1c /tmp/arduino_build_899025/core/core.a(USBCore.cpp.o)
                0x0000000000003814                USBDeviceClass::recv(unsigned long)
 .text._ZN14USBDeviceClass4sendEmPKvm
                0x0000000000003830      0x110 /tmp/arduino_build_899025/core/core.a(USBCore.cpp.o)
                0x0000000000003830                USBDeviceClass::send(unsigned long, void const*, unsigned long)
 .text._ZN14USBDeviceClass7armSendEmPKvm
                0x0000000000003940       0x48 /tmp/arduino_build_899025/core/core.a(USBCore.cpp.o)
                0x0000000000003940                USBDeviceClass::armSend(unsigned long, void const*, unsigned long)
 .text._ZN14USBDeviceClass11sendControlEPKvm
                0x0000000000003988       0x54 /tmp/arduino_build_899025/core/core.a(USBCore.cpp.o)
                0x0000000000003988                USBDeviceClass::sendControl(void const*, unsigned long)
 .text._ZN14USBDeviceClass20sendStringDescriptorEPKhh
                0x00000000000039dc       0x68 /tmp/arduino_build_899025/core/core.a(USBCore.cpp.o)
                0x00000000000039dc                USBDeviceClass::sendStringDescriptor(unsigned char const*, unsigned char)
 .text._ZN14USBDeviceClass17sendConfigurationEm
                0x0000000000003a44       0x80 /tmp/arduino_build_899025/core/core.a(USBCore.cpp.o)
                0x0000000000003a44                USBDeviceClass::sendConfiguration(unsigned long)
 .text._ZN14USBDeviceClass14sendDescriptorER8USBSetup
                0x0000000000003ac4       0xe4 /tmp/arduino_build_899025/core/core.a(USBCore.cpp.o)
                0x0000000000003ac4                USBDeviceClass::sendDescriptor(USBSetup&)
 .text._ZN14USBDeviceClass19handleStandardSetupER8USBSetup
                0x0000000000003ba8      0x118 /tmp/arduino_build_899025/core/core.a(USBCore.cpp.o)
                0x0000000000003ba8                USBDeviceClass::handleStandardSetup(USBSetup&)
 .text._ZN14USBDeviceClass10ISRHandlerEv
                0x0000000000003cc0      0x150 /tmp/arduino_build_899025/core/core.a(USBCore.cpp.o)
                0x0000000000003cc0                USBDeviceClass::ISRHandler()
 .text.UDD_Handler
                0x0000000000003e10       0x10 /tmp/arduino_build_899025/core/core.a(USBCore.cpp.o)
                0x0000000000003e10                UDD_Handler
 .text.startup._GLOBAL__sub_I_usbd
                0x0000000000003e20       0x10 /tmp/arduino_build_899025/core/core.a(USBCore.cpp.o)
 .text._Znwj    0x0000000000003e30        0x8 /tmp/arduino_build_899025/core/core.a(new.cpp.o)
                0x0000000000003e30                operator new(unsigned int)
 .text._ZdlPv   0x0000000000003e38        0x8 /tmp/arduino_build_899025/core/core.a(new.cpp.o)
                0x0000000000003e38                operator delete(void*)
 .text._ZN7Serial_17availableForWriteEv
                0x0000000000003e40        0x4 /tmp/arduino_build_899025/core/core.a(CDC.cpp.o)
                0x0000000000003e40                Serial_::availableForWrite()
 .text._ZN7Serial_5writeEh
                0x0000000000003e44       0x14 /tmp/arduino_build_899025/core/core.a(CDC.cpp.o)
                0x0000000000003e44                Serial_::write(unsigned char)
 .text._ZN7Serial_9availableEv
                0x0000000000003e58        0xc /tmp/arduino_build_899025/core/core.a(CDC.cpp.o)
                0x0000000000003e58                Serial_::available()
 .text._ZN7Serial_5flushEv
                0x0000000000003e64        0xc /tmp/arduino_build_899025/core/core.a(CDC.cpp.o)
                0x0000000000003e64                Serial_::flush()
 .text._ZN7Serial_5writeEPKhj
                0x0000000000003e70       0x2c /tmp/arduino_build_899025/core/core.a(CDC.cpp.o)
                0x0000000000003e70                Serial_::write(unsigned char const*, unsigned int)
 .text._ZN7Serial_4peekEv
                0x0000000000003e9c       0x1c /tmp/arduino_build_899025/core/core.a(CDC.cpp.o)
                0x0000000000003e9c                Serial_::peek()
 .text._ZN7Serial_4readEv
                0x0000000000003eb8       0x24 /tmp/arduino_build_899025/core/core.a(CDC.cpp.o)
                0x0000000000003eb8                Serial_::read()
 .text._Z16CDC_GetInterfacePh
                0x0000000000003edc       0x1c /tmp/arduino_build_899025/core/core.a(CDC.cpp.o)
                0x0000000000003edc                CDC_GetInterface(unsigned char*)
 .text._Z9CDC_SetupR8USBSetup
                0x0000000000003ef8       0x7c /tmp/arduino_build_899025/core/core.a(CDC.cpp.o)
                0x0000000000003ef8                CDC_Setup(USBSetup&)
 .text.startup._GLOBAL__sub_I__Z17_CDC_GetInterfacev
                0x0000000000003f74       0x28 /tmp/arduino_build_899025/core/core.a(CDC.cpp.o)
 .text._ZN13PluggableUSB_12getInterfaceEPh
                0x0000000000003f9c       0x28 /tmp/arduino_build_899025/core/core.a(PluggableUSB.cpp.o)
                0x0000000000003f9c                PluggableUSB_::getInterface(unsigned char*)
 .text._ZN13PluggableUSB_13getDescriptorER8USBSetup
                0x0000000000003fc4       0x20 /tmp/arduino_build_899025/core/core.a(PluggableUSB.cpp.o)
                0x0000000000003fc4                PluggableUSB_::getDescriptor(USBSetup&)
 .text._ZN13PluggableUSB_5setupER8USBSetup
                0x0000000000003fe4       0x20 /tmp/arduino_build_899025/core/core.a(PluggableUSB.cpp.o)
                0x0000000000003fe4                PluggableUSB_::setup(USBSetup&)
 .text._Z12PluggableUSBv
                0x0000000000004004       0x28 /tmp/arduino_build_899025/core/core.a(PluggableUSB.cpp.o)
                0x0000000000004004                PluggableUSB()
 .text._ZN20USBDevice_SAMD21G18x5resetEv
                0x000000000000402c       0x2a /tmp/arduino_build_899025/core/core.a(SAMD21_USBDevice.cpp.o)
                0x000000000000402c                USBDevice_SAMD21G18x::reset()
 *fill*         0x0000000000004056        0x2 
 .text._ZN20USBDevice_SAMD21G18x9calibrateEv
                0x0000000000004058       0x60 /tmp/arduino_build_899025/core/core.a(SAMD21_USBDevice.cpp.o)
                0x0000000000004058                USBDevice_SAMD21G18x::calibrate()
 .text          0x00000000000040b8       0x14 /home/ckraemer/.arduino15/packages/adafruit/tools/arm-none-eabi-gcc/9-2019q4/bin/../lib/gcc/arm-none-eabi/9.2.1/thumb/v6-m/nofp/libgcc.a(_thumb1_case_uqi.o)
                0x00000000000040b8                __gnu_thumb1_case_uqi
 .text          0x00000000000040cc      0x114 /home/ckraemer/.arduino15/packages/adafruit/tools/arm-none-eabi-gcc/9-2019q4/bin/../lib/gcc/arm-none-eabi/9.2.1/thumb/v6-m/nofp/libgcc.a(_udivsi3.o)
                0x00000000000040cc                __udivsi3
                0x00000000000040cc                __aeabi_uidiv
                0x00000000000041d8                __aeabi_uidivmod
 .text          0x00000000000041e0        0x4 /home/ckraemer/.arduino15/packages/adafruit/tools/arm-none-eabi-gcc/9-2019q4/bin/../lib/gcc/arm-none-eabi/9.2.1/thumb/v6-m/nofp/libgcc.a(_dvmd_tls.o)
                0x00000000000041e0                __aeabi_ldiv0
                0x00000000000041e0                __aeabi_idiv0
 .text.__libc_init_array
                0x00000000000041e4       0x48 /home/ckraemer/.arduino15/packages/adafruit/tools/arm-none-eabi-gcc/9-2019q4/bin/../lib/gcc/arm-none-eabi/9.2.1/../../../../arm-none-eabi/lib/thumb/v6-m/nofp/libc_nano.a(lib_a-init.o)
                0x00000000000041e4                __libc_init_array
 .text.malloc   0x000000000000422c       0x14 /home/ckraemer/.arduino15/packages/adafruit/tools/arm-none-eabi-gcc/9-2019q4/bin/../lib/gcc/arm-none-eabi/9.2.1/../../../../arm-none-eabi/lib/thumb/v6-m/nofp/libc_nano.a(lib_a-malloc.o)
                0x000000000000422c                malloc
 .text.free     0x0000000000004240       0x14 /home/ckraemer/.arduino15/packages/adafruit/tools/arm-none-eabi-gcc/9-2019q4/bin/../lib/gcc/arm-none-eabi/9.2.1/../../../../arm-none-eabi/lib/thumb/v6-m/nofp/libc_nano.a(lib_a-malloc.o)
                0x0000000000004240                free
 .text.memcpy   0x0000000000004254       0x12 /home/ckraemer/.arduino15/packages/adafruit/tools/arm-none-eabi-gcc/9-2019q4/bin/../lib/gcc/arm-none-eabi/9.2.1/../../../../arm-none-eabi/lib/thumb/v6-m/nofp/libc_nano.a(lib_a-memcpy-stub.o)
                0x0000000000004254                memcpy
 .text.memset   0x0000000000004266       0x10 /home/ckraemer/.arduino15/packages/adafruit/tools/arm-none-eabi-gcc/9-2019q4/bin/../lib/gcc/arm-none-eabi/9.2.1/../../../../arm-none-eabi/lib/thumb/v6-m/nofp/libc_nano.a(lib_a-memset.o)
                0x0000000000004266                memset
 *fill*         0x0000000000004276        0x2 
 .text._free_r  0x0000000000004278       0x94 /home/ckraemer/.arduino15/packages/adafruit/tools/arm-none-eabi-gcc/9-2019q4/bin/../lib/gcc/arm-none-eabi/9.2.1/../../../../arm-none-eabi/lib/thumb/v6-m/nofp/libc_nano.a(lib_a-nano-freer.o)
                0x0000000000004278                _free_r
 .text._malloc_r
                0x000000000000430c       0xbc /home/ckraemer/.arduino15/packages/adafruit/tools/arm-none-eabi-gcc/9-2019q4/bin/../lib/gcc/arm-none-eabi/9.2.1/../../../../arm-none-eabi/lib/thumb/v6-m/nofp/libc_nano.a(lib_a-nano-mallocr.o)
                0x000000000000430c                _malloc_r
 .text._sbrk_r  0x00000000000043c8       0x24 /home/ckraemer/.arduino15/packages/adafruit/tools/arm-none-eabi-gcc/9-2019q4/bin/../lib/gcc/arm-none-eabi/9.2.1/../../../../arm-none-eabi/lib/thumb/v6-m/nofp/libc_nano.a(lib_a-sbrkr.o)
                0x00000000000043c8                _sbrk_r
 .text          0x00000000000043ec        0xe /home/ckraemer/.arduino15/packages/adafruit/tools/arm-none-eabi-gcc/9-2019q4/bin/../lib/gcc/arm-none-eabi/9.2.1/../../../../arm-none-eabi/lib/thumb/v6-m/nofp/libc_nano.a(lib_a-strlen.o)
                0x00000000000043ec                strlen
 *fill*         0x00000000000043fa        0x2 
 .text.__malloc_lock
                0x00000000000043fc       0x10 /home/ckraemer/.arduino15/packages/adafruit/tools/arm-none-eabi-gcc/9-2019q4/bin/../lib/gcc/arm-none-eabi/9.2.1/../../../../arm-none-eabi/lib/thumb/v6-m/nofp/libc_nano.a(lib_a-mlock.o)
                0x00000000000043fc                __malloc_lock
 .text.__malloc_unlock
                0x000000000000440c       0x10 /home/ckraemer/.arduino15/packages/adafruit/tools/arm-none-eabi-gcc/9-2019q4/bin/../lib/gcc/arm-none-eabi/9.2.1/../../../../arm-none-eabi/lib/thumb/v6-m/nofp/libc_nano.a(lib_a-mlock.o)
                0x000000000000440c                __malloc_unlock
 .text.__retarget_lock_acquire_recursive
                0x000000000000441c        0x2 /home/ckraemer/.arduino15/packages/adafruit/tools/arm-none-eabi-gcc/9-2019q4/bin/../lib/gcc/arm-none-eabi/9.2.1/../../../../arm-none-eabi/lib/thumb/v6-m/nofp/libc_nano.a(lib_a-lock.o)
                0x000000000000441c                __retarget_lock_acquire_recursive
 .text.__retarget_lock_release_recursive
                0x000000000000441e        0x2 /home/ckraemer/.arduino15/packages/adafruit/tools/arm-none-eabi-gcc/9-2019q4/bin/../lib/gcc/arm-none-eabi/9.2.1/../../../../arm-none-eabi/lib/thumb/v6-m/nofp/libc_nano.a(lib_a-lock.o)
                0x000000000000441e                __retarget_lock_release_recursive
 .text._sbrk    0x0000000000004420       0x1c /home/ckraemer/.arduino15/packages/adafruit/tools/arm-none-eabi-gcc/9-2019q4/bin/../lib/gcc/arm-none-eabi/9.2.1/../../../../arm-none-eabi/lib/thumb/v6-m/nofp/libnosys.a(sbrk.o)
                0x0000000000004420                _sbrk
 *(.init)
 .init          0x000000000000443c        0x4 /home/ckraemer/.arduino15/packages/adafruit/tools/arm-none-eabi-gcc/9-2019q4/bin/../lib/gcc/arm-none-eabi/9.2.1/thumb/v6-m/nofp/crti.o
                0x000000000000443c                _init
 .init          0x0000000000004440        0x8 /home/ckraemer/.arduino15/packages/adafruit/tools/arm-none-eabi-gcc/9-2019q4/bin/../lib/gcc/arm-none-eabi/9.2.1/thumb/v6-m/nofp/crtn.o
 *(.fini)
 .fini          0x0000000000004448        0x4 /home/ckraemer/.arduino15/packages/adafruit/tools/arm-none-eabi-gcc/9-2019q4/bin/../lib/gcc/arm-none-eabi/9.2.1/thumb/v6-m/nofp/crti.o
                0x0000000000004448                _fini
 .fini          0x000000000000444c        0x8 /home/ckraemer/.arduino15/packages/adafruit/tools/arm-none-eabi-gcc/9-2019q4/bin/../lib/gcc/arm-none-eabi/9.2.1/thumb/v6-m/nofp/crtn.o
 *crtbegin.o(.ctors)
 *crtbegin?.o(.ctors)
 *(EXCLUDE_FILE(*crtend.o *crtend?.o) .ctors)
 *(SORT_BY_NAME(.ctors.*))
 *(.ctors)
 *crtbegin.o(.dtors)
 *crtbegin?.o(.dtors)
 *(EXCLUDE_FILE(*crtend.o *crtend?.o) .dtors)
 *(SORT_BY_NAME(.dtors.*))
 *(.dtors)
 *(.rodata*)
 .rodata.g_APinDescription
                0x0000000000004454      0x408 /tmp/arduino_build_899025/core/variant.cpp.o
                0x0000000000004454                g_APinDescription
 .rodata._ZL10sercomData
                0x000000000000485c       0x30 /tmp/arduino_build_899025/core/core.a(SERCOM.cpp.o)
 .rodata._ZTV4Uart
                0x000000000000488c       0x34 /tmp/arduino_build_899025/core/core.a(Uart.cpp.o)
                0x000000000000488c                vtable for Uart
 .rodata._ZN14USBDeviceClass19handleStandardSetupER8USBSetup.str1.1
                0x00000000000048c0        0x1 /tmp/arduino_build_899025/core/core.a(USBCore.cpp.o)
 *fill*         0x00000000000048c1        0x3 
 .rodata._ZTV26DoubleBufferedEPOutHandler
                0x00000000000048c4       0x20 /tmp/arduino_build_899025/core/core.a(USBCore.cpp.o)
                0x00000000000048c4                vtable for DoubleBufferedEPOutHandler
 .rodata._ZL14STRING_PRODUCT
                0x00000000000048e4       0x13 /tmp/arduino_build_899025/core/core.a(USBCore.cpp.o)
 *fill*         0x00000000000048f7        0x1 
 .rodata._ZL15STRING_LANGUAGE
                0x00000000000048f8        0x4 /tmp/arduino_build_899025/core/core.a(USBCore.cpp.o)
 .rodata._ZL19STRING_MANUFACTURER
                0x00000000000048fc        0x9 /tmp/arduino_build_899025/core/core.a(USBCore.cpp.o)
 .rodata._ZL21USB_DeviceDescriptorB
                0x0000000000004905       0x12 /tmp/arduino_build_899025/core/core.a(USBCore.cpp.o)
 *fill*         0x0000000000004917        0x1 
 .rodata._ZTV7Serial_
                0x0000000000004918       0x24 /tmp/arduino_build_899025/core/core.a(CDC.cpp.o)
                0x0000000000004918                vtable for Serial_
 *(.eh_frame*)
 .eh_frame      0x000000000000493c        0x0 /home/ckraemer/.arduino15/packages/adafruit/tools/arm-none-eabi-gcc/9-2019q4/bin/../lib/gcc/arm-none-eabi/9.2.1/thumb/v6-m/nofp/crtbegin.o
 .eh_frame      0x000000000000493c        0x4 /home/ckraemer/.arduino15/packages/adafruit/tools/arm-none-eabi-gcc/9-2019q4/bin/../lib/gcc/arm-none-eabi/9.2.1/thumb/v6-m/nofp/crtend.o

.glue_7         0x0000000000004940        0x0
 .glue_7        0x0000000000004940        0x0 linker stubs

.glue_7t        0x0000000000004940        0x0
 .glue_7t       0x0000000000004940        0x0 linker stubs

.vfp11_veneer   0x0000000000004940        0x0
 .vfp11_veneer  0x0000000000004940        0x0 linker stubs

.v4_bx          0x0000000000004940        0x0
 .v4_bx         0x0000000000004940        0x0 linker stubs

.iplt           0x0000000000004940        0x0
 .iplt          0x0000000000004940        0x0 /home/ckraemer/.arduino15/packages/adafruit/tools/arm-none-eabi-gcc/9-2019q4/bin/../lib/gcc/arm-none-eabi/9.2.1/thumb/v6-m/nofp/crtbegin.o

.rel.dyn        0x0000000000004940        0x0
 .rel.iplt      0x0000000000004940        0x0 /home/ckraemer/.arduino15/packages/adafruit/tools/arm-none-eabi-gcc/9-2019q4/bin/../lib/gcc/arm-none-eabi/9.2.1/thumb/v6-m/nofp/crtbegin.o

.ARM.extab
 *(.ARM.extab* .gnu.linkonce.armextab.*)
                0x0000000000004940                __exidx_start = .

.ARM.exidx
 *(.ARM.exidx* .gnu.linkonce.armexidx.*)
                0x0000000000004940                __exidx_end = .
                0x0000000000004940                __etext = .

.data           0x0000000020000000      0x100 load address 0x0000000000004940
                0x0000000020000000                __data_start__ = .
 *(vtable)
 *(.data*)
 .data.led      0x0000000020000000        0x4 /tmp/arduino_build_899025/sketch/Blink.ino.cpp.o
                0x0000000020000000                led
 .data.SystemCoreClock
                0x0000000020000004        0x4 /tmp/arduino_build_899025/core/core.a(wiring.c.o)
                0x0000000020000004                SystemCoreClock
 .data._ZL5ticks
                0x0000000020000008        0x4 /tmp/arduino_build_899025/core/core.a(Reset.cpp.o)
 .data.EndPoints
                0x000000002000000c       0x28 /tmp/arduino_build_899025/core/core.a(USBCore.cpp.o)
                0x000000002000000c                EndPoints
 .data._ZL10breakValue
                0x0000000020000034        0x4 /tmp/arduino_build_899025/core/core.a(CDC.cpp.o)
 .data._ZL12_usbLineInfo
                0x0000000020000038        0x8 /tmp/arduino_build_899025/core/core.a(CDC.cpp.o)
 .data._ZL13_cdcInterface
                0x0000000020000040       0x42 /tmp/arduino_build_899025/core/core.a(CDC.cpp.o)
 *fill*         0x0000000020000082        0x2 
 .data._serialPeek
                0x0000000020000084        0x4 /tmp/arduino_build_899025/core/core.a(CDC.cpp.o)
                0x0000000020000084                _serialPeek
 .data._impure_ptr
                0x0000000020000088        0x4 /home/ckraemer/.arduino15/packages/adafruit/tools/arm-none-eabi-gcc/9-2019q4/bin/../lib/gcc/arm-none-eabi/9.2.1/../../../../arm-none-eabi/lib/thumb/v6-m/nofp/libc_nano.a(lib_a-impure.o)
                0x0000000020000088                _impure_ptr
 .data.impure_data
                0x000000002000008c       0x60 /home/ckraemer/.arduino15/packages/adafruit/tools/arm-none-eabi-gcc/9-2019q4/bin/../lib/gcc/arm-none-eabi/9.2.1/../../../../arm-none-eabi/lib/thumb/v6-m/nofp/libc_nano.a(lib_a-impure.o)
                0x00000000200000ec                . = ALIGN (0x4)
                0x00000000200000ec                PROVIDE (__preinit_array_start = .)
 *(.preinit_array)
                0x00000000200000ec                PROVIDE (__preinit_array_end = .)
                0x00000000200000ec                . = ALIGN (0x4)
                0x00000000200000ec                PROVIDE (__init_array_start = .)
 *(SORT_BY_NAME(.init_array.*))
 *(.init_array)
 .init_array    0x00000000200000ec        0x4 /home/ckraemer/.arduino15/packages/adafruit/tools/arm-none-eabi-gcc/9-2019q4/bin/../lib/gcc/arm-none-eabi/9.2.1/thumb/v6-m/nofp/crtbegin.o
 .init_array    0x00000000200000f0        0x4 /tmp/arduino_build_899025/core/variant.cpp.o
 .init_array    0x00000000200000f4        0x4 /tmp/arduino_build_899025/core/core.a(USBCore.cpp.o)
 .init_array    0x00000000200000f8        0x4 /tmp/arduino_build_899025/core/core.a(CDC.cpp.o)
                0x00000000200000fc                PROVIDE (__init_array_end = .)
                0x00000000200000fc                . = ALIGN (0x4)
                [!provide]                        PROVIDE (__fini_array_start = .)
 *(SORT_BY_NAME(.fini_array.*))
 *(.fini_array)
 .fini_array    0x00000000200000fc        0x4 /home/ckraemer/.arduino15/packages/adafruit/tools/arm-none-eabi-gcc/9-2019q4/bin/../lib/gcc/arm-none-eabi/9.2.1/thumb/v6-m/nofp/crtbegin.o
                [!provide]                        PROVIDE (__fini_array_end = .)
 *(.jcr*)
                0x0000000020000100                . = ALIGN (0x10)
                0x0000000020000100                __data_end__ = .

.igot.plt       0x0000000020000100        0x0 load address 0x0000000000004a40
 .igot.plt      0x0000000020000100        0x0 /home/ckraemer/.arduino15/packages/adafruit/tools/arm-none-eabi-gcc/9-2019q4/bin/../lib/gcc/arm-none-eabi/9.2.1/thumb/v6-m/nofp/crtbegin.o

.bss            0x0000000020000100      0x938 load address 0x0000000000004a40
                0x0000000020000100                . = ALIGN (0x4)
                0x0000000020000100                __bss_start__ = .
 *(.bss*)
 .bss           0x0000000020000100       0x1c /home/ckraemer/.arduino15/packages/adafruit/tools/arm-none-eabi-gcc/9-2019q4/bin/../lib/gcc/arm-none-eabi/9.2.1/thumb/v6-m/nofp/crtbegin.o
 .bss.Serial1   0x000000002000011c      0x2fc /tmp/arduino_build_899025/core/variant.cpp.o
                0x000000002000011c                Serial1
 .bss.sercom0   0x0000000020000418        0x4 /tmp/arduino_build_899025/core/variant.cpp.o
                0x0000000020000418                sercom0
 .bss.sercom1   0x000000002000041c        0x4 /tmp/arduino_build_899025/core/variant.cpp.o
                0x000000002000041c                sercom1
 .bss.sercom2   0x0000000020000420        0x4 /tmp/arduino_build_899025/core/variant.cpp.o
                0x0000000020000420                sercom2
 .bss.sercom3   0x0000000020000424        0x4 /tmp/arduino_build_899025/core/variant.cpp.o
                0x0000000020000424                sercom3
 .bss.sercom4   0x0000000020000428        0x4 /tmp/arduino_build_899025/core/variant.cpp.o
                0x0000000020000428                sercom4
 .bss.sercom5   0x000000002000042c        0x4 /tmp/arduino_build_899025/core/variant.cpp.o
                0x000000002000042c                sercom5
 .bss.usb_isr   0x0000000020000430        0x4 /tmp/arduino_build_899025/core/core.a(cortex_handlers.c.o)
 .bss._ulTickCount
                0x0000000020000434        0x4 /tmp/arduino_build_899025/core/core.a(delay.c.o)
 .bss.USBDevice
                0x0000000020000438        0x1 /tmp/arduino_build_899025/core/core.a(USBCore.cpp.o)
                0x0000000020000438                USBDevice
 *fill*         0x0000000020000439        0x3 
 .bss._ZL10epHandlers
                0x000000002000043c       0x1c /tmp/arduino_build_899025/core/core.a(USBCore.cpp.o)
 .bss._ZL10rxLEDPulse
                0x0000000020000458        0x1 /tmp/arduino_build_899025/core/core.a(USBCore.cpp.o)
 .bss._ZL10txLEDPulse
                0x0000000020000459        0x1 /tmp/arduino_build_899025/core/core.a(USBCore.cpp.o)
 .bss._ZL14isEndpointHalt
                0x000000002000045a        0x1 /tmp/arduino_build_899025/core/core.a(USBCore.cpp.o)
 .bss._ZL20LastTransmitTimedOut
                0x000000002000045b        0x7 /tmp/arduino_build_899025/core/core.a(USBCore.cpp.o)
 .bss._ZL21isRemoteWakeUpEnabled
                0x0000000020000462        0x1 /tmp/arduino_build_899025/core/core.a(USBCore.cpp.o)
 *fill*         0x0000000020000463        0x1 
 .bss._ZL22udd_ep_in_cache_buffer
                0x0000000020000464      0x1c0 /tmp/arduino_build_899025/core/core.a(USBCore.cpp.o)
 .bss._ZL23udd_ep_out_cache_buffer
                0x0000000020000624      0x1c0 /tmp/arduino_build_899025/core/core.a(USBCore.cpp.o)
 .bss._dry_run  0x00000000200007e4        0x1 /tmp/arduino_build_899025/core/core.a(USBCore.cpp.o)
                0x00000000200007e4                _dry_run
 .bss._pack_buffer
                0x00000000200007e5      0x100 /tmp/arduino_build_899025/core/core.a(USBCore.cpp.o)
                0x00000000200007e5                _pack_buffer
 .bss._pack_message
                0x00000000200008e5        0x1 /tmp/arduino_build_899025/core/core.a(USBCore.cpp.o)
                0x00000000200008e5                _pack_message
 .bss._pack_size
                0x00000000200008e6        0x2 /tmp/arduino_build_899025/core/core.a(USBCore.cpp.o)
                0x00000000200008e6                _pack_size
 .bss._usbConfiguration
                0x00000000200008e8        0x4 /tmp/arduino_build_899025/core/core.a(USBCore.cpp.o)
                0x00000000200008e8                _usbConfiguration
 .bss._usbSetInterface
                0x00000000200008ec        0x4 /tmp/arduino_build_899025/core/core.a(USBCore.cpp.o)
                0x00000000200008ec                _usbSetInterface
 .bss.usbd      0x00000000200008f0      0x104 /tmp/arduino_build_899025/core/core.a(USBCore.cpp.o)
                0x00000000200008f0                usbd
 .bss.Serial    0x00000000200009f4       0x1c /tmp/arduino_build_899025/core/core.a(CDC.cpp.o)
                0x00000000200009f4                Serial
 .bss._ZGVZ12PluggableUSBvE3obj
                0x0000000020000a10        0x4 /tmp/arduino_build_899025/core/core.a(PluggableUSB.cpp.o)
 .bss._ZZ12PluggableUSBvE3obj
                0x0000000020000a14        0x8 /tmp/arduino_build_899025/core/core.a(PluggableUSB.cpp.o)
 .bss.__malloc_free_list
                0x0000000020000a1c        0x4 /home/ckraemer/.arduino15/packages/adafruit/tools/arm-none-eabi-gcc/9-2019q4/bin/../lib/gcc/arm-none-eabi/9.2.1/../../../../arm-none-eabi/lib/thumb/v6-m/nofp/libc_nano.a(lib_a-nano-mallocr.o)
                0x0000000020000a1c                __malloc_free_list
 .bss.__malloc_sbrk_start
                0x0000000020000a20        0x4 /home/ckraemer/.arduino15/packages/adafruit/tools/arm-none-eabi-gcc/9-2019q4/bin/../lib/gcc/arm-none-eabi/9.2.1/../../../../arm-none-eabi/lib/thumb/v6-m/nofp/libc_nano.a(lib_a-nano-mallocr.o)
                0x0000000020000a20                __malloc_sbrk_start
 .bss.heap_end.4144
                0x0000000020000a24        0x4 /home/ckraemer/.arduino15/packages/adafruit/tools/arm-none-eabi-gcc/9-2019q4/bin/../lib/gcc/arm-none-eabi/9.2.1/../../../../arm-none-eabi/lib/thumb/v6-m/nofp/libnosys.a(sbrk.o)
 *(COMMON)
 COMMON         0x0000000020000a28        0x4 /home/ckraemer/.arduino15/packages/adafruit/tools/arm-none-eabi-gcc/9-2019q4/bin/../lib/gcc/arm-none-eabi/9.2.1/../../../../arm-none-eabi/lib/thumb/v6-m/nofp/libc_nano.a(lib_a-reent.o)
                0x0000000020000a28                errno
 COMMON         0x0000000020000a2c        0x9 /home/ckraemer/.arduino15/packages/adafruit/tools/arm-none-eabi-gcc/9-2019q4/bin/../lib/gcc/arm-none-eabi/9.2.1/../../../../arm-none-eabi/lib/thumb/v6-m/nofp/libc_nano.a(lib_a-lock.o)
                0x0000000020000a2c                __lock___atexit_recursive_mutex
                0x0000000020000a2d                __lock___arc4random_mutex
                0x0000000020000a2e                __lock___env_recursive_mutex
                0x0000000020000a2f                __lock___sinit_recursive_mutex
                0x0000000020000a30                __lock___malloc_recursive_mutex
                0x0000000020000a31                __lock___at_quick_exit_mutex
                0x0000000020000a32                __lock___dd_hash_mutex
                0x0000000020000a33                __lock___tz_mutex
                0x0000000020000a34                __lock___sfp_recursive_mutex
                0x0000000020000a38                . = ALIGN (0x4)
 *fill*         0x0000000020000a35        0x3 
                0x0000000020000a38                __bss_end__ = .

.heap           0x0000000020000a38        0x0
                0x0000000020000a38                __end__ = .
                0x0000000020000a38                PROVIDE (end = .)
 *(.heap*)
                0x0000000020000a38                __HeapLimit = .

.stack_dummy    0x0000000020000a38        0x0
 *(.stack*)
                0x0000000020008000                __StackTop = (ORIGIN (RAM) + LENGTH (RAM))
                0x0000000020008000                __StackLimit = (__StackTop - SIZEOF (.stack_dummy))
                0x0000000020008000                PROVIDE (__stack = __StackTop)
                0x0000000020007fff                __ram_end__ = ((ORIGIN (RAM) + LENGTH (RAM)) - 0x1)
                0x0000000000000001                ASSERT ((__StackLimit >= __HeapLimit), region RAM overflowed with stack)
OUTPUT(/tmp/arduino_build_899025/Blink.ino.elf elf32-littlearm)

.ARM.attributes
                0x0000000000000000       0x28
 .ARM.attributes
                0x0000000000000000       0x1e /home/ckraemer/.arduino15/packages/adafruit/tools/arm-none-eabi-gcc/9-2019q4/bin/../lib/gcc/arm-none-eabi/9.2.1/thumb/v6-m/nofp/crti.o
 .ARM.attributes
                0x000000000000001e       0x2c /home/ckraemer/.arduino15/packages/adafruit/tools/arm-none-eabi-gcc/9-2019q4/bin/../lib/gcc/arm-none-eabi/9.2.1/thumb/v6-m/nofp/crtbegin.o
 .ARM.attributes
                0x000000000000004a       0x2c /tmp/arduino_build_899025/sketch/Blink.ino.cpp.o
 .ARM.attributes
                0x0000000000000076       0x2c /tmp/arduino_build_899025/core/variant.cpp.o
 .ARM.attributes
                0x00000000000000a2       0x2c /tmp/arduino_build_899025/core/core.a(cortex_handlers.c.o)
 .ARM.attributes
                0x00000000000000ce       0x2c /tmp/arduino_build_899025/core/core.a(delay.c.o)
 .ARM.attributes
                0x00000000000000fa       0x2c /tmp/arduino_build_899025/core/core.a(hooks.c.o)
 .ARM.attributes
                0x0000000000000126       0x2c /tmp/arduino_build_899025/core/core.a(startup.c.o)
 .ARM.attributes
                0x0000000000000152       0x2c /tmp/arduino_build_899025/core/core.a(wiring.c.o)
 .ARM.attributes
                0x000000000000017e       0x2c /tmp/arduino_build_899025/core/core.a(wiring_analog.c.o)
 .ARM.attributes
                0x00000000000001aa       0x2c /tmp/arduino_build_899025/core/core.a(wiring_digital.c.o)
 .ARM.attributes
                0x00000000000001d6       0x2c /tmp/arduino_build_899025/core/core.a(wiring_private.c.o)
 .ARM.attributes
                0x0000000000000202       0x2c /tmp/arduino_build_899025/core/core.a(Reset.cpp.o)
 .ARM.attributes
                0x000000000000022e       0x2c /tmp/arduino_build_899025/core/core.a(SERCOM.cpp.o)
 .ARM.attributes
                0x000000000000025a       0x2c /tmp/arduino_build_899025/core/core.a(Uart.cpp.o)
 .ARM.attributes
                0x0000000000000286       0x2c /tmp/arduino_build_899025/core/core.a(main.cpp.o)
 .ARM.attributes
                0x00000000000002b2       0x2c /tmp/arduino_build_899025/core/core.a(Print.cpp.o)
 .ARM.attributes
                0x00000000000002de       0x2c /tmp/arduino_build_899025/core/core.a(USBCore.cpp.o)
 .ARM.attributes
                0x000000000000030a       0x2c /tmp/arduino_build_899025/core/core.a(new.cpp.o)
 .ARM.attributes
                0x0000000000000336       0x2c /tmp/arduino_build_899025/core/core.a(CDC.cpp.o)
 .ARM.attributes
                0x0000000000000362       0x2c /tmp/arduino_build_899025/core/core.a(PluggableUSB.cpp.o)
 .ARM.attributes
                0x000000000000038e       0x2c /tmp/arduino_build_899025/core/core.a(SAMD21_USBDevice.cpp.o)
 .ARM.attributes
                0x00000000000003ba       0x1e /home/ckraemer/.arduino15/packages/adafruit/tools/arm-none-eabi-gcc/9-2019q4/bin/../lib/gcc/arm-none-eabi/9.2.1/thumb/v6-m/nofp/libgcc.a(_thumb1_case_uqi.o)
 .ARM.attributes
                0x00000000000003d8       0x1e /home/ckraemer/.arduino15/packages/adafruit/tools/arm-none-eabi-gcc/9-2019q4/bin/../lib/gcc/arm-none-eabi/9.2.1/thumb/v6-m/nofp/libgcc.a(_udivsi3.o)
 .ARM.attributes
                0x00000000000003f6       0x1e /home/ckraemer/.arduino15/packages/adafruit/tools/arm-none-eabi-gcc/9-2019q4/bin/../lib/gcc/arm-none-eabi/9.2.1/thumb/v6-m/nofp/libgcc.a(_dvmd_tls.o)
 .ARM.attributes
                0x0000000000000414       0x2c /home/ckraemer/.arduino15/packages/adafruit/tools/arm-none-eabi-gcc/9-2019q4/bin/../lib/gcc/arm-none-eabi/9.2.1/../../../../arm-none-eabi/lib/thumb/v6-m/nofp/libc_nano.a(lib_a-impure.o)
 .ARM.attributes
                0x0000000000000440       0x2c /home/ckraemer/.arduino15/packages/adafruit/tools/arm-none-eabi-gcc/9-2019q4/bin/../lib/gcc/arm-none-eabi/9.2.1/../../../../arm-none-eabi/lib/thumb/v6-m/nofp/libc_nano.a(lib_a-init.o)
 .ARM.attributes
                0x000000000000046c       0x2c /home/ckraemer/.arduino15/packages/adafruit/tools/arm-none-eabi-gcc/9-2019q4/bin/../lib/gcc/arm-none-eabi/9.2.1/../../../../arm-none-eabi/lib/thumb/v6-m/nofp/libc_nano.a(lib_a-malloc.o)
 .ARM.attributes
                0x0000000000000498       0x2c /home/ckraemer/.arduino15/packages/adafruit/tools/arm-none-eabi-gcc/9-2019q4/bin/../lib/gcc/arm-none-eabi/9.2.1/../../../../arm-none-eabi/lib/thumb/v6-m/nofp/libc_nano.a(lib_a-memcpy-stub.o)
 .ARM.attributes
                0x00000000000004c4       0x2c /home/ckraemer/.arduino15/packages/adafruit/tools/arm-none-eabi-gcc/9-2019q4/bin/../lib/gcc/arm-none-eabi/9.2.1/../../../../arm-none-eabi/lib/thumb/v6-m/nofp/libc_nano.a(lib_a-memset.o)
 .ARM.attributes
                0x00000000000004f0       0x2c /home/ckraemer/.arduino15/packages/adafruit/tools/arm-none-eabi-gcc/9-2019q4/bin/../lib/gcc/arm-none-eabi/9.2.1/../../../../arm-none-eabi/lib/thumb/v6-m/nofp/libc_nano.a(lib_a-nano-freer.o)
 .ARM.attributes
                0x000000000000051c       0x2c /home/ckraemer/.arduino15/packages/adafruit/tools/arm-none-eabi-gcc/9-2019q4/bin/../lib/gcc/arm-none-eabi/9.2.1/../../../../arm-none-eabi/lib/thumb/v6-m/nofp/libc_nano.a(lib_a-nano-mallocr.o)
 .ARM.attributes
                0x0000000000000548       0x2c /home/ckraemer/.arduino15/packages/adafruit/tools/arm-none-eabi-gcc/9-2019q4/bin/../lib/gcc/arm-none-eabi/9.2.1/../../../../arm-none-eabi/lib/thumb/v6-m/nofp/libc_nano.a(lib_a-sbrkr.o)
 .ARM.attributes
                0x0000000000000574       0x1c /home/ckraemer/.arduino15/packages/adafruit/tools/arm-none-eabi-gcc/9-2019q4/bin/../lib/gcc/arm-none-eabi/9.2.1/../../../../arm-none-eabi/lib/thumb/v6-m/nofp/libc_nano.a(lib_a-strlen.o)
 .ARM.attributes
                0x0000000000000590       0x2c /home/ckraemer/.arduino15/packages/adafruit/tools/arm-none-eabi-gcc/9-2019q4/bin/../lib/gcc/arm-none-eabi/9.2.1/../../../../arm-none-eabi/lib/thumb/v6-m/nofp/libc_nano.a(lib_a-mlock.o)
 .ARM.attributes
                0x00000000000005bc       0x2c /home/ckraemer/.arduino15/packages/adafruit/tools/arm-none-eabi-gcc/9-2019q4/bin/../lib/gcc/arm-none-eabi/9.2.1/../../../../arm-none-eabi/lib/thumb/v6-m/nofp/libc_nano.a(lib_a-reent.o)
 .ARM.attributes
                0x00000000000005e8       0x2c /home/ckraemer/.arduino15/packages/adafruit/tools/arm-none-eabi-gcc/9-2019q4/bin/../lib/gcc/arm-none-eabi/9.2.1/../../../../arm-none-eabi/lib/thumb/v6-m/nofp/libc_nano.a(lib_a-lock.o)
 .ARM.attributes
                0x0000000000000614       0x2c /home/ckraemer/.arduino15/packages/adafruit/tools/arm-none-eabi-gcc/9-2019q4/bin/../lib/gcc/arm-none-eabi/9.2.1/../../../../arm-none-eabi/lib/thumb/v6-m/nofp/libnosys.a(sbrk.o)
 .ARM.attributes
                0x0000000000000640       0x2c /home/ckraemer/.arduino15/packages/adafruit/tools/arm-none-eabi-gcc/9-2019q4/bin/../lib/gcc/arm-none-eabi/9.2.1/thumb/v6-m/nofp/crtend.o
 .ARM.attributes
                0x000000000000066c       0x1e /home/ckraemer/.arduino15/packages/adafruit/tools/arm-none-eabi-gcc/9-2019q4/bin/../lib/gcc/arm-none-eabi/9.2.1/thumb/v6-m/nofp/crtn.o

.comment        0x0000000000000000       0x79
 .comment       0x0000000000000000       0x79 /tmp/arduino_build_899025/sketch/Blink.ino.cpp.o
                                         0x7a (size before relaxing)
 .comment       0x0000000000000079       0x7a /tmp/arduino_build_899025/core/variant.cpp.o
 .comment       0x0000000000000079       0x7a /tmp/arduino_build_899025/core/core.a(cortex_handlers.c.o)
 .comment       0x0000000000000079       0x7a /tmp/arduino_build_899025/core/core.a(delay.c.o)
 .comment       0x0000000000000079       0x7a /tmp/arduino_build_899025/core/core.a(hooks.c.o)
 .comment       0x0000000000000079       0x7a /tmp/arduino_build_899025/core/core.a(startup.c.o)
 .comment       0x0000000000000079       0x7a /tmp/arduino_build_899025/core/core.a(wiring.c.o)
 .comment       0x0000000000000079       0x7a /tmp/arduino_build_899025/core/core.a(wiring_analog.c.o)
 .comment       0x0000000000000079       0x7a /tmp/arduino_build_899025/core/core.a(wiring_digital.c.o)
 .comment       0x0000000000000079       0x7a /tmp/arduino_build_899025/core/core.a(wiring_private.c.o)
 .comment       0x0000000000000079       0x7a /tmp/arduino_build_899025/core/core.a(Reset.cpp.o)
 .comment       0x0000000000000079       0x7a /tmp/arduino_build_899025/core/core.a(SERCOM.cpp.o)
 .comment       0x0000000000000079       0x7a /tmp/arduino_build_899025/core/core.a(Uart.cpp.o)
 .comment       0x0000000000000079       0x7a /tmp/arduino_build_899025/core/core.a(main.cpp.o)
 .comment       0x0000000000000079       0x7a /tmp/arduino_build_899025/core/core.a(Print.cpp.o)
 .comment       0x0000000000000079       0x7a /tmp/arduino_build_899025/core/core.a(USBCore.cpp.o)
 .comment       0x0000000000000079       0x7a /tmp/arduino_build_899025/core/core.a(new.cpp.o)
 .comment       0x0000000000000079       0x7a /tmp/arduino_build_899025/core/core.a(CDC.cpp.o)
 .comment       0x0000000000000079       0x7a /tmp/arduino_build_899025/core/core.a(PluggableUSB.cpp.o)
 .comment       0x0000000000000079       0x7a /tmp/arduino_build_899025/core/core.a(SAMD21_USBDevice.cpp.o)

.debug_info     0x0000000000000000    0x6ff6d
 .debug_info    0x0000000000000000     0x68f9 /tmp/arduino_build_899025/sketch/Blink.ino.cpp.o
 .debug_info    0x00000000000068f9     0x6cf7 /tmp/arduino_build_899025/core/variant.cpp.o
 .debug_info    0x000000000000d5f0     0x128e /tmp/arduino_build_899025/core/core.a(cortex_handlers.c.o)
 .debug_info    0x000000000000e87e     0x1538 /tmp/arduino_build_899025/core/core.a(delay.c.o)
 .debug_info    0x000000000000fdb6       0x67 /tmp/arduino_build_899025/core/core.a(hooks.c.o)
 .debug_info    0x000000000000fe1d     0x38d6 /tmp/arduino_build_899025/core/core.a(startup.c.o)
 .debug_info    0x00000000000136f3     0x30f1 /tmp/arduino_build_899025/core/core.a(wiring.c.o)
 .debug_info    0x00000000000167e4     0x5578 /tmp/arduino_build_899025/core/core.a(wiring_analog.c.o)
 .debug_info    0x000000000001bd5c     0x1a30 /tmp/arduino_build_899025/core/core.a(wiring_digital.c.o)
 .debug_info    0x000000000001d78c     0x19be /tmp/arduino_build_899025/core/core.a(wiring_private.c.o)
 .debug_info    0x000000000001f14a     0x6f34 /tmp/arduino_build_899025/core/core.a(Reset.cpp.o)
 .debug_info    0x000000000002607e     0x80f8 /tmp/arduino_build_899025/core/core.a(SERCOM.cpp.o)
 .debug_info    0x000000000002e176     0x9d1d /tmp/arduino_build_899025/core/core.a(Uart.cpp.o)
 .debug_info    0x0000000000037e93     0x693b /tmp/arduino_build_899025/core/core.a(main.cpp.o)
 .debug_info    0x000000000003e7ce     0x97c0 /tmp/arduino_build_899025/core/core.a(Print.cpp.o)
 .debug_info    0x0000000000047f8e     0xea62 /tmp/arduino_build_899025/core/core.a(USBCore.cpp.o)
 .debug_info    0x00000000000569f0     0x1111 /tmp/arduino_build_899025/core/core.a(new.cpp.o)
 .debug_info    0x0000000000057b01     0x905b /tmp/arduino_build_899025/core/core.a(CDC.cpp.o)
 .debug_info    0x0000000000060b5c     0x6de4 /tmp/arduino_build_899025/core/core.a(PluggableUSB.cpp.o)
 .debug_info    0x0000000000067940     0x862d /tmp/arduino_build_899025/core/core.a(SAMD21_USBDevice.cpp.o)

.debug_abbrev   0x0000000000000000     0x7aff
 .debug_abbrev  0x0000000000000000      0x67a /tmp/arduino_build_899025/sketch/Blink.ino.cpp.o
 .debug_abbrev  0x000000000000067a      0x5d6 /tmp/arduino_build_899025/core/variant.cpp.o
 .debug_abbrev  0x0000000000000c50      0x303 /tmp/arduino_build_899025/core/core.a(cortex_handlers.c.o)
 .debug_abbrev  0x0000000000000f53      0x33a /tmp/arduino_build_899025/core/core.a(delay.c.o)
 .debug_abbrev  0x000000000000128d       0x4d /tmp/arduino_build_899025/core/core.a(hooks.c.o)
 .debug_abbrev  0x00000000000012da      0x2f7 /tmp/arduino_build_899025/core/core.a(startup.c.o)
 .debug_abbrev  0x00000000000015d1      0x3e8 /tmp/arduino_build_899025/core/core.a(wiring.c.o)
 .debug_abbrev  0x00000000000019b9      0x554 /tmp/arduino_build_899025/core/core.a(wiring_analog.c.o)
 .debug_abbrev  0x0000000000001f0d      0x389 /tmp/arduino_build_899025/core/core.a(wiring_digital.c.o)
 .debug_abbrev  0x0000000000002296      0x351 /tmp/arduino_build_899025/core/core.a(wiring_private.c.o)
 .debug_abbrev  0x00000000000025e7      0x750 /tmp/arduino_build_899025/core/core.a(Reset.cpp.o)
 .debug_abbrev  0x0000000000002d37      0x974 /tmp/arduino_build_899025/core/core.a(SERCOM.cpp.o)
 .debug_abbrev  0x00000000000036ab      0xa66 /tmp/arduino_build_899025/core/core.a(Uart.cpp.o)
 .debug_abbrev  0x0000000000004111      0x683 /tmp/arduino_build_899025/core/core.a(main.cpp.o)
 .debug_abbrev  0x0000000000004794      0xa5e /tmp/arduino_build_899025/core/core.a(Print.cpp.o)
 .debug_abbrev  0x00000000000051f2      0xcf4 /tmp/arduino_build_899025/core/core.a(USBCore.cpp.o)
 .debug_abbrev  0x0000000000005ee6      0x350 /tmp/arduino_build_899025/core/core.a(new.cpp.o)
 .debug_abbrev  0x0000000000006236      0xa8f /tmp/arduino_build_899025/core/core.a(CDC.cpp.o)
 .debug_abbrev  0x0000000000006cc5      0x778 /tmp/arduino_build_899025/core/core.a(PluggableUSB.cpp.o)
 .debug_abbrev  0x000000000000743d      0x6c2 /tmp/arduino_build_899025/core/core.a(SAMD21_USBDevice.cpp.o)

.debug_aranges  0x0000000000000000      0x8f8
 .debug_aranges
                0x0000000000000000       0x28 /tmp/arduino_build_899025/sketch/Blink.ino.cpp.o
 .debug_aranges
                0x0000000000000028       0x28 /tmp/arduino_build_899025/core/variant.cpp.o
 .debug_aranges
                0x0000000000000050       0x40 /tmp/arduino_build_899025/core/core.a(cortex_handlers.c.o)
 .debug_aranges
                0x0000000000000090       0x38 /tmp/arduino_build_899025/core/core.a(delay.c.o)
 .debug_aranges
                0x00000000000000c8       0x30 /tmp/arduino_build_899025/core/core.a(hooks.c.o)
 .debug_aranges
                0x00000000000000f8       0x20 /tmp/arduino_build_899025/core/core.a(startup.c.o)
 .debug_aranges
                0x0000000000000118       0x20 /tmp/arduino_build_899025/core/core.a(wiring.c.o)
 .debug_aranges
                0x0000000000000138       0x40 /tmp/arduino_build_899025/core/core.a(wiring_analog.c.o)
 .debug_aranges
                0x0000000000000178       0x30 /tmp/arduino_build_899025/core/core.a(wiring_digital.c.o)
 .debug_aranges
                0x00000000000001a8       0x20 /tmp/arduino_build_899025/core/core.a(wiring_private.c.o)
 .debug_aranges
                0x00000000000001c8       0x30 /tmp/arduino_build_899025/core/core.a(Reset.cpp.o)
 .debug_aranges
                0x00000000000001f8      0x200 /tmp/arduino_build_899025/core/core.a(SERCOM.cpp.o)
 .debug_aranges
                0x00000000000003f8       0xb0 /tmp/arduino_build_899025/core/core.a(Uart.cpp.o)
 .debug_aranges
                0x00000000000004a8       0x28 /tmp/arduino_build_899025/core/core.a(main.cpp.o)
 .debug_aranges
                0x00000000000004d0      0x130 /tmp/arduino_build_899025/core/core.a(Print.cpp.o)
 .debug_aranges
                0x0000000000000600      0x180 /tmp/arduino_build_899025/core/core.a(USBCore.cpp.o)
 .debug_aranges
                0x0000000000000780       0x28 /tmp/arduino_build_899025/core/core.a(new.cpp.o)
 .debug_aranges
                0x00000000000007a8       0xd8 /tmp/arduino_build_899025/core/core.a(CDC.cpp.o)
 .debug_aranges
                0x0000000000000880       0x50 /tmp/arduino_build_899025/core/core.a(PluggableUSB.cpp.o)
 .debug_aranges
                0x00000000000008d0       0x28 /tmp/arduino_build_899025/core/core.a(SAMD21_USBDevice.cpp.o)

.debug_ranges   0x0000000000000000     0x1710
 .debug_ranges  0x0000000000000000       0x18 /tmp/arduino_build_899025/sketch/Blink.ino.cpp.o
 .debug_ranges  0x0000000000000018       0x30 /tmp/arduino_build_899025/core/variant.cpp.o
 .debug_ranges  0x0000000000000048       0x30 /tmp/arduino_build_899025/core/core.a(cortex_handlers.c.o)
 .debug_ranges  0x0000000000000078       0x28 /tmp/arduino_build_899025/core/core.a(delay.c.o)
 .debug_ranges  0x00000000000000a0       0x20 /tmp/arduino_build_899025/core/core.a(hooks.c.o)
 .debug_ranges  0x00000000000000c0       0x10 /tmp/arduino_build_899025/core/core.a(startup.c.o)
 .debug_ranges  0x00000000000000d0       0x80 /tmp/arduino_build_899025/core/core.a(wiring.c.o)
 .debug_ranges  0x0000000000000150       0xd8 /tmp/arduino_build_899025/core/core.a(wiring_analog.c.o)
 .debug_ranges  0x0000000000000228       0x20 /tmp/arduino_build_899025/core/core.a(wiring_digital.c.o)
 .debug_ranges  0x0000000000000248       0x28 /tmp/arduino_build_899025/core/core.a(wiring_private.c.o)
 .debug_ranges  0x0000000000000270       0x50 /tmp/arduino_build_899025/core/core.a(Reset.cpp.o)
 .debug_ranges  0x00000000000002c0      0x320 /tmp/arduino_build_899025/core/core.a(SERCOM.cpp.o)
 .debug_ranges  0x00000000000005e0      0x2e8 /tmp/arduino_build_899025/core/core.a(Uart.cpp.o)
 .debug_ranges  0x00000000000008c8       0x18 /tmp/arduino_build_899025/core/core.a(main.cpp.o)
 .debug_ranges  0x00000000000008e0      0x248 /tmp/arduino_build_899025/core/core.a(Print.cpp.o)
 .debug_ranges  0x0000000000000b28      0x9f8 /tmp/arduino_build_899025/core/core.a(USBCore.cpp.o)
 .debug_ranges  0x0000000000001520       0x18 /tmp/arduino_build_899025/core/core.a(new.cpp.o)
 .debug_ranges  0x0000000000001538      0x160 /tmp/arduino_build_899025/core/core.a(CDC.cpp.o)
 .debug_ranges  0x0000000000001698       0x60 /tmp/arduino_build_899025/core/core.a(PluggableUSB.cpp.o)
 .debug_ranges  0x00000000000016f8       0x18 /tmp/arduino_build_899025/core/core.a(SAMD21_USBDevice.cpp.o)

.debug_line     0x0000000000000000     0xce80
 .debug_line    0x0000000000000000      0x752 /tmp/arduino_build_899025/sketch/Blink.ino.cpp.o
 .debug_line    0x0000000000000752      0x641 /tmp/arduino_build_899025/core/variant.cpp.o
 .debug_line    0x0000000000000d93      0x46e /tmp/arduino_build_899025/core/core.a(cortex_handlers.c.o)
 .debug_line    0x0000000000001201      0x680 /tmp/arduino_build_899025/core/core.a(delay.c.o)
 .debug_line    0x0000000000001881       0xc9 /tmp/arduino_build_899025/core/core.a(hooks.c.o)
 .debug_line    0x000000000000194a      0x6cb /tmp/arduino_build_899025/core/core.a(startup.c.o)
 .debug_line    0x0000000000002015      0x6f4 /tmp/arduino_build_899025/core/core.a(wiring.c.o)
 .debug_line    0x0000000000002709      0xbca /tmp/arduino_build_899025/core/core.a(wiring_analog.c.o)
 .debug_line    0x00000000000032d3      0x5d7 /tmp/arduino_build_899025/core/core.a(wiring_digital.c.o)
 .debug_line    0x00000000000038aa      0x56d /tmp/arduino_build_899025/core/core.a(wiring_private.c.o)
 .debug_line    0x0000000000003e17      0x874 /tmp/arduino_build_899025/core/core.a(Reset.cpp.o)
 .debug_line    0x000000000000468b     0x164f /tmp/arduino_build_899025/core/core.a(SERCOM.cpp.o)
 .debug_line    0x0000000000005cda      0xf8e /tmp/arduino_build_899025/core/core.a(Uart.cpp.o)
 .debug_line    0x0000000000006c68      0x752 /tmp/arduino_build_899025/core/core.a(main.cpp.o)
 .debug_line    0x00000000000073ba     0x116c /tmp/arduino_build_899025/core/core.a(Print.cpp.o)
 .debug_line    0x0000000000008526     0x280e /tmp/arduino_build_899025/core/core.a(USBCore.cpp.o)
 .debug_line    0x000000000000ad34      0x3d7 /tmp/arduino_build_899025/core/core.a(new.cpp.o)
 .debug_line    0x000000000000b10b      0xca5 /tmp/arduino_build_899025/core/core.a(CDC.cpp.o)
 .debug_line    0x000000000000bdb0      0x954 /tmp/arduino_build_899025/core/core.a(PluggableUSB.cpp.o)
 .debug_line    0x000000000000c704      0x77c /tmp/arduino_build_899025/core/core.a(SAMD21_USBDevice.cpp.o)

.debug_str      0x0000000000000000     0xa353
 .debug_str     0x0000000000000000     0x37da /tmp/arduino_build_899025/sketch/Blink.ino.cpp.o
                                       0x4034 (size before relaxing)
 .debug_str     0x00000000000037da      0x90a /tmp/arduino_build_899025/core/variant.cpp.o
                                       0x37f9 (size before relaxing)
 .debug_str     0x00000000000040e4      0x4d5 /tmp/arduino_build_899025/core/core.a(cortex_handlers.c.o)
                                        0xfca (size before relaxing)
 .debug_str     0x00000000000045b9       0xe5 /tmp/arduino_build_899025/core/core.a(delay.c.o)
                                        0xecc (size before relaxing)
 .debug_str     0x000000000000469e       0x6e /tmp/arduino_build_899025/core/core.a(hooks.c.o)
                                        0x15c (size before relaxing)
 .debug_str     0x000000000000470c      0x858 /tmp/arduino_build_899025/core/core.a(startup.c.o)
                                       0x1707 (size before relaxing)
 .debug_str     0x0000000000004f64      0x3c5 /tmp/arduino_build_899025/core/core.a(wiring.c.o)
                                       0x1801 (size before relaxing)
 .debug_str     0x0000000000005329      0x171 /tmp/arduino_build_899025/core/core.a(wiring_analog.c.o)
                                       0x1c60 (size before relaxing)
 .debug_str     0x000000000000549a      0x106 /tmp/arduino_build_899025/core/core.a(wiring_digital.c.o)
                                        0xfd2 (size before relaxing)
 .debug_str     0x00000000000055a0       0x72 /tmp/arduino_build_899025/core/core.a(wiring_private.c.o)
                                        0xfbf (size before relaxing)
 .debug_str     0x0000000000005612      0x1a9 /tmp/arduino_build_899025/core/core.a(Reset.cpp.o)
                                       0x42dd (size before relaxing)
 .debug_str     0x00000000000057bb      0x2c4 /tmp/arduino_build_899025/core/core.a(SERCOM.cpp.o)
                                       0x458c (size before relaxing)
 .debug_str     0x0000000000005a7f     0x1739 /tmp/arduino_build_899025/core/core.a(Uart.cpp.o)
                                       0x5bae (size before relaxing)
 .debug_str     0x00000000000071b8       0xaa /tmp/arduino_build_899025/core/core.a(main.cpp.o)
                                       0x40a5 (size before relaxing)
 .debug_str     0x0000000000007262      0x4ac /tmp/arduino_build_899025/core/core.a(Print.cpp.o)
                                       0x5061 (size before relaxing)
 .debug_str     0x000000000000770e     0x2501 /tmp/arduino_build_899025/core/core.a(USBCore.cpp.o)
                                       0x72dc (size before relaxing)
 .debug_str     0x0000000000009c0f       0x87 /tmp/arduino_build_899025/core/core.a(new.cpp.o)
                                        0x7ea (size before relaxing)
 .debug_str     0x0000000000009c96      0x586 /tmp/arduino_build_899025/core/core.a(CDC.cpp.o)
                                       0x5911 (size before relaxing)
 .debug_str     0x000000000000a21c       0x8b /tmp/arduino_build_899025/core/core.a(PluggableUSB.cpp.o)
                                       0x4335 (size before relaxing)
 .debug_str     0x000000000000a2a7       0xac /tmp/arduino_build_899025/core/core.a(SAMD21_USBDevice.cpp.o)
                                       0x5bbb (size before relaxing)

.debug_frame    0x0000000000000000     0x1878
 .debug_frame   0x0000000000000000       0x44 /tmp/arduino_build_899025/sketch/Blink.ino.cpp.o
 .debug_frame   0x0000000000000044       0x44 /tmp/arduino_build_899025/core/variant.cpp.o
 .debug_frame   0x0000000000000088       0x78 /tmp/arduino_build_899025/core/core.a(cortex_handlers.c.o)
 .debug_frame   0x0000000000000100       0x78 /tmp/arduino_build_899025/core/core.a(delay.c.o)
 .debug_frame   0x0000000000000178       0x40 /tmp/arduino_build_899025/core/core.a(hooks.c.o)
 .debug_frame   0x00000000000001b8       0x2c /tmp/arduino_build_899025/core/core.a(startup.c.o)
 .debug_frame   0x00000000000001e4       0x28 /tmp/arduino_build_899025/core/core.a(wiring.c.o)
 .debug_frame   0x000000000000020c       0x80 /tmp/arduino_build_899025/core/core.a(wiring_analog.c.o)
 .debug_frame   0x000000000000028c       0x60 /tmp/arduino_build_899025/core/core.a(wiring_digital.c.o)
 .debug_frame   0x00000000000002ec       0x2c /tmp/arduino_build_899025/core/core.a(wiring_private.c.o)
 .debug_frame   0x0000000000000318       0x48 /tmp/arduino_build_899025/core/core.a(Reset.cpp.o)
 .debug_frame   0x0000000000000360      0x4a0 /tmp/arduino_build_899025/core/core.a(SERCOM.cpp.o)
 .debug_frame   0x0000000000000800      0x1d0 /tmp/arduino_build_899025/core/core.a(Uart.cpp.o)
 .debug_frame   0x00000000000009d0       0x38 /tmp/arduino_build_899025/core/core.a(main.cpp.o)
 .debug_frame   0x0000000000000a08      0x3d0 /tmp/arduino_build_899025/core/core.a(Print.cpp.o)
 .debug_frame   0x0000000000000dd8      0x474 /tmp/arduino_build_899025/core/core.a(USBCore.cpp.o)
 .debug_frame   0x000000000000124c       0x70 /tmp/arduino_build_899025/core/core.a(new.cpp.o)
 .debug_frame   0x00000000000012bc      0x1f8 /tmp/arduino_build_899025/core/core.a(CDC.cpp.o)
 .debug_frame   0x00000000000014b4       0xc8 /tmp/arduino_build_899025/core/core.a(PluggableUSB.cpp.o)
 .debug_frame   0x000000000000157c       0x48 /tmp/arduino_build_899025/core/core.a(SAMD21_USBDevice.cpp.o)
 .debug_frame   0x00000000000015c4       0x20 /home/ckraemer/.arduino15/packages/adafruit/tools/arm-none-eabi-gcc/9-2019q4/bin/../lib/gcc/arm-none-eabi/9.2.1/thumb/v6-m/nofp/libgcc.a(_udivsi3.o)
 .debug_frame   0x00000000000015e4       0x2c /home/ckraemer/.arduino15/packages/adafruit/tools/arm-none-eabi-gcc/9-2019q4/bin/../lib/gcc/arm-none-eabi/9.2.1/../../../../arm-none-eabi/lib/thumb/v6-m/nofp/libc_nano.a(lib_a-init.o)
 .debug_frame   0x0000000000001610       0x40 /home/ckraemer/.arduino15/packages/adafruit/tools/arm-none-eabi-gcc/9-2019q4/bin/../lib/gcc/arm-none-eabi/9.2.1/../../../../arm-none-eabi/lib/thumb/v6-m/nofp/libc_nano.a(lib_a-malloc.o)
 .debug_frame   0x0000000000001650       0x28 /home/ckraemer/.arduino15/packages/adafruit/tools/arm-none-eabi-gcc/9-2019q4/bin/../lib/gcc/arm-none-eabi/9.2.1/../../../../arm-none-eabi/lib/thumb/v6-m/nofp/libc_nano.a(lib_a-memcpy-stub.o)
 .debug_frame   0x0000000000001678       0x20 /home/ckraemer/.arduino15/packages/adafruit/tools/arm-none-eabi-gcc/9-2019q4/bin/../lib/gcc/arm-none-eabi/9.2.1/../../../../arm-none-eabi/lib/thumb/v6-m/nofp/libc_nano.a(lib_a-memset.o)
 .debug_frame   0x0000000000001698       0x2c /home/ckraemer/.arduino15/packages/adafruit/tools/arm-none-eabi-gcc/9-2019q4/bin/../lib/gcc/arm-none-eabi/9.2.1/../../../../arm-none-eabi/lib/thumb/v6-m/nofp/libc_nano.a(lib_a-nano-freer.o)
 .debug_frame   0x00000000000016c4       0x30 /home/ckraemer/.arduino15/packages/adafruit/tools/arm-none-eabi-gcc/9-2019q4/bin/../lib/gcc/arm-none-eabi/9.2.1/../../../../arm-none-eabi/lib/thumb/v6-m/nofp/libc_nano.a(lib_a-nano-mallocr.o)
 .debug_frame   0x00000000000016f4       0x2c /home/ckraemer/.arduino15/packages/adafruit/tools/arm-none-eabi-gcc/9-2019q4/bin/../lib/gcc/arm-none-eabi/9.2.1/../../../../arm-none-eabi/lib/thumb/v6-m/nofp/libc_nano.a(lib_a-sbrkr.o)
 .debug_frame   0x0000000000001720       0x40 /home/ckraemer/.arduino15/packages/adafruit/tools/arm-none-eabi-gcc/9-2019q4/bin/../lib/gcc/arm-none-eabi/9.2.1/../../../../arm-none-eabi/lib/thumb/v6-m/nofp/libc_nano.a(lib_a-mlock.o)
 .debug_frame   0x0000000000001760       0x48 /home/ckraemer/.arduino15/packages/adafruit/tools/arm-none-eabi-gcc/9-2019q4/bin/../lib/gcc/arm-none-eabi/9.2.1/../../../../arm-none-eabi/lib/thumb/v6-m/nofp/libc_nano.a(lib_a-reent.o)
 .debug_frame   0x00000000000017a8       0xb0 /home/ckraemer/.arduino15/packages/adafruit/tools/arm-none-eabi-gcc/9-2019q4/bin/../lib/gcc/arm-none-eabi/9.2.1/../../../../arm-none-eabi/lib/thumb/v6-m/nofp/libc_nano.a(lib_a-lock.o)
 .debug_frame   0x0000000000001858       0x20 /home/ckraemer/.arduino15/packages/adafruit/tools/arm-none-eabi-gcc/9-2019q4/bin/../lib/gcc/arm-none-eabi/9.2.1/../../../../arm-none-eabi/lib/thumb/v6-m/nofp/libnosys.a(sbrk.o)

.debug_loc      0x0000000000000000     0x7f3b
 .debug_loc     0x0000000000000000       0x2e /tmp/arduino_build_899025/core/variant.cpp.o
 .debug_loc     0x000000000000002e       0xa5 /tmp/arduino_build_899025/core/core.a(cortex_handlers.c.o)
 .debug_loc     0x00000000000000d3      0x12a /tmp/arduino_build_899025/core/core.a(delay.c.o)
 .debug_loc     0x00000000000001fd       0x47 /tmp/arduino_build_899025/core/core.a(startup.c.o)
 .debug_loc     0x0000000000000244       0xd9 /tmp/arduino_build_899025/core/core.a(wiring.c.o)
 .debug_loc     0x000000000000031d      0x51c /tmp/arduino_build_899025/core/core.a(wiring_analog.c.o)
 .debug_loc     0x0000000000000839      0x13e /tmp/arduino_build_899025/core/core.a(wiring_digital.c.o)
 .debug_loc     0x0000000000000977      0x14e /tmp/arduino_build_899025/core/core.a(wiring_private.c.o)
 .debug_loc     0x0000000000000ac5      0xe80 /tmp/arduino_build_899025/core/core.a(SERCOM.cpp.o)
 .debug_loc     0x0000000000001945      0xc6a /tmp/arduino_build_899025/core/core.a(Uart.cpp.o)
 .debug_loc     0x00000000000025af     0x1dc4 /tmp/arduino_build_899025/core/core.a(Print.cpp.o)
 .debug_loc     0x0000000000004373     0x3092 /tmp/arduino_build_899025/core/core.a(USBCore.cpp.o)
 .debug_loc     0x0000000000007405       0x4a /tmp/arduino_build_899025/core/core.a(new.cpp.o)
 .debug_loc     0x000000000000744f      0x79e /tmp/arduino_build_899025/core/core.a(CDC.cpp.o)
 .debug_loc     0x0000000000007bed      0x295 /tmp/arduino_build_899025/core/core.a(PluggableUSB.cpp.o)
 .debug_loc     0x0000000000007e82       0xb9 /tmp/arduino_build_899025/core/core.a(SAMD21_USBDevice.cpp.o)

Cross Reference Table

Symbol                                            File
AC_Handler                                        /tmp/arduino_build_899025/core/core.a(cortex_handlers.c.o)
ADC_Handler                                       /tmp/arduino_build_899025/core/core.a(cortex_handlers.c.o)
CDC_GetInterface(unsigned char*)                  /tmp/arduino_build_899025/core/core.a(CDC.cpp.o)
                                                  /tmp/arduino_build_899025/core/core.a(USBCore.cpp.o)
CDC_Setup(USBSetup&)                              /tmp/arduino_build_899025/core/core.a(CDC.cpp.o)
                                                  /tmp/arduino_build_899025/core/core.a(USBCore.cpp.o)
DAC_Handler                                       /tmp/arduino_build_899025/core/core.a(cortex_handlers.c.o)
DMAC_Handler                                      /tmp/arduino_build_899025/core/core.a(cortex_handlers.c.o)
DoubleBufferedEPOutHandler::available() const     /tmp/arduino_build_899025/core/core.a(USBCore.cpp.o)
DoubleBufferedEPOutHandler::handleEndpoint()      /tmp/arduino_build_899025/core/core.a(USBCore.cpp.o)
DoubleBufferedEPOutHandler::init()                /tmp/arduino_build_899025/core/core.a(USBCore.cpp.o)
DoubleBufferedEPOutHandler::recv(void*, unsigned long) /tmp/arduino_build_899025/core/core.a(USBCore.cpp.o)
DoubleBufferedEPOutHandler::release()             /tmp/arduino_build_899025/core/core.a(USBCore.cpp.o)
DoubleBufferedEPOutHandler::~DoubleBufferedEPOutHandler() /tmp/arduino_build_899025/core/core.a(USBCore.cpp.o)
DoubleBufferedEPOutHandler::~DoubleBufferedEPOutHandler() /tmp/arduino_build_899025/core/core.a(USBCore.cpp.o)
DoubleBufferedEPOutHandler::~DoubleBufferedEPOutHandler() /tmp/arduino_build_899025/core/core.a(USBCore.cpp.o)
Dummy_Handler                                     /tmp/arduino_build_899025/core/core.a(cortex_handlers.c.o)
EIC_Handler                                       /tmp/arduino_build_899025/core/core.a(cortex_handlers.c.o)
EVSYS_Handler                                     /tmp/arduino_build_899025/core/core.a(cortex_handlers.c.o)
EndPoints                                         /tmp/arduino_build_899025/core/core.a(USBCore.cpp.o)
                                                  /tmp/arduino_build_899025/core/core.a(PluggableUSB.cpp.o)
HardFault_Handler                                 /tmp/arduino_build_899025/core/core.a(cortex_handlers.c.o)
I2S_Handler                                       /tmp/arduino_build_899025/core/core.a(cortex_handlers.c.o)
NMI_Handler                                       /tmp/arduino_build_899025/core/core.a(cortex_handlers.c.o)
NVMCTRL_Handler                                   /tmp/arduino_build_899025/core/core.a(cortex_handlers.c.o)
PM_Handler                                        /tmp/arduino_build_899025/core/core.a(cortex_handlers.c.o)
PTC_Handler                                       /tmp/arduino_build_899025/core/core.a(cortex_handlers.c.o)
PendSV_Handler                                    /tmp/arduino_build_899025/core/core.a(cortex_handlers.c.o)
PluggableUSB()                                    /tmp/arduino_build_899025/core/core.a(PluggableUSB.cpp.o)
                                                  /tmp/arduino_build_899025/core/core.a(USBCore.cpp.o)
PluggableUSB_::PluggableUSB_()                    /tmp/arduino_build_899025/core/core.a(PluggableUSB.cpp.o)
PluggableUSB_::PluggableUSB_()                    /tmp/arduino_build_899025/core/core.a(PluggableUSB.cpp.o)
PluggableUSB_::getDescriptor(USBSetup&)           /tmp/arduino_build_899025/core/core.a(PluggableUSB.cpp.o)
                                                  /tmp/arduino_build_899025/core/core.a(USBCore.cpp.o)
PluggableUSB_::getInterface(unsigned char*)       /tmp/arduino_build_899025/core/core.a(PluggableUSB.cpp.o)
                                                  /tmp/arduino_build_899025/core/core.a(USBCore.cpp.o)
PluggableUSB_::getShortName(char*)                /tmp/arduino_build_899025/core/core.a(PluggableUSB.cpp.o)
PluggableUSB_::plug(PluggableUSBModule*)          /tmp/arduino_build_899025/core/core.a(PluggableUSB.cpp.o)
PluggableUSB_::setup(USBSetup&)                   /tmp/arduino_build_899025/core/core.a(PluggableUSB.cpp.o)
                                                  /tmp/arduino_build_899025/core/core.a(USBCore.cpp.o)
Print::availableForWrite()                        /tmp/arduino_build_899025/core/core.a(Print.cpp.o)
Print::flush()                                    /tmp/arduino_build_899025/core/core.a(Print.cpp.o)
Print::print(Printable const&)                    /tmp/arduino_build_899025/core/core.a(Print.cpp.o)
Print::print(String const&)                       /tmp/arduino_build_899025/core/core.a(Print.cpp.o)
Print::print(__FlashStringHelper const*)          /tmp/arduino_build_899025/core/core.a(Print.cpp.o)
Print::print(char const*)                         /tmp/arduino_build_899025/core/core.a(Print.cpp.o)
Print::print(char)                                /tmp/arduino_build_899025/core/core.a(Print.cpp.o)
Print::print(double, int)                         /tmp/arduino_build_899025/core/core.a(Print.cpp.o)
Print::print(int, int)                            /tmp/arduino_build_899025/core/core.a(Print.cpp.o)
Print::print(long long, int)                      /tmp/arduino_build_899025/core/core.a(Print.cpp.o)
Print::print(long, int)                           /tmp/arduino_build_899025/core/core.a(Print.cpp.o)
Print::print(unsigned char, int)                  /tmp/arduino_build_899025/core/core.a(Print.cpp.o)
Print::print(unsigned int, int)                   /tmp/arduino_build_899025/core/core.a(Print.cpp.o)
Print::print(unsigned long long, int)             /tmp/arduino_build_899025/core/core.a(Print.cpp.o)
Print::print(unsigned long, int)                  /tmp/arduino_build_899025/core/core.a(Print.cpp.o)
Print::printFloat(double, unsigned char)          /tmp/arduino_build_899025/core/core.a(Print.cpp.o)
Print::printNumber(unsigned long, unsigned char)  /tmp/arduino_build_899025/core/core.a(Print.cpp.o)
Print::printULLNumber(unsigned long long, unsigned char) /tmp/arduino_build_899025/core/core.a(Print.cpp.o)
Print::printf(char const*, ...)                   /tmp/arduino_build_899025/core/core.a(Print.cpp.o)
Print::println()                                  /tmp/arduino_build_899025/core/core.a(Print.cpp.o)
Print::println(Printable const&)                  /tmp/arduino_build_899025/core/core.a(Print.cpp.o)
Print::println(String const&)                     /tmp/arduino_build_899025/core/core.a(Print.cpp.o)
Print::println(__FlashStringHelper const*)        /tmp/arduino_build_899025/core/core.a(Print.cpp.o)
Print::println(char const*)                       /tmp/arduino_build_899025/core/core.a(Print.cpp.o)
Print::println(char)                              /tmp/arduino_build_899025/core/core.a(Print.cpp.o)
Print::println(double, int)                       /tmp/arduino_build_899025/core/core.a(Print.cpp.o)
Print::println(int, int)                          /tmp/arduino_build_899025/core/core.a(Print.cpp.o)
Print::println(long long, int)                    /tmp/arduino_build_899025/core/core.a(Print.cpp.o)
Print::println(long, int)                         /tmp/arduino_build_899025/core/core.a(Print.cpp.o)
Print::println(unsigned char, int)                /tmp/arduino_build_899025/core/core.a(Print.cpp.o)
Print::println(unsigned int, int)                 /tmp/arduino_build_899025/core/core.a(Print.cpp.o)
Print::println(unsigned long long, int)           /tmp/arduino_build_899025/core/core.a(Print.cpp.o)
Print::println(unsigned long, int)                /tmp/arduino_build_899025/core/core.a(Print.cpp.o)
Print::write(char const*)                         /tmp/arduino_build_899025/core/core.a(Print.cpp.o)
Print::write(unsigned char const*, unsigned int)  /tmp/arduino_build_899025/core/core.a(Print.cpp.o)
                                                  /tmp/arduino_build_899025/core/core.a(Uart.cpp.o)
RTC_Handler                                       /tmp/arduino_build_899025/core/core.a(cortex_handlers.c.o)
Reset_Handler                                     /tmp/arduino_build_899025/core/core.a(cortex_handlers.c.o)
RingBufferN<350>::RingBufferN()                   /tmp/arduino_build_899025/core/core.a(Uart.cpp.o)
RingBufferN<350>::RingBufferN()                   /tmp/arduino_build_899025/core/core.a(Uart.cpp.o)
RingBufferN<350>::available()                     /tmp/arduino_build_899025/core/core.a(Uart.cpp.o)
RingBufferN<350>::availableForStore()             /tmp/arduino_build_899025/core/core.a(Uart.cpp.o)
SERCOM0_Handler                                   /tmp/arduino_build_899025/core/variant.cpp.o
SERCOM1_Handler                                   /tmp/arduino_build_899025/core/core.a(cortex_handlers.c.o)
SERCOM2_Handler                                   /tmp/arduino_build_899025/core/core.a(cortex_handlers.c.o)
SERCOM3_Handler                                   /tmp/arduino_build_899025/core/core.a(cortex_handlers.c.o)
SERCOM4_Handler                                   /tmp/arduino_build_899025/core/core.a(cortex_handlers.c.o)
SERCOM5_Handler                                   /tmp/arduino_build_899025/core/core.a(cortex_handlers.c.o)
SERCOM::SERCOM(Sercom*)                           /tmp/arduino_build_899025/core/core.a(SERCOM.cpp.o)
                                                  /tmp/arduino_build_899025/core/variant.cpp.o
SERCOM::SERCOM(Sercom*)                           /tmp/arduino_build_899025/core/core.a(SERCOM.cpp.o)
SERCOM::acknowledgeUARTError()                    /tmp/arduino_build_899025/core/core.a(SERCOM.cpp.o)
                                                  /tmp/arduino_build_899025/core/core.a(Uart.cpp.o)
SERCOM::availableDataUART()                       /tmp/arduino_build_899025/core/core.a(SERCOM.cpp.o)
                                                  /tmp/arduino_build_899025/core/core.a(Uart.cpp.o)
SERCOM::availableWIRE()                           /tmp/arduino_build_899025/core/core.a(SERCOM.cpp.o)
SERCOM::calculateBaudrateSynchronous(unsigned long) /tmp/arduino_build_899025/core/core.a(SERCOM.cpp.o)
SERCOM::clearFrameErrorUART()                     /tmp/arduino_build_899025/core/core.a(SERCOM.cpp.o)
                                                  /tmp/arduino_build_899025/core/core.a(Uart.cpp.o)
SERCOM::clearStatusUART()                         /tmp/arduino_build_899025/core/core.a(SERCOM.cpp.o)
                                                  /tmp/arduino_build_899025/core/core.a(Uart.cpp.o)
SERCOM::disableDataRegisterEmptyInterruptUART()   /tmp/arduino_build_899025/core/core.a(SERCOM.cpp.o)
                                                  /tmp/arduino_build_899025/core/core.a(Uart.cpp.o)
SERCOM::disableSPI()                              /tmp/arduino_build_899025/core/core.a(SERCOM.cpp.o)
SERCOM::disableWIRE()                             /tmp/arduino_build_899025/core/core.a(SERCOM.cpp.o)
SERCOM::enableDataRegisterEmptyInterruptUART()    /tmp/arduino_build_899025/core/core.a(SERCOM.cpp.o)
                                                  /tmp/arduino_build_899025/core/core.a(Uart.cpp.o)
SERCOM::enableSPI()                               /tmp/arduino_build_899025/core/core.a(SERCOM.cpp.o)
SERCOM::enableUART()                              /tmp/arduino_build_899025/core/core.a(SERCOM.cpp.o)
                                                  /tmp/arduino_build_899025/core/core.a(Uart.cpp.o)
SERCOM::enableWIRE()                              /tmp/arduino_build_899025/core/core.a(SERCOM.cpp.o)
SERCOM::flushUART()                               /tmp/arduino_build_899025/core/core.a(SERCOM.cpp.o)
                                                  /tmp/arduino_build_899025/core/core.a(Uart.cpp.o)
SERCOM::getDataOrderSPI()                         /tmp/arduino_build_899025/core/core.a(SERCOM.cpp.o)
SERCOM::getSercomIndex()                          /tmp/arduino_build_899025/core/core.a(SERCOM.cpp.o)
SERCOM::initClockNVIC()                           /tmp/arduino_build_899025/core/core.a(SERCOM.cpp.o)
SERCOM::initFrame(SercomUartCharSize, SercomDataOrder, SercomParityMode, SercomNumberStopBit) /tmp/arduino_build_899025/core/core.a(SERCOM.cpp.o)
                                                  /tmp/arduino_build_899025/core/core.a(Uart.cpp.o)
SERCOM::initMasterWIRE(unsigned long)             /tmp/arduino_build_899025/core/core.a(SERCOM.cpp.o)
SERCOM::initPads(SercomUartTXPad, SercomRXPad)    /tmp/arduino_build_899025/core/core.a(SERCOM.cpp.o)
                                                  /tmp/arduino_build_899025/core/core.a(Uart.cpp.o)
SERCOM::initSPI(SercomSpiTXPad, SercomRXPad, SercomSpiCharSize, SercomDataOrder) /tmp/arduino_build_899025/core/core.a(SERCOM.cpp.o)
SERCOM::initSPIClock(SercomSpiClockMode, unsigned long) /tmp/arduino_build_899025/core/core.a(SERCOM.cpp.o)
SERCOM::initSlaveWIRE(unsigned char, bool)        /tmp/arduino_build_899025/core/core.a(SERCOM.cpp.o)
SERCOM::initUART(SercomUartMode, SercomUartSampleRate, unsigned long) /tmp/arduino_build_899025/core/core.a(SERCOM.cpp.o)
                                                  /tmp/arduino_build_899025/core/core.a(Uart.cpp.o)
SERCOM::isAddressMatch()                          /tmp/arduino_build_899025/core/core.a(SERCOM.cpp.o)
SERCOM::isArbLostWIRE()                           /tmp/arduino_build_899025/core/core.a(SERCOM.cpp.o)