Archive member included to satisfy reference by file (symbol)

/tmp/arduino_build_915930/core/core.a(cortex_handlers.c.o)
                              (Reset_Handler)
/tmp/arduino_build_915930/core/core.a(delay.c.o)
                              /tmp/arduino_build_915930/sketch/AnalogReadSerial.ino.cpp.o (delay)
/tmp/arduino_build_915930/core/core.a(hooks.c.o)
                              /tmp/arduino_build_915930/core/core.a(delay.c.o) (yield)
/tmp/arduino_build_915930/core/core.a(startup.c.o)
                              /tmp/arduino_build_915930/core/core.a(cortex_handlers.c.o) (SystemInit)
/tmp/arduino_build_915930/core/core.a(wiring.c.o)
                              /tmp/arduino_build_915930/core/core.a(startup.c.o) (SystemCoreClock)
/tmp/arduino_build_915930/core/core.a(wiring_analog.c.o)
                              /tmp/arduino_build_915930/core/core.a(wiring.c.o) (analogReference)
/tmp/arduino_build_915930/core/core.a(wiring_digital.c.o)
                              /tmp/arduino_build_915930/core/core.a(wiring_analog.c.o) (pinMode)
/tmp/arduino_build_915930/core/core.a(wiring_private.c.o)
                              /tmp/arduino_build_915930/core/core.a(wiring_analog.c.o) (pinPeripheral)
/tmp/arduino_build_915930/core/core.a(Print.cpp.o)
                              /tmp/arduino_build_915930/sketch/AnalogReadSerial.ino.cpp.o (Print::println(int, int))
/tmp/arduino_build_915930/core/core.a(Reset.cpp.o)
                              /tmp/arduino_build_915930/core/core.a(delay.c.o) (tickReset)
/tmp/arduino_build_915930/core/core.a(SERCOM.cpp.o)
                              /tmp/arduino_build_915930/core/variant.cpp.o (SERCOM::SERCOM(Sercom*))
/tmp/arduino_build_915930/core/core.a(CDC.cpp.o)
                              /tmp/arduino_build_915930/sketch/AnalogReadSerial.ino.cpp.o (Serial_::begin(unsigned long))
/tmp/arduino_build_915930/core/core.a(USBCore.cpp.o)
                              /tmp/arduino_build_915930/core/core.a(CDC.cpp.o) (USBDeviceClass::available(unsigned long))
/tmp/arduino_build_915930/core/core.a(Uart.cpp.o)
                              /tmp/arduino_build_915930/core/variant.cpp.o (Uart::Uart(SERCOM*, unsigned char, unsigned char, SercomRXPad, SercomUartTXPad))
/tmp/arduino_build_915930/core/core.a(abi.cpp.o)
                              /tmp/arduino_build_915930/core/core.a(Print.cpp.o) (__cxa_pure_virtual)
/tmp/arduino_build_915930/core/core.a(main.cpp.o)
                              /home/ckraemer/.arduino15/packages/adafruit/tools/arm-none-eabi-gcc/9-2019q4/bin/../lib/gcc/arm-none-eabi/9.2.1/../../../../arm-none-eabi/lib/thumb/v6-m/nofp/crt0.o (main)
/tmp/arduino_build_915930/core/core.a(new.cpp.o)
                              /tmp/arduino_build_915930/core/core.a(USBCore.cpp.o) (operator new(unsigned int))
/tmp/arduino_build_915930/core/core.a(PluggableUSB.cpp.o)
                              /tmp/arduino_build_915930/core/core.a(USBCore.cpp.o) (PluggableUSB_::getInterface(unsigned char*))
/tmp/arduino_build_915930/core/core.a(SAMD21_USBDevice.cpp.o)
                              /tmp/arduino_build_915930/core/core.a(USBCore.cpp.o) (USBDevice_SAMD21G18x::reset())
/home/ckraemer/.arduino15/packages/adafruit/tools/arm-none-eabi-gcc/9-2019q4/bin/../lib/gcc/arm-none-eabi/9.2.1/thumb/v6-m/nofp/libgcc.a(_thumb1_case_uqi.o)
                              /tmp/arduino_build_915930/core/core.a(wiring_analog.c.o) (__gnu_thumb1_case_uqi)
/home/ckraemer/.arduino15/packages/adafruit/tools/arm-none-eabi-gcc/9-2019q4/bin/../lib/gcc/arm-none-eabi/9.2.1/thumb/v6-m/nofp/libgcc.a(_udivsi3.o)
                              /tmp/arduino_build_915930/core/core.a(wiring.c.o) (__aeabi_uidiv)
/home/ckraemer/.arduino15/packages/adafruit/tools/arm-none-eabi-gcc/9-2019q4/bin/../lib/gcc/arm-none-eabi/9.2.1/thumb/v6-m/nofp/libgcc.a(_divsi3.o)
                              /tmp/arduino_build_915930/core/core.a(Print.cpp.o) (__aeabi_idiv)
/home/ckraemer/.arduino15/packages/adafruit/tools/arm-none-eabi-gcc/9-2019q4/bin/../lib/gcc/arm-none-eabi/9.2.1/thumb/v6-m/nofp/libgcc.a(_dvmd_tls.o)
                              /home/ckraemer/.arduino15/packages/adafruit/tools/arm-none-eabi-gcc/9-2019q4/bin/../lib/gcc/arm-none-eabi/9.2.1/thumb/v6-m/nofp/libgcc.a(_udivsi3.o) (__aeabi_idiv0)
/home/ckraemer/.arduino15/packages/adafruit/tools/arm-none-eabi-gcc/9-2019q4/bin/../lib/gcc/arm-none-eabi/9.2.1/thumb/v6-m/nofp/libgcc.a(_arm_cmpdf2.o)
                              /tmp/arduino_build_915930/core/core.a(Print.cpp.o) (__aeabi_dcmplt)
/home/ckraemer/.arduino15/packages/adafruit/tools/arm-none-eabi-gcc/9-2019q4/bin/../lib/gcc/arm-none-eabi/9.2.1/thumb/v6-m/nofp/libgcc.a(_aeabi_uldivmod.o)
                              /tmp/arduino_build_915930/core/core.a(Print.cpp.o) (__aeabi_uldivmod)
/home/ckraemer/.arduino15/packages/adafruit/tools/arm-none-eabi-gcc/9-2019q4/bin/../lib/gcc/arm-none-eabi/9.2.1/thumb/v6-m/nofp/libgcc.a(_fixunsdfsi.o)
[...]
Memory Configuration

Name             Origin             Length             Attributes
FLASH            0x0000000000002000 0x000000000003e000 xr
RAM              0x0000000020000000 0x0000000000008000 xrw
*default*        0x0000000000000000 0xffffffffffffffff

Linker script and memory map

LOAD /home/ckraemer/.arduino15/packages/adafruit/tools/arm-none-eabi-gcc/9-2019q4/bin/../lib/gcc/arm-none-eabi/9.2.1/thumb/v6-m/nofp/crti.o
LOAD /home/ckraemer/.arduino15/packages/adafruit/tools/arm-none-eabi-gcc/9-2019q4/bin/../lib/gcc/arm-none-eabi/9.2.1/thumb/v6-m/nofp/crtbegin.o
LOAD /home/ckraemer/.arduino15/packages/adafruit/tools/arm-none-eabi-gcc/9-2019q4/bin/../lib/gcc/arm-none-eabi/9.2.1/../../../../arm-none-eabi/lib/thumb/v6-m/nofp/crt0.o
LOAD /tmp/arduino_build_915930/sketch/AnalogReadSerial.ino.cpp.o
LOAD /tmp/arduino_build_915930/core/variant.cpp.o
START GROUP
LOAD /home/ckraemer/.arduino15/packages/adafruit/tools/CMSIS/5.4.0/CMSIS/Lib/GCC//libarm_cortexM0l_math.a
LOAD /tmp/arduino_build_915930/core/core.a
END GROUP
LOAD /home/ckraemer/.arduino15/packages/adafruit/tools/arm-none-eabi-gcc/9-2019q4/bin/../lib/gcc/arm-none-eabi/9.2.1/../../../../arm-none-eabi/lib/thumb/v6-m/nofp/libstdc++_nano.a
LOAD /home/ckraemer/.arduino15/packages/adafruit/tools/arm-none-eabi-gcc/9-2019q4/bin/../lib/gcc/arm-none-eabi/9.2.1/../../../../arm-none-eabi/lib/thumb/v6-m/nofp/libm.a
START GROUP
LOAD /home/ckraemer/.arduino15/packages/adafruit/tools/arm-none-eabi-gcc/9-2019q4/bin/../lib/gcc/arm-none-eabi/9.2.1/thumb/v6-m/nofp/libgcc.a
LOAD /home/ckraemer/.arduino15/packages/adafruit/tools/arm-none-eabi-gcc/9-2019q4/bin/../lib/gcc/arm-none-eabi/9.2.1/../../../../arm-none-eabi/lib/thumb/v6-m/nofp/libc_nano.a
END GROUP
START GROUP
LOAD /home/ckraemer/.arduino15/packages/adafruit/tools/arm-none-eabi-gcc/9-2019q4/bin/../lib/gcc/arm-none-eabi/9.2.1/thumb/v6-m/nofp/libgcc.a
LOAD /home/ckraemer/.arduino15/packages/adafruit/tools/arm-none-eabi-gcc/9-2019q4/bin/../lib/gcc/arm-none-eabi/9.2.1/../../../../arm-none-eabi/lib/thumb/v6-m/nofp/libc_nano.a
LOAD /home/ckraemer/.arduino15/packages/adafruit/tools/arm-none-eabi-gcc/9-2019q4/bin/../lib/gcc/arm-none-eabi/9.2.1/../../../../arm-none-eabi/lib/thumb/v6-m/nofp/libnosys.a
END GROUP
START GROUP
LOAD /home/ckraemer/.arduino15/packages/adafruit/tools/arm-none-eabi-gcc/9-2019q4/bin/../lib/gcc/arm-none-eabi/9.2.1/thumb/v6-m/nofp/libgcc.a
LOAD /home/ckraemer/.arduino15/packages/adafruit/tools/arm-none-eabi-gcc/9-2019q4/bin/../lib/gcc/arm-none-eabi/9.2.1/../../../../arm-none-eabi/lib/thumb/v6-m/nofp/libc_nano.a
LOAD /home/ckraemer/.arduino15/packages/adafruit/tools/arm-none-eabi-gcc/9-2019q4/bin/../lib/gcc/arm-none-eabi/9.2.1/../../../../arm-none-eabi/lib/thumb/v6-m/nofp/libnosys.a
END GROUP
LOAD /home/ckraemer/.arduino15/packages/adafruit/tools/arm-none-eabi-gcc/9-2019q4/bin/../lib/gcc/arm-none-eabi/9.2.1/thumb/v6-m/nofp/crtend.o
LOAD /home/ckraemer/.arduino15/packages/adafruit/tools/arm-none-eabi-gcc/9-2019q4/bin/../lib/gcc/arm-none-eabi/9.2.1/thumb/v6-m/nofp/crtn.o

.text           0x0000000000002000     0x2b04
                0x0000000000002000                __text_start__ = .
 *(.isr_vector)
 .isr_vector    0x0000000000002000       0xb4 /tmp/arduino_build_915930/core/core.a(cortex_handlers.c.o)
                0x0000000000002000                exception_table
 *(.text*)
 .text          0x00000000000020b4       0x48 /home/ckraemer/.arduino15/packages/adafruit/tools/arm-none-eabi-gcc/9-2019q4/bin/../lib/gcc/arm-none-eabi/9.2.1/thumb/v6-m/nofp/crtbegin.o
 .text.setup    0x00000000000020fc       0x14 /tmp/arduino_build_915930/sketch/AnalogReadSerial.ino.cpp.o
                0x00000000000020fc                setup
 .text.loop     0x0000000000002110       0x20 /tmp/arduino_build_915930/sketch/AnalogReadSerial.ino.cpp.o
                0x0000000000002110                loop
 .text.SERCOM0_Handler
                0x0000000000002130       0x10 /tmp/arduino_build_915930/core/variant.cpp.o
                0x0000000000002130                SERCOM0_Handler
 .text.startup._GLOBAL__sub_I_g_APinDescription
                0x0000000000002140       0x7c /tmp/arduino_build_915930/core/variant.cpp.o
 .text.Dummy_Handler
                0x00000000000021bc        0x2 /tmp/arduino_build_915930/core/core.a(cortex_handlers.c.o)
                0x00000000000021bc                DMAC_Handler
                0x00000000000021bc                HardFault_Handler
                0x00000000000021bc                AC_Handler
                0x00000000000021bc                PendSV_Handler
                0x00000000000021bc                NMI_Handler
                0x00000000000021bc                TC7_Handler
                0x00000000000021bc                SERCOM1_Handler
                0x00000000000021bc                ADC_Handler
                0x00000000000021bc                TCC1_Handler
                0x00000000000021bc                SERCOM2_Handler
                0x00000000000021bc                TCC0_Handler
                0x00000000000021bc                RTC_Handler
                0x00000000000021bc                EIC_Handler
                0x00000000000021bc                TC6_Handler
                0x00000000000021bc                WDT_Handler
                0x00000000000021bc                TC4_Handler
                0x00000000000021bc                TC3_Handler
                0x00000000000021bc                Dummy_Handler
                0x00000000000021bc                PM_Handler
                0x00000000000021bc                SERCOM5_Handler
                0x00000000000021bc                SVC_Handler
                0x00000000000021bc                TCC2_Handler
                0x00000000000021bc                EVSYS_Handler
                0x00000000000021bc                SERCOM3_Handler
                0x00000000000021bc                SERCOM4_Handler
                0x00000000000021bc                I2S_Handler
                0x00000000000021bc                NVMCTRL_Handler
                0x00000000000021bc                DAC_Handler
                0x00000000000021bc                PTC_Handler
                0x00000000000021bc                SYSCTRL_Handler
 *fill*         0x00000000000021be        0x2 
 .text.USB_Handler
                0x00000000000021c0       0x14 /tmp/arduino_build_915930/core/core.a(cortex_handlers.c.o)
                0x00000000000021c0                USB_Handler
 .text.Reset_Handler
                0x00000000000021d4       0x54 /tmp/arduino_build_915930/core/core.a(cortex_handlers.c.o)
                0x00000000000021d4                Reset_Handler
 .text.SysTick_Handler
                0x0000000000002228       0x10 /tmp/arduino_build_915930/core/core.a(cortex_handlers.c.o)
                0x0000000000002228                SysTick_Handler
 .text.USB_SetHandler
                0x0000000000002238        0xc /tmp/arduino_build_915930/core/core.a(cortex_handlers.c.o)
                0x0000000000002238                USB_SetHandler
 .text.micros   0x0000000000002244       0x60 /tmp/arduino_build_915930/core/core.a(delay.c.o)
                0x0000000000002244                micros
 .text.delay    0x00000000000022a4       0x2c /tmp/arduino_build_915930/core/core.a(delay.c.o)
                0x00000000000022a4                delay
 .text.SysTick_DefaultHandler
                0x00000000000022d0       0x14 /tmp/arduino_build_915930/core/core.a(delay.c.o)
                0x00000000000022d0                SysTick_DefaultHandler
 .text.__empty  0x00000000000022e4        0x2 /tmp/arduino_build_915930/core/core.a(hooks.c.o)
                0x00000000000022e4                yield
 .text.__false  0x00000000000022e6        0x4 /tmp/arduino_build_915930/core/core.a(hooks.c.o)
                0x00000000000022e6                sysTickHook
 *fill*         0x00000000000022ea        0x2 
 .text.SystemInit
                0x00000000000022ec      0x160 /tmp/arduino_build_915930/core/core.a(startup.c.o)
                0x00000000000022ec                SystemInit
 .text.init     0x000000000000244c       0xe0 /tmp/arduino_build_915930/core/core.a(wiring.c.o)
                0x000000000000244c                init
 .text.analogReference
                0x000000000000252c       0x88 /tmp/arduino_build_915930/core/core.a(wiring_analog.c.o)
                0x000000000000252c                analogReference
 .text.analogRead
                0x00000000000025b4       0xf0 /tmp/arduino_build_915930/core/core.a(wiring_analog.c.o)
                0x00000000000025b4                analogRead
 .text.pinMode  0x00000000000026a4       0x60 /tmp/arduino_build_915930/core/core.a(wiring_digital.c.o)
                0x00000000000026a4                pinMode
 .text.digitalWrite
                0x0000000000002704       0x58 /tmp/arduino_build_915930/core/core.a(wiring_digital.c.o)
                0x0000000000002704                digitalWrite
 .text.pinPeripheral
                0x000000000000275c       0xbc /tmp/arduino_build_915930/core/core.a(wiring_private.c.o)
                0x000000000000275c                pinPeripheral
 .text._ZN5Print5writeEPKhj
                0x0000000000002818       0x24 /tmp/arduino_build_915930/core/core.a(Print.cpp.o)
                0x0000000000002818                Print::write(unsigned char const*, unsigned int)
 .text._ZN5Print5writeEPKc
                0x000000000000283c       0x1c /tmp/arduino_build_915930/core/core.a(Print.cpp.o)
                0x000000000000283c                Print::write(char const*)
 .text._ZN5Print5printEc
                0x0000000000002858        0xa /tmp/arduino_build_915930/core/core.a(Print.cpp.o)
                0x0000000000002858                Print::print(char)
 *fill*         0x0000000000002862        0x2 
 .text._ZN5Print7printlnEv
                0x0000000000002864       0x10 /tmp/arduino_build_915930/core/core.a(Print.cpp.o)
                0x0000000000002864                Print::println()
 .text._ZN5Print11printNumberEmh
                0x0000000000002874       0x50 /tmp/arduino_build_915930/core/core.a(Print.cpp.o)
                0x0000000000002874                Print::printNumber(unsigned long, unsigned char)
 .text._ZN5Print5printEli
                0x00000000000028c4       0x3e /tmp/arduino_build_915930/core/core.a(Print.cpp.o)
                0x00000000000028c4                Print::print(long, int)
 .text._ZN5Print7printlnEii
                0x0000000000002902       0x14 /tmp/arduino_build_915930/core/core.a(Print.cpp.o)
                0x0000000000002902                Print::println(int, int)
 *fill*         0x0000000000002916        0x2 
 .text.initiateReset
                0x0000000000002918        0xc /tmp/arduino_build_915930/core/core.a(Reset.cpp.o)
                0x0000000000002918                initiateReset
 .text.cancelReset
                0x0000000000002924       0x10 /tmp/arduino_build_915930/core/core.a(Reset.cpp.o)
                0x0000000000002924                cancelReset
 .text.tickReset
                0x0000000000002934       0x74 /tmp/arduino_build_915930/core/core.a(Reset.cpp.o)
                0x0000000000002934                tickReset
 .text._ZN6SERCOMC2EP6Sercom
                0x00000000000029a8        0x4 /tmp/arduino_build_915930/core/core.a(SERCOM.cpp.o)
                0x00000000000029a8                SERCOM::SERCOM(Sercom*)
                0x00000000000029a8                SERCOM::SERCOM(Sercom*)
 .text._ZN6SERCOM9initFrameE18SercomUartCharSize15SercomDataOrder16SercomParityMode19SercomNumberStopBit
                0x00000000000029ac       0x3a /tmp/arduino_build_915930/core/core.a(SERCOM.cpp.o)
                0x00000000000029ac                SERCOM::initFrame(SercomUartCharSize, SercomDataOrder, SercomParityMode, SercomNumberStopBit)
 .text._ZN6SERCOM8initPadsE15SercomUartTXPad11SercomRXPad
                0x00000000000029e6       0x26 /tmp/arduino_build_915930/core/core.a(SERCOM.cpp.o)
                0x00000000000029e6                SERCOM::initPads(SercomUartTXPad, SercomRXPad)
 .text._ZN6SERCOM9resetUARTEv
                0x0000000000002a0c       0x1a /tmp/arduino_build_915930/core/core.a(SERCOM.cpp.o)
                0x0000000000002a0c                SERCOM::resetUART()
 .text._ZN6SERCOM10enableUARTEv
                0x0000000000002a26       0x14 /tmp/arduino_build_915930/core/core.a(SERCOM.cpp.o)
                0x0000000000002a26                SERCOM::enableUART()
 .text._ZN6SERCOM9flushUARTEv
                0x0000000000002a3a       0x10 /tmp/arduino_build_915930/core/core.a(SERCOM.cpp.o)
                0x0000000000002a3a                SERCOM::flushUART()
 .text._ZN6SERCOM15clearStatusUARTEv
                0x0000000000002a4a        0x8 /tmp/arduino_build_915930/core/core.a(SERCOM.cpp.o)
                0x0000000000002a4a                SERCOM::clearStatusUART()
 .text._ZN6SERCOM17availableDataUARTEv
                0x0000000000002a52        0xa /tmp/arduino_build_915930/core/core.a(SERCOM.cpp.o)
                0x0000000000002a52                SERCOM::availableDataUART()
 .text._ZN6SERCOM11isUARTErrorEv
                0x0000000000002a5c        0x8 /tmp/arduino_build_915930/core/core.a(SERCOM.cpp.o)
                0x0000000000002a5c                SERCOM::isUARTError()
 .text._ZN6SERCOM20acknowledgeUARTErrorEv
                0x0000000000002a64        0xe /tmp/arduino_build_915930/core/core.a(SERCOM.cpp.o)
                0x0000000000002a64                SERCOM::acknowledgeUARTError()
 .text._ZN6SERCOM16isFrameErrorUARTEv
                0x0000000000002a72        0xa /tmp/arduino_build_915930/core/core.a(SERCOM.cpp.o)
                0x0000000000002a72                SERCOM::isFrameErrorUART()
 .text._ZN6SERCOM19clearFrameErrorUARTEv
                0x0000000000002a7c        0xc /tmp/arduino_build_915930/core/core.a(SERCOM.cpp.o)
                0x0000000000002a7c                SERCOM::clearFrameErrorUART()
 .text._ZN6SERCOM23isDataRegisterEmptyUARTEv
                0x0000000000002a88        0xa /tmp/arduino_build_915930/core/core.a(SERCOM.cpp.o)
                0x0000000000002a88                SERCOM::isDataRegisterEmptyUART()
 .text._ZN6SERCOM12readDataUARTEv
                0x0000000000002a92        0x8 /tmp/arduino_build_915930/core/core.a(SERCOM.cpp.o)
                0x0000000000002a92                SERCOM::readDataUART()
 .text._ZN6SERCOM13writeDataUARTEh
                0x0000000000002a9a       0x10 /tmp/arduino_build_915930/core/core.a(SERCOM.cpp.o)
                0x0000000000002a9a                SERCOM::writeDataUART(unsigned char)
 .text._ZN6SERCOM36enableDataRegisterEmptyInterruptUARTEv
                0x0000000000002aaa        0x8 /tmp/arduino_build_915930/core/core.a(SERCOM.cpp.o)
                0x0000000000002aaa                SERCOM::enableDataRegisterEmptyInterruptUART()
 .text._ZN6SERCOM37disableDataRegisterEmptyInterruptUARTEv
                0x0000000000002ab2        0x8 /tmp/arduino_build_915930/core/core.a(SERCOM.cpp.o)
                0x0000000000002ab2                SERCOM::disableDataRegisterEmptyInterruptUART()
 *fill*         0x0000000000002aba        0x2 
 .text._ZN6SERCOM14getSercomIndexEv
                0x0000000000002abc       0x5c /tmp/arduino_build_915930/core/core.a(SERCOM.cpp.o)
                0x0000000000002abc                SERCOM::getSercomIndex()
 .text._ZN6SERCOM13initClockNVICEv
                0x0000000000002b18       0x90 /tmp/arduino_build_915930/core/core.a(SERCOM.cpp.o)
                0x0000000000002b18                SERCOM::initClockNVIC()
 .text._ZN6SERCOM8initUARTE14SercomUartMode20SercomUartSampleRatem
                0x0000000000002ba8       0x6c /tmp/arduino_build_915930/core/core.a(SERCOM.cpp.o)
                0x0000000000002ba8                SERCOM::initUART(SercomUartMode, SercomUartSampleRate, unsigned long)
 .text._ZN7Serial_17availableForWriteEv
                0x0000000000002c14        0x4 /tmp/arduino_build_915930/core/core.a(CDC.cpp.o)
                0x0000000000002c14                Serial_::availableForWrite()
 .text._ZN7Serial_5writeEh
                0x0000000000002c18       0x14 /tmp/arduino_build_915930/core/core.a(CDC.cpp.o)
                0x0000000000002c18                Serial_::write(unsigned char)
 .text._ZN7Serial_9availableEv
                0x0000000000002c2c        0xc /tmp/arduino_build_915930/core/core.a(CDC.cpp.o)
                0x0000000000002c2c                Serial_::available()
 .text._ZN7Serial_5flushEv
                0x0000000000002c38        0xc /tmp/arduino_build_915930/core/core.a(CDC.cpp.o)
                0x0000000000002c38                Serial_::flush()
 .text._ZN7Serial_5writeEPKhj
                0x0000000000002c44       0x2c /tmp/arduino_build_915930/core/core.a(CDC.cpp.o)
                0x0000000000002c44                Serial_::write(unsigned char const*, unsigned int)
 .text._ZN7Serial_4peekEv
                0x0000000000002c70       0x1c /tmp/arduino_build_915930/core/core.a(CDC.cpp.o)
                0x0000000000002c70                Serial_::peek()
 .text._ZN7Serial_4readEv
                0x0000000000002c8c       0x24 /tmp/arduino_build_915930/core/core.a(CDC.cpp.o)
                0x0000000000002c8c                Serial_::read()
 .text._Z16CDC_GetInterfacePh
                0x0000000000002cb0       0x1c /tmp/arduino_build_915930/core/core.a(CDC.cpp.o)
                0x0000000000002cb0                CDC_GetInterface(unsigned char*)
 .text._Z9CDC_SetupR8USBSetup
                0x0000000000002ccc       0x7c /tmp/arduino_build_915930/core/core.a(CDC.cpp.o)
                0x0000000000002ccc                CDC_Setup(USBSetup&)
 .text._ZN7Serial_5beginEm
                0x0000000000002d48        0x2 /tmp/arduino_build_915930/core/core.a(CDC.cpp.o)
                0x0000000000002d48                Serial_::begin(unsigned long)
 *fill*         0x0000000000002d4a        0x2 
 .text.startup._GLOBAL__sub_I__Z17_CDC_GetInterfacev
                0x0000000000002d4c       0x28 /tmp/arduino_build_915930/core/core.a(CDC.cpp.o)
 .text._ZN26DoubleBufferedEPOutHandler4initEv
                0x0000000000002d74        0x2 /tmp/arduino_build_915930/core/core.a(USBCore.cpp.o)
                0x0000000000002d74                DoubleBufferedEPOutHandler::init()
 .text._ZL5utox8mPc
                0x0000000000002d76       0x26 /tmp/arduino_build_915930/core/core.a(USBCore.cpp.o)
 .text._ZN26DoubleBufferedEPOutHandlerD2Ev
                0x0000000000002d9c       0x14 /tmp/arduino_build_915930/core/core.a(USBCore.cpp.o)
                0x0000000000002d9c                DoubleBufferedEPOutHandler::~DoubleBufferedEPOutHandler()
                0x0000000000002d9c                DoubleBufferedEPOutHandler::~DoubleBufferedEPOutHandler()
 .text._ZN26DoubleBufferedEPOutHandlerD0Ev
                0x0000000000002db0       0x12 /tmp/arduino_build_915930/core/core.a(USBCore.cpp.o)
                0x0000000000002db0                DoubleBufferedEPOutHandler::~DoubleBufferedEPOutHandler()
 *fill*         0x0000000000002dc2        0x2 
 .text._ZN14USBDeviceClass6initEPEmm.part.0
                0x0000000000002dc4       0xe8 /tmp/arduino_build_915930/core/core.a(USBCore.cpp.o)
 .text._ZN7__GuardC2Ev
                0x0000000000002eac        0xe /tmp/arduino_build_915930/core/core.a(USBCore.cpp.o)
                0x0000000000002eac                __Guard::__Guard()
                0x0000000000002eac                __Guard::__Guard()
 .text._ZN7__GuardD2Ev
                0x0000000000002eba        0xe /tmp/arduino_build_915930/core/core.a(USBCore.cpp.o)
                0x0000000000002eba                __Guard::~__Guard()
                0x0000000000002eba                __Guard::~__Guard()
 .text._ZNK26DoubleBufferedEPOutHandler9availableEv
                0x0000000000002ec8       0x5e /tmp/arduino_build_915930/core/core.a(USBCore.cpp.o)
                0x0000000000002ec8                DoubleBufferedEPOutHandler::available() const
 *fill*         0x0000000000002f26        0x2 
 .text._ZN26DoubleBufferedEPOutHandler7releaseEv
                0x0000000000002f28       0x54 /tmp/arduino_build_915930/core/core.a(USBCore.cpp.o)
                0x0000000000002f28                DoubleBufferedEPOutHandler::release()
 .text._ZN26DoubleBufferedEPOutHandler4recvEPvm
                0x0000000000002f7c      0x11a /tmp/arduino_build_915930/core/core.a(USBCore.cpp.o)
                0x0000000000002f7c                DoubleBufferedEPOutHandler::recv(void*, unsigned long)
 .text._ZN26DoubleBufferedEPOutHandler14handleEndpointEv
                0x0000000000003096       0xc2 /tmp/arduino_build_915930/core/core.a(USBCore.cpp.o)
                0x0000000000003096                DoubleBufferedEPOutHandler::handleEndpoint()
 .text._ZN14USBDeviceClass14SendInterfacesEPm
                0x0000000000003158       0x2e /tmp/arduino_build_915930/core/core.a(USBCore.cpp.o)
                0x0000000000003158                USBDeviceClass::SendInterfaces(unsigned long*)
 *fill*         0x0000000000003186        0x2 
 .text._ZN14USBDeviceClass14handleEndpointEh
                0x0000000000003188       0x44 /tmp/arduino_build_915930/core/core.a(USBCore.cpp.o)
                0x0000000000003188                USBDeviceClass::handleEndpoint(unsigned char)
 .text._ZN14USBDeviceClass4initEv
                0x00000000000031cc       0xf0 /tmp/arduino_build_915930/core/core.a(USBCore.cpp.o)
                0x00000000000031cc                USBDeviceClass::init()
 .text._ZN14USBDeviceClass6attachEv
                0x00000000000032bc       0x34 /tmp/arduino_build_915930/core/core.a(USBCore.cpp.o)
                0x00000000000032bc                USBDeviceClass::attach()
 .text._ZN14USBDeviceClass10setAddressEm
                0x00000000000032f0       0x44 /tmp/arduino_build_915930/core/core.a(USBCore.cpp.o)
                0x00000000000032f0                USBDeviceClass::setAddress(unsigned long)
 .text._ZN14USBDeviceClass25handleClassInterfaceSetupER8USBSetup
                0x0000000000003334       0x44 /tmp/arduino_build_915930/core/core.a(USBCore.cpp.o)
                0x0000000000003334                USBDeviceClass::handleClassInterfaceSetup(USBSetup&)
 .text._ZN14USBDeviceClass6initEPEmm
                0x0000000000003378       0xec /tmp/arduino_build_915930/core/core.a(USBCore.cpp.o)
                0x0000000000003378                USBDeviceClass::initEP(unsigned long, unsigned long)
 .text._ZN14USBDeviceClass13initEndpointsEv
                0x0000000000003464       0x24 /tmp/arduino_build_915930/core/core.a(USBCore.cpp.o)
                0x0000000000003464                USBDeviceClass::initEndpoints()
 .text._ZN14USBDeviceClass9availableEm
                0x0000000000003488       0x2c /tmp/arduino_build_915930/core/core.a(USBCore.cpp.o)
                0x0000000000003488                USBDeviceClass::available(unsigned long)
 .text._ZN14USBDeviceClass5flushEm
                0x00000000000034b4       0x2c /tmp/arduino_build_915930/core/core.a(USBCore.cpp.o)
                0x00000000000034b4                USBDeviceClass::flush(unsigned long)
 .text._ZN14USBDeviceClass14armRecvCtrlOUTEm
                0x00000000000034e0       0x5c /tmp/arduino_build_915930/core/core.a(USBCore.cpp.o)
                0x00000000000034e0                USBDeviceClass::armRecvCtrlOUT(unsigned long)
 .text._ZN14USBDeviceClass11recvControlEPvm
                0x000000000000353c       0x3c /tmp/arduino_build_915930/core/core.a(USBCore.cpp.o)
                0x000000000000353c                USBDeviceClass::recvControl(void*, unsigned long)
 .text._ZN14USBDeviceClass7armRecvEm
                0x0000000000003578       0x38 /tmp/arduino_build_915930/core/core.a(USBCore.cpp.o)
                0x0000000000003578                USBDeviceClass::armRecv(unsigned long)
 .text._ZN14USBDeviceClass4recvEmPvm
                0x00000000000035b0       0xd8 /tmp/arduino_build_915930/core/core.a(USBCore.cpp.o)
                0x00000000000035b0                USBDeviceClass::recv(unsigned long, void*, unsigned long)
 .text._ZN14USBDeviceClass4recvEm
                0x0000000000003688       0x1c /tmp/arduino_build_915930/core/core.a(USBCore.cpp.o)
                0x0000000000003688                USBDeviceClass::recv(unsigned long)
 .text._ZN14USBDeviceClass4sendEmPKvm
                0x00000000000036a4      0x110 /tmp/arduino_build_915930/core/core.a(USBCore.cpp.o)
                0x00000000000036a4                USBDeviceClass::send(unsigned long, void const*, unsigned long)
 .text._ZN14USBDeviceClass7armSendEmPKvm
                0x00000000000037b4       0x48 /tmp/arduino_build_915930/core/core.a(USBCore.cpp.o)
                0x00000000000037b4                USBDeviceClass::armSend(unsigned long, void const*, unsigned long)
 .text._ZN14USBDeviceClass11sendControlEPKvm
                0x00000000000037fc       0x54 /tmp/arduino_build_915930/core/core.a(USBCore.cpp.o)
                0x00000000000037fc                USBDeviceClass::sendControl(void const*, unsigned long)
 .text._ZN14USBDeviceClass20sendStringDescriptorEPKhh
                0x0000000000003850       0x68 /tmp/arduino_build_915930/core/core.a(USBCore.cpp.o)
                0x0000000000003850                USBDeviceClass::sendStringDescriptor(unsigned char const*, unsigned char)
 .text._ZN14USBDeviceClass17sendConfigurationEm
                0x00000000000038b8       0x80 /tmp/arduino_build_915930/core/core.a(USBCore.cpp.o)
                0x00000000000038b8                USBDeviceClass::sendConfiguration(unsigned long)
 .text._ZN14USBDeviceClass14sendDescriptorER8USBSetup
                0x0000000000003938       0xe4 /tmp/arduino_build_915930/core/core.a(USBCore.cpp.o)
                0x0000000000003938                USBDeviceClass::sendDescriptor(USBSetup&)
 .text._ZN14USBDeviceClass19handleStandardSetupER8USBSetup
                0x0000000000003a1c      0x118 /tmp/arduino_build_915930/core/core.a(USBCore.cpp.o)
                0x0000000000003a1c                USBDeviceClass::handleStandardSetup(USBSetup&)
 .text._ZN14USBDeviceClass10ISRHandlerEv
                0x0000000000003b34      0x150 /tmp/arduino_build_915930/core/core.a(USBCore.cpp.o)
                0x0000000000003b34                USBDeviceClass::ISRHandler()
 .text.UDD_Handler
                0x0000000000003c84       0x10 /tmp/arduino_build_915930/core/core.a(USBCore.cpp.o)
                0x0000000000003c84                UDD_Handler
 .text.startup._GLOBAL__sub_I_usbd
                0x0000000000003c94       0x10 /tmp/arduino_build_915930/core/core.a(USBCore.cpp.o)
 .text._ZN4UartcvbEv
                0x0000000000003ca4        0x4 /tmp/arduino_build_915930/core/core.a(Uart.cpp.o)
                0x0000000000003ca4                Uart::operator bool()
 .text._ZN4Uart5beginEm
                0x0000000000003ca8       0x10 /tmp/arduino_build_915930/core/core.a(Uart.cpp.o)
                0x0000000000003ca8                Uart::begin(unsigned long)
 .text._ZN4Uart4peekEv
                0x0000000000003cb8       0x1a /tmp/arduino_build_915930/core/core.a(Uart.cpp.o)
                0x0000000000003cb8                Uart::peek()
 .text._ZN4Uart3endEv
                0x0000000000003cd2       0x20 /tmp/arduino_build_915930/core/core.a(Uart.cpp.o)
                0x0000000000003cd2                Uart::end()
 .text._ZN4Uart15extractCharSizeEt
                0x0000000000003cf2       0x28 /tmp/arduino_build_915930/core/core.a(Uart.cpp.o)
                0x0000000000003cf2                Uart::extractCharSize(unsigned short)
 .text._ZN4Uart13extractParityEt
                0x0000000000003d1a       0x14 /tmp/arduino_build_915930/core/core.a(Uart.cpp.o)
                0x0000000000003d1a                Uart::extractParity(unsigned short)
 *fill*         0x0000000000003d2e        0x2 
 .text._ZN4Uart5beginEmt
                0x0000000000003d30       0xf8 /tmp/arduino_build_915930/core/core.a(Uart.cpp.o)
                0x0000000000003d30                Uart::begin(unsigned long, unsigned short)
 .text._ZN11RingBufferNILi350EEC2Ev
                0x0000000000003e28       0x1c /tmp/arduino_build_915930/core/core.a(Uart.cpp.o)
                0x0000000000003e28                RingBufferN<350>::RingBufferN()
                0x0000000000003e28                RingBufferN<350>::RingBufferN()
 .text._ZN4UartC2EP6SERCOMhh11SercomRXPad15SercomUartTXPad
                0x0000000000003e44       0x70 /tmp/arduino_build_915930/core/core.a(Uart.cpp.o)
                0x0000000000003e44                Uart::Uart(SERCOM*, unsigned char, unsigned char, SercomRXPad, SercomUartTXPad)
                0x0000000000003e44                Uart::Uart(SERCOM*, unsigned char, unsigned char, SercomRXPad, SercomUartTXPad)
 .text._ZN11RingBufferNILi350EE9availableEv
                0x0000000000003eb4       0x12 /tmp/arduino_build_915930/core/core.a(Uart.cpp.o)
                0x0000000000003eb4                RingBufferN<350>::available()
 .text._ZN4Uart5flushEv
                0x0000000000003ec6       0x1a /tmp/arduino_build_915930/core/core.a(Uart.cpp.o)
                0x0000000000003ec6                Uart::flush()
 .text._ZN4Uart9availableEv
                0x0000000000003ee0        0xa /tmp/arduino_build_915930/core/core.a(Uart.cpp.o)
                0x0000000000003ee0                Uart::available()
 .text._ZN11RingBufferNILi350EE17availableForStoreEv
                0x0000000000003eea       0x22 /tmp/arduino_build_915930/core/core.a(Uart.cpp.o)
                0x0000000000003eea                RingBufferN<350>::availableForStore()
 .text._ZN4Uart17availableForWriteEv
                0x0000000000003f0c        0xc /tmp/arduino_build_915930/core/core.a(Uart.cpp.o)
                0x0000000000003f0c                Uart::availableForWrite()
 .text._ZN4Uart10IrqHandlerEv
                0x0000000000003f18       0xda /tmp/arduino_build_915930/core/core.a(Uart.cpp.o)
                0x0000000000003f18                Uart::IrqHandler()
 *fill*         0x0000000000003ff2        0x2 
 .text._ZN4Uart5writeEh
                0x0000000000003ff4       0xc4 /tmp/arduino_build_915930/core/core.a(Uart.cpp.o)
                0x0000000000003ff4                Uart::write(unsigned char)
 .text._ZN4Uart4readEv
                0x00000000000040b8       0x52 /tmp/arduino_build_915930/core/core.a(Uart.cpp.o)
                0x00000000000040b8                Uart::read()
 .text._Z11initVariantv
                0x000000000000410a        0x2 /tmp/arduino_build_915930/core/core.a(main.cpp.o)
                0x000000000000410a                initVariant()
 .text.startup.main
                0x000000000000410c       0x44 /tmp/arduino_build_915930/core/core.a(main.cpp.o)
                0x000000000000410c                main
 .text._Znwj    0x0000000000004150        0x8 /tmp/arduino_build_915930/core/core.a(new.cpp.o)
                0x0000000000004150                operator new(unsigned int)
 .text._ZdlPv   0x0000000000004158        0x8 /tmp/arduino_build_915930/core/core.a(new.cpp.o)
                0x0000000000004158                operator delete(void*)
 .text._ZN13PluggableUSB_12getInterfaceEPh
                0x0000000000004160       0x28 /tmp/arduino_build_915930/core/core.a(PluggableUSB.cpp.o)
                0x0000000000004160                PluggableUSB_::getInterface(unsigned char*)
 .text._ZN13PluggableUSB_13getDescriptorER8USBSetup
                0x0000000000004188       0x20 /tmp/arduino_build_915930/core/core.a(PluggableUSB.cpp.o)
                0x0000000000004188                PluggableUSB_::getDescriptor(USBSetup&)
 .text._ZN13PluggableUSB_5setupER8USBSetup
                0x00000000000041a8       0x20 /tmp/arduino_build_915930/core/core.a(PluggableUSB.cpp.o)
                0x00000000000041a8                PluggableUSB_::setup(USBSetup&)
 .text._Z12PluggableUSBv
                0x00000000000041c8       0x28 /tmp/arduino_build_915930/core/core.a(PluggableUSB.cpp.o)
                0x00000000000041c8                PluggableUSB()
 .text._ZN20USBDevice_SAMD21G18x5resetEv
                0x00000000000041f0       0x2a /tmp/arduino_build_915930/core/core.a(SAMD21_USBDevice.cpp.o)
                0x00000000000041f0                USBDevice_SAMD21G18x::reset()
 *fill*         0x000000000000421a        0x2 
 .text._ZN20USBDevice_SAMD21G18x9calibrateEv
                0x000000000000421c       0x60 /tmp/arduino_build_915930/core/core.a(SAMD21_USBDevice.cpp.o)
                0x000000000000421c                USBDevice_SAMD21G18x::calibrate()
 .text          0x000000000000427c       0x14 /home/ckraemer/.arduino15/packages/adafruit/tools/arm-none-eabi-gcc/9-2019q4/bin/../lib/gcc/arm-none-eabi/9.2.1/thumb/v6-m/nofp/libgcc.a(_thumb1_case_uqi.o)
                0x000000000000427c                __gnu_thumb1_case_uqi
 .text          0x0000000000004290      0x114 /home/ckraemer/.arduino15/packages/adafruit/tools/arm-none-eabi-gcc/9-2019q4/bin/../lib/gcc/arm-none-eabi/9.2.1/thumb/v6-m/nofp/libgcc.a(_udivsi3.o)
                0x0000000000004290                __udivsi3
                0x0000000000004290                __aeabi_uidiv
                0x000000000000439c                __aeabi_uidivmod
 .text          0x00000000000043a4        0x4 /home/ckraemer/.arduino15/packages/adafruit/tools/arm-none-eabi-gcc/9-2019q4/bin/../lib/gcc/arm-none-eabi/9.2.1/thumb/v6-m/nofp/libgcc.a(_dvmd_tls.o)
                0x00000000000043a4                __aeabi_ldiv0
                0x00000000000043a4                __aeabi_idiv0
 .text.__libc_init_array
                0x00000000000043a8       0x48 /home/ckraemer/.arduino15/packages/adafruit/tools/arm-none-eabi-gcc/9-2019q4/bin/../lib/gcc/arm-none-eabi/9.2.1/../../../../arm-none-eabi/lib/thumb/v6-m/nofp/libc_nano.a(lib_a-init.o)
                0x00000000000043a8                __libc_init_array
 .text.malloc   0x00000000000043f0       0x14 /home/ckraemer/.arduino15/packages/adafruit/tools/arm-none-eabi-gcc/9-2019q4/bin/../lib/gcc/arm-none-eabi/9.2.1/../../../../arm-none-eabi/lib/thumb/v6-m/nofp/libc_nano.a(lib_a-malloc.o)
                0x00000000000043f0                malloc
 .text.free     0x0000000000004404       0x14 /home/ckraemer/.arduino15/packages/adafruit/tools/arm-none-eabi-gcc/9-2019q4/bin/../lib/gcc/arm-none-eabi/9.2.1/../../../../arm-none-eabi/lib/thumb/v6-m/nofp/libc_nano.a(lib_a-malloc.o)
                0x0000000000004404                free
 .text.memcpy   0x0000000000004418       0x12 /home/ckraemer/.arduino15/packages/adafruit/tools/arm-none-eabi-gcc/9-2019q4/bin/../lib/gcc/arm-none-eabi/9.2.1/../../../../arm-none-eabi/lib/thumb/v6-m/nofp/libc_nano.a(lib_a-memcpy-stub.o)
                0x0000000000004418                memcpy
 .text.memset   0x000000000000442a       0x10 /home/ckraemer/.arduino15/packages/adafruit/tools/arm-none-eabi-gcc/9-2019q4/bin/../lib/gcc/arm-none-eabi/9.2.1/../../../../arm-none-eabi/lib/thumb/v6-m/nofp/libc_nano.a(lib_a-memset.o)
                0x000000000000442a                memset
 *fill*         0x000000000000443a        0x2 
 .text._free_r  0x000000000000443c       0x94 /home/ckraemer/.arduino15/packages/adafruit/tools/arm-none-eabi-gcc/9-2019q4/bin/../lib/gcc/arm-none-eabi/9.2.1/../../../../arm-none-eabi/lib/thumb/v6-m/nofp/libc_nano.a(lib_a-nano-freer.o)
                0x000000000000443c                _free_r
 .text._malloc_r
                0x00000000000044d0       0xbc /home/ckraemer/.arduino15/packages/adafruit/tools/arm-none-eabi-gcc/9-2019q4/bin/../lib/gcc/arm-none-eabi/9.2.1/../../../../arm-none-eabi/lib/thumb/v6-m/nofp/libc_nano.a(lib_a-nano-mallocr.o)
                0x00000000000044d0                _malloc_r
 .text._sbrk_r  0x000000000000458c       0x24 /home/ckraemer/.arduino15/packages/adafruit/tools/arm-none-eabi-gcc/9-2019q4/bin/../lib/gcc/arm-none-eabi/9.2.1/../../../../arm-none-eabi/lib/thumb/v6-m/nofp/libc_nano.a(lib_a-sbrkr.o)
                0x000000000000458c                _sbrk_r
 .text          0x00000000000045b0        0xe /home/ckraemer/.arduino15/packages/adafruit/tools/arm-none-eabi-gcc/9-2019q4/bin/../lib/gcc/arm-none-eabi/9.2.1/../../../../arm-none-eabi/lib/thumb/v6-m/nofp/libc_nano.a(lib_a-strlen.o)
                0x00000000000045b0                strlen
 *fill*         0x00000000000045be        0x2 
 .text.__malloc_lock
                0x00000000000045c0       0x10 /home/ckraemer/.arduino15/packages/adafruit/tools/arm-none-eabi-gcc/9-2019q4/bin/../lib/gcc/arm-none-eabi/9.2.1/../../../../arm-none-eabi/lib/thumb/v6-m/nofp/libc_nano.a(lib_a-mlock.o)
                0x00000000000045c0                __malloc_lock
 .text.__malloc_unlock
                0x00000000000045d0       0x10 /home/ckraemer/.arduino15/packages/adafruit/tools/arm-none-eabi-gcc/9-2019q4/bin/../lib/gcc/arm-none-eabi/9.2.1/../../../../arm-none-eabi/lib/thumb/v6-m/nofp/libc_nano.a(lib_a-mlock.o)
                0x00000000000045d0                __malloc_unlock
 .text.__retarget_lock_acquire_recursive
                0x00000000000045e0        0x2 /home/ckraemer/.arduino15/packages/adafruit/tools/arm-none-eabi-gcc/9-2019q4/bin/../lib/gcc/arm-none-eabi/9.2.1/../../../../arm-none-eabi/lib/thumb/v6-m/nofp/libc_nano.a(lib_a-lock.o)
                0x00000000000045e0                __retarget_lock_acquire_recursive
 .text.__retarget_lock_release_recursive
                0x00000000000045e2        0x2 /home/ckraemer/.arduino15/packages/adafruit/tools/arm-none-eabi-gcc/9-2019q4/bin/../lib/gcc/arm-none-eabi/9.2.1/../../../../arm-none-eabi/lib/thumb/v6-m/nofp/libc_nano.a(lib_a-lock.o)
                0x00000000000045e2                __retarget_lock_release_recursive
 .text._sbrk    0x00000000000045e4       0x1c /home/ckraemer/.arduino15/packages/adafruit/tools/arm-none-eabi-gcc/9-2019q4/bin/../lib/gcc/arm-none-eabi/9.2.1/../../../../arm-none-eabi/lib/thumb/v6-m/nofp/libnosys.a(sbrk.o)
                0x00000000000045e4                _sbrk
 *(.init)
 .init          0x0000000000004600        0x4 /home/ckraemer/.arduino15/packages/adafruit/tools/arm-none-eabi-gcc/9-2019q4/bin/../lib/gcc/arm-none-eabi/9.2.1/thumb/v6-m/nofp/crti.o
                0x0000000000004600                _init
 .init          0x0000000000004604        0x8 /home/ckraemer/.arduino15/packages/adafruit/tools/arm-none-eabi-gcc/9-2019q4/bin/../lib/gcc/arm-none-eabi/9.2.1/thumb/v6-m/nofp/crtn.o
 *(.fini)
 .fini          0x000000000000460c        0x4 /home/ckraemer/.arduino15/packages/adafruit/tools/arm-none-eabi-gcc/9-2019q4/bin/../lib/gcc/arm-none-eabi/9.2.1/thumb/v6-m/nofp/crti.o
                0x000000000000460c                _fini
 .fini          0x0000000000004610        0x8 /home/ckraemer/.arduino15/packages/adafruit/tools/arm-none-eabi-gcc/9-2019q4/bin/../lib/gcc/arm-none-eabi/9.2.1/thumb/v6-m/nofp/crtn.o
 *crtbegin.o(.ctors)
 *crtbegin?.o(.ctors)
 *(EXCLUDE_FILE(*crtend.o *crtend?.o) .ctors)
 *(SORT_BY_NAME(.ctors.*))
 *(.ctors)
 *crtbegin.o(.dtors)
 *crtbegin?.o(.dtors)
 *(EXCLUDE_FILE(*crtend.o *crtend?.o) .dtors)
 *(SORT_BY_NAME(.dtors.*))
 *(.dtors)
 *(.rodata*)
 .rodata.g_APinDescription
                0x0000000000004618      0x408 /tmp/arduino_build_915930/core/variant.cpp.o
                0x0000000000004618                g_APinDescription
 .rodata._ZN5Print7printlnEv.str1.1
                0x0000000000004a20        0x3 /tmp/arduino_build_915930/core/core.a(Print.cpp.o)
 *fill*         0x0000000000004a23        0x1 
 .rodata._ZL10sercomData
                0x0000000000004a24       0x30 /tmp/arduino_build_915930/core/core.a(SERCOM.cpp.o)
 .rodata._ZTV7Serial_
                0x0000000000004a54       0x24 /tmp/arduino_build_915930/core/core.a(CDC.cpp.o)
                0x0000000000004a54                vtable for Serial_
 .rodata._ZN14USBDeviceClass19handleStandardSetupER8USBSetup.str1.1
                0x0000000000004a78        0x3 /tmp/arduino_build_915930/core/core.a(USBCore.cpp.o)
                                          0x1 (size before relaxing)
 .rodata._ZTV26DoubleBufferedEPOutHandler
                0x0000000000004a78       0x20 /tmp/arduino_build_915930/core/core.a(USBCore.cpp.o)
                0x0000000000004a78                vtable for DoubleBufferedEPOutHandler
 .rodata._ZL14STRING_PRODUCT
                0x0000000000004a98       0x13 /tmp/arduino_build_915930/core/core.a(USBCore.cpp.o)
 *fill*         0x0000000000004aab        0x1 
 .rodata._ZL15STRING_LANGUAGE
                0x0000000000004aac        0x4 /tmp/arduino_build_915930/core/core.a(USBCore.cpp.o)
 .rodata._ZL19STRING_MANUFACTURER
                0x0000000000004ab0        0x9 /tmp/arduino_build_915930/core/core.a(USBCore.cpp.o)
 .rodata._ZL21USB_DeviceDescriptorB
                0x0000000000004ab9       0x12 /tmp/arduino_build_915930/core/core.a(USBCore.cpp.o)
 *fill*         0x0000000000004acb        0x1 
 .rodata._ZTV4Uart
                0x0000000000004acc       0x34 /tmp/arduino_build_915930/core/core.a(Uart.cpp.o)
                0x0000000000004acc                vtable for Uart
 *(.eh_frame*)
 .eh_frame      0x0000000000004b00        0x0 /home/ckraemer/.arduino15/packages/adafruit/tools/arm-none-eabi-gcc/9-2019q4/bin/../lib/gcc/arm-none-eabi/9.2.1/thumb/v6-m/nofp/crtbegin.o
 .eh_frame      0x0000000000004b00        0x4 /home/ckraemer/.arduino15/packages/adafruit/tools/arm-none-eabi-gcc/9-2019q4/bin/../lib/gcc/arm-none-eabi/9.2.1/thumb/v6-m/nofp/crtend.o

.glue_7         0x0000000000004b04        0x0
 .glue_7        0x0000000000004b04        0x0 linker stubs

.glue_7t        0x0000000000004b04        0x0
 .glue_7t       0x0000000000004b04        0x0 linker stubs

.vfp11_veneer   0x0000000000004b04        0x0
 .vfp11_veneer  0x0000000000004b04        0x0 linker stubs

.v4_bx          0x0000000000004b04        0x0
 .v4_bx         0x0000000000004b04        0x0 linker stubs

.iplt           0x0000000000004b04        0x0
 .iplt          0x0000000000004b04        0x0 /home/ckraemer/.arduino15/packages/adafruit/tools/arm-none-eabi-gcc/9-2019q4/bin/../lib/gcc/arm-none-eabi/9.2.1/thumb/v6-m/nofp/crtbegin.o

.rel.dyn        0x0000000000004b04        0x0
 .rel.iplt      0x0000000000004b04        0x0 /home/ckraemer/.arduino15/packages/adafruit/tools/arm-none-eabi-gcc/9-2019q4/bin/../lib/gcc/arm-none-eabi/9.2.1/thumb/v6-m/nofp/crtbegin.o

.ARM.extab
 *(.ARM.extab* .gnu.linkonce.armextab.*)
                0x0000000000004b04                __exidx_start = .

.ARM.exidx
 *(.ARM.exidx* .gnu.linkonce.armexidx.*)
                0x0000000000004b04                __exidx_end = .
                0x0000000000004b04                __etext = .

.data           0x0000000020000000      0x110 load address 0x0000000000004b04
                0x0000000020000000                __data_start__ = .
 *(vtable)
 *(.data*)
 .data.SystemCoreClock
                0x0000000020000000        0x4 /tmp/arduino_build_915930/core/core.a(wiring.c.o)
                0x0000000020000000                SystemCoreClock
 .data._ADCResolution
                0x0000000020000004        0x4 /tmp/arduino_build_915930/core/core.a(wiring_analog.c.o)
 .data._readResolution
                0x0000000020000008        0x4 /tmp/arduino_build_915930/core/core.a(wiring_analog.c.o)
 .data._ZL5ticks
                0x000000002000000c        0x4 /tmp/arduino_build_915930/core/core.a(Reset.cpp.o)
 .data._ZL10breakValue
                0x0000000020000010        0x4 /tmp/arduino_build_915930/core/core.a(CDC.cpp.o)
 .data._ZL12_usbLineInfo
                0x0000000020000014        0x8 /tmp/arduino_build_915930/core/core.a(CDC.cpp.o)
 .data._ZL13_cdcInterface
                0x000000002000001c       0x42 /tmp/arduino_build_915930/core/core.a(CDC.cpp.o)
 *fill*         0x000000002000005e        0x2 
 .data._serialPeek
                0x0000000020000060        0x4 /tmp/arduino_build_915930/core/core.a(CDC.cpp.o)
                0x0000000020000060                _serialPeek
 .data.EndPoints
                0x0000000020000064       0x28 /tmp/arduino_build_915930/core/core.a(USBCore.cpp.o)
                0x0000000020000064                EndPoints
 .data._impure_ptr
                0x000000002000008c        0x4 /home/ckraemer/.arduino15/packages/adafruit/tools/arm-none-eabi-gcc/9-2019q4/bin/../lib/gcc/arm-none-eabi/9.2.1/../../../../arm-none-eabi/lib/thumb/v6-m/nofp/libc_nano.a(lib_a-impure.o)
                0x000000002000008c                _impure_ptr
 .data.impure_data
                0x0000000020000090       0x60 /home/ckraemer/.arduino15/packages/adafruit/tools/arm-none-eabi-gcc/9-2019q4/bin/../lib/gcc/arm-none-eabi/9.2.1/../../../../arm-none-eabi/lib/thumb/v6-m/nofp/libc_nano.a(lib_a-impure.o)
                0x00000000200000f0                . = ALIGN (0x4)
                0x00000000200000f0                PROVIDE (__preinit_array_start = .)
 *(.preinit_array)
                0x00000000200000f0                PROVIDE (__preinit_array_end = .)
                0x00000000200000f0                . = ALIGN (0x4)
                0x00000000200000f0                PROVIDE (__init_array_start = .)
 *(SORT_BY_NAME(.init_array.*))
 *(.init_array)
 .init_array    0x00000000200000f0        0x4 /home/ckraemer/.arduino15/packages/adafruit/tools/arm-none-eabi-gcc/9-2019q4/bin/../lib/gcc/arm-none-eabi/9.2.1/thumb/v6-m/nofp/crtbegin.o
 .init_array    0x00000000200000f4        0x4 /tmp/arduino_build_915930/core/variant.cpp.o
 .init_array    0x00000000200000f8        0x4 /tmp/arduino_build_915930/core/core.a(CDC.cpp.o)
 .init_array    0x00000000200000fc        0x4 /tmp/arduino_build_915930/core/core.a(USBCore.cpp.o)
                0x0000000020000100                PROVIDE (__init_array_end = .)
                0x0000000020000100                . = ALIGN (0x4)
                [!provide]                        PROVIDE (__fini_array_start = .)
 *(SORT_BY_NAME(.fini_array.*))
 *(.fini_array)
 .fini_array    0x0000000020000100        0x4 /home/ckraemer/.arduino15/packages/adafruit/tools/arm-none-eabi-gcc/9-2019q4/bin/../lib/gcc/arm-none-eabi/9.2.1/thumb/v6-m/nofp/crtbegin.o
                [!provide]                        PROVIDE (__fini_array_end = .)
 *(.jcr*)
                0x0000000020000110                . = ALIGN (0x10)
 *fill*         0x0000000020000104        0xc 
                0x0000000020000110                __data_end__ = .

.igot.plt       0x0000000020000110        0x0 load address 0x0000000000004c14
 .igot.plt      0x0000000020000110        0x0 /home/ckraemer/.arduino15/packages/adafruit/tools/arm-none-eabi-gcc/9-2019q4/bin/../lib/gcc/arm-none-eabi/9.2.1/thumb/v6-m/nofp/crtbegin.o

.bss            0x0000000020000110      0x938 load address 0x0000000000004c14
                0x0000000020000110                . = ALIGN (0x4)
                0x0000000020000110                __bss_start__ = .
 *(.bss*)
 .bss           0x0000000020000110       0x1c /home/ckraemer/.arduino15/packages/adafruit/tools/arm-none-eabi-gcc/9-2019q4/bin/../lib/gcc/arm-none-eabi/9.2.1/thumb/v6-m/nofp/crtbegin.o
 .bss.Serial1   0x000000002000012c      0x2fc /tmp/arduino_build_915930/core/variant.cpp.o
                0x000000002000012c                Serial1
 .bss.sercom0   0x0000000020000428        0x4 /tmp/arduino_build_915930/core/variant.cpp.o
                0x0000000020000428                sercom0
 .bss.sercom1   0x000000002000042c        0x4 /tmp/arduino_build_915930/core/variant.cpp.o
                0x000000002000042c                sercom1
 .bss.sercom2   0x0000000020000430        0x4 /tmp/arduino_build_915930/core/variant.cpp.o
                0x0000000020000430                sercom2
 .bss.sercom3   0x0000000020000434        0x4 /tmp/arduino_build_915930/core/variant.cpp.o
                0x0000000020000434                sercom3
 .bss.sercom4   0x0000000020000438        0x4 /tmp/arduino_build_915930/core/variant.cpp.o
                0x0000000020000438                sercom4
 .bss.sercom5   0x000000002000043c        0x4 /tmp/arduino_build_915930/core/variant.cpp.o
                0x000000002000043c                sercom5
 .bss.usb_isr   0x0000000020000440        0x4 /tmp/arduino_build_915930/core/core.a(cortex_handlers.c.o)
 .bss._ulTickCount
                0x0000000020000444        0x4 /tmp/arduino_build_915930/core/core.a(delay.c.o)
 .bss.Serial    0x0000000020000448       0x1c /tmp/arduino_build_915930/core/core.a(CDC.cpp.o)
                0x0000000020000448                Serial
 .bss.USBDevice
                0x0000000020000464        0x1 /tmp/arduino_build_915930/core/core.a(USBCore.cpp.o)
                0x0000000020000464                USBDevice
 *fill*         0x0000000020000465        0x3 
 .bss._ZL10epHandlers
                0x0000000020000468       0x1c /tmp/arduino_build_915930/core/core.a(USBCore.cpp.o)
 .bss._ZL10rxLEDPulse
                0x0000000020000484        0x1 /tmp/arduino_build_915930/core/core.a(USBCore.cpp.o)
 .bss._ZL10txLEDPulse
                0x0000000020000485        0x1 /tmp/arduino_build_915930/core/core.a(USBCore.cpp.o)
 .bss._ZL14isEndpointHalt
                0x0000000020000486        0x1 /tmp/arduino_build_915930/core/core.a(USBCore.cpp.o)
 .bss._ZL20LastTransmitTimedOut
                0x0000000020000487        0x7 /tmp/arduino_build_915930/core/core.a(USBCore.cpp.o)
 .bss._ZL21isRemoteWakeUpEnabled
                0x000000002000048e        0x1 /tmp/arduino_build_915930/core/core.a(USBCore.cpp.o)
 *fill*         0x000000002000048f        0x1 
 .bss._ZL22udd_ep_in_cache_buffer
                0x0000000020000490      0x1c0 /tmp/arduino_build_915930/core/core.a(USBCore.cpp.o)
 .bss._ZL23udd_ep_out_cache_buffer
                0x0000000020000650      0x1c0 /tmp/arduino_build_915930/core/core.a(USBCore.cpp.o)
 .bss._dry_run  0x0000000020000810        0x1 /tmp/arduino_build_915930/core/core.a(USBCore.cpp.o)
                0x0000000020000810                _dry_run
 .bss._pack_buffer
                0x0000000020000811      0x100 /tmp/arduino_build_915930/core/core.a(USBCore.cpp.o)
                0x0000000020000811                _pack_buffer
 .bss._pack_message
                0x0000000020000911        0x1 /tmp/arduino_build_915930/core/core.a(USBCore.cpp.o)
                0x0000000020000911                _pack_message
 .bss._pack_size
                0x0000000020000912        0x2 /tmp/arduino_build_915930/core/core.a(USBCore.cpp.o)
                0x0000000020000912                _pack_size
 .bss._usbConfiguration
                0x0000000020000914        0x4 /tmp/arduino_build_915930/core/core.a(USBCore.cpp.o)
                0x0000000020000914                _usbConfiguration
 .bss._usbSetInterface
                0x0000000020000918        0x4 /tmp/arduino_build_915930/core/core.a(USBCore.cpp.o)
                0x0000000020000918                _usbSetInterface
 .bss.usbd      0x000000002000091c      0x104 /tmp/arduino_build_915930/core/core.a(USBCore.cpp.o)
                0x000000002000091c                usbd
 .bss._ZGVZ12PluggableUSBvE3obj
                0x0000000020000a20        0x4 /tmp/arduino_build_915930/core/core.a(PluggableUSB.cpp.o)
 .bss._ZZ12PluggableUSBvE3obj
                0x0000000020000a24        0x8 /tmp/arduino_build_915930/core/core.a(PluggableUSB.cpp.o)
 .bss.__malloc_free_list
                0x0000000020000a2c        0x4 /home/ckraemer/.arduino15/packages/adafruit/tools/arm-none-eabi-gcc/9-2019q4/bin/../lib/gcc/arm-none-eabi/9.2.1/../../../../arm-none-eabi/lib/thumb/v6-m/nofp/libc_nano.a(lib_a-nano-mallocr.o)
                0x0000000020000a2c                __malloc_free_list
 .bss.__malloc_sbrk_start
                0x0000000020000a30        0x4 /home/ckraemer/.arduino15/packages/adafruit/tools/arm-none-eabi-gcc/9-2019q4/bin/../lib/gcc/arm-none-eabi/9.2.1/../../../../arm-none-eabi/lib/thumb/v6-m/nofp/libc_nano.a(lib_a-nano-mallocr.o)
                0x0000000020000a30                __malloc_sbrk_start
 .bss.heap_end.4144
                0x0000000020000a34        0x4 /home/ckraemer/.arduino15/packages/adafruit/tools/arm-none-eabi-gcc/9-2019q4/bin/../lib/gcc/arm-none-eabi/9.2.1/../../../../arm-none-eabi/lib/thumb/v6-m/nofp/libnosys.a(sbrk.o)
 *(COMMON)
 COMMON         0x0000000020000a38        0x4 /home/ckraemer/.arduino15/packages/adafruit/tools/arm-none-eabi-gcc/9-2019q4/bin/../lib/gcc/arm-none-eabi/9.2.1/../../../../arm-none-eabi/lib/thumb/v6-m/nofp/libc_nano.a(lib_a-reent.o)
                0x0000000020000a38                errno
 COMMON         0x0000000020000a3c        0x9 /home/ckraemer/.arduino15/packages/adafruit/tools/arm-none-eabi-gcc/9-2019q4/bin/../lib/gcc/arm-none-eabi/9.2.1/../../../../arm-none-eabi/lib/thumb/v6-m/nofp/libc_nano.a(lib_a-lock.o)
                0x0000000020000a3c                __lock___atexit_recursive_mutex
                0x0000000020000a3d                __lock___arc4random_mutex
                0x0000000020000a3e                __lock___env_recursive_mutex
                0x0000000020000a3f                __lock___sinit_recursive_mutex
                0x0000000020000a40                __lock___malloc_recursive_mutex
                0x0000000020000a41                __lock___at_quick_exit_mutex
                0x0000000020000a42                __lock___dd_hash_mutex
                0x0000000020000a43                __lock___tz_mutex
                0x0000000020000a44                __lock___sfp_recursive_mutex
                0x0000000020000a48                . = ALIGN (0x4)
 *fill*         0x0000000020000a45        0x3 
                0x0000000020000a48                __bss_end__ = .

.heap           0x0000000020000a48        0x0
                0x0000000020000a48                __end__ = .
                0x0000000020000a48                PROVIDE (end = .)
 *(.heap*)
                0x0000000020000a48                __HeapLimit = .

.stack_dummy    0x0000000020000a48        0x0
 *(.stack*)
                0x0000000020008000                __StackTop = (ORIGIN (RAM) + LENGTH (RAM))
                0x0000000020008000                __StackLimit = (__StackTop - SIZEOF (.stack_dummy))
                0x0000000020008000                PROVIDE (__stack = __StackTop)
                0x0000000020007fff                __ram_end__ = ((ORIGIN (RAM) + LENGTH (RAM)) - 0x1)
                0x0000000000000001                ASSERT ((__StackLimit >= __HeapLimit), region RAM overflowed with stack)
OUTPUT(/tmp/arduino_build_915930/AnalogReadSerial.ino.elf elf32-littlearm)

.ARM.attributes
                0x0000000000000000       0x28
 .ARM.attributes
                0x0000000000000000       0x1e /home/ckraemer/.arduino15/packages/adafruit/tools/arm-none-eabi-gcc/9-2019q4/bin/../lib/gcc/arm-none-eabi/9.2.1/thumb/v6-m/nofp/crti.o
 .ARM.attributes
                0x000000000000001e       0x2c /home/ckraemer/.arduino15/packages/adafruit/tools/arm-none-eabi-gcc/9-2019q4/bin/../lib/gcc/arm-none-eabi/9.2.1/thumb/v6-m/nofp/crtbegin.o
 .ARM.attributes
                0x000000000000004a       0x2c /tmp/arduino_build_915930/sketch/AnalogReadSerial.ino.cpp.o
 .ARM.attributes
                0x0000000000000076       0x2c /tmp/arduino_build_915930/core/variant.cpp.o
 .ARM.attributes
                0x00000000000000a2       0x2c /tmp/arduino_build_915930/core/core.a(cortex_handlers.c.o)
 .ARM.attributes
                0x00000000000000ce       0x2c /tmp/arduino_build_915930/core/core.a(delay.c.o)
 .ARM.attributes
                0x00000000000000fa       0x2c /tmp/arduino_build_915930/core/core.a(hooks.c.o)
 .ARM.attributes
                0x0000000000000126       0x2c /tmp/arduino_build_915930/core/core.a(startup.c.o)
 .ARM.attributes
                0x0000000000000152       0x2c /tmp/arduino_build_915930/core/core.a(wiring.c.o)
 .ARM.attributes
                0x000000000000017e       0x2c /tmp/arduino_build_915930/core/core.a(wiring_analog.c.o)
 .ARM.attributes
                0x00000000000001aa       0x2c /tmp/arduino_build_915930/core/core.a(wiring_digital.c.o)
 .ARM.attributes
                0x00000000000001d6       0x2c /tmp/arduino_build_915930/core/core.a(wiring_private.c.o)
 .ARM.attributes
                0x0000000000000202       0x2c /tmp/arduino_build_915930/core/core.a(Print.cpp.o)
 .ARM.attributes
                0x000000000000022e       0x2c /tmp/arduino_build_915930/core/core.a(Reset.cpp.o)
 .ARM.attributes
                0x000000000000025a       0x2c /tmp/arduino_build_915930/core/core.a(SERCOM.cpp.o)
 .ARM.attributes
                0x0000000000000286       0x2c /tmp/arduino_build_915930/core/core.a(CDC.cpp.o)
 .ARM.attributes
                0x00000000000002b2       0x2c /tmp/arduino_build_915930/core/core.a(USBCore.cpp.o)
 .ARM.attributes
                0x00000000000002de       0x2c /tmp/arduino_build_915930/core/core.a(Uart.cpp.o)
 .ARM.attributes
                0x000000000000030a       0x2c /tmp/arduino_build_915930/core/core.a(main.cpp.o)
 .ARM.attributes
                0x0000000000000336       0x2c /tmp/arduino_build_915930/core/core.a(new.cpp.o)
 .ARM.attributes
                0x0000000000000362       0x2c /tmp/arduino_build_915930/core/core.a(PluggableUSB.cpp.o)
 .ARM.attributes
                0x000000000000038e       0x2c /tmp/arduino_build_915930/core/core.a(SAMD21_USBDevice.cpp.o)
 .ARM.attributes
                0x00000000000003ba       0x1e /home/ckraemer/.arduino15/packages/adafruit/tools/arm-none-eabi-gcc/9-2019q4/bin/../lib/gcc/arm-none-eabi/9.2.1/thumb/v6-m/nofp/libgcc.a(_thumb1_case_uqi.o)
 .ARM.attributes
                0x00000000000003d8       0x1e /home/ckraemer/.arduino15/packages/adafruit/tools/arm-none-eabi-gcc/9-2019q4/bin/../lib/gcc/arm-none-eabi/9.2.1/thumb/v6-m/nofp/libgcc.a(_udivsi3.o)
 .ARM.attributes
                0x00000000000003f6       0x1e /home/ckraemer/.arduino15/packages/adafruit/tools/arm-none-eabi-gcc/9-2019q4/bin/../lib/gcc/arm-none-eabi/9.2.1/thumb/v6-m/nofp/libgcc.a(_dvmd_tls.o)
 .ARM.attributes
                0x0000000000000414       0x2c /home/ckraemer/.arduino15/packages/adafruit/tools/arm-none-eabi-gcc/9-2019q4/bin/../lib/gcc/arm-none-eabi/9.2.1/../../../../arm-none-eabi/lib/thumb/v6-m/nofp/libc_nano.a(lib_a-impure.o)
 .ARM.attributes
                0x0000000000000440       0x2c /home/ckraemer/.arduino15/packages/adafruit/tools/arm-none-eabi-gcc/9-2019q4/bin/../lib/gcc/arm-none-eabi/9.2.1/../../../../arm-none-eabi/lib/thumb/v6-m/nofp/libc_nano.a(lib_a-init.o)
 .ARM.attributes
                0x000000000000046c       0x2c /home/ckraemer/.arduino15/packages/adafruit/tools/arm-none-eabi-gcc/9-2019q4/bin/../lib/gcc/arm-none-eabi/9.2.1/../../../../arm-none-eabi/lib/thumb/v6-m/nofp/libc_nano.a(lib_a-malloc.o)
 .ARM.attributes
                0x0000000000000498       0x2c /home/ckraemer/.arduino15/packages/adafruit/tools/arm-none-eabi-gcc/9-2019q4/bin/../lib/gcc/arm-none-eabi/9.2.1/../../../../arm-none-eabi/lib/thumb/v6-m/nofp/libc_nano.a(lib_a-memcpy-stub.o)
 .ARM.attributes
                0x00000000000004c4       0x2c /home/ckraemer/.arduino15/packages/adafruit/tools/arm-none-eabi-gcc/9-2019q4/bin/../lib/gcc/arm-none-eabi/9.2.1/../../../../arm-none-eabi/lib/thumb/v6-m/nofp/libc_nano.a(lib_a-memset.o)
 .ARM.attributes
                0x00000000000004f0       0x2c /home/ckraemer/.arduino15/packages/adafruit/tools/arm-none-eabi-gcc/9-2019q4/bin/../lib/gcc/arm-none-eabi/9.2.1/../../../../arm-none-eabi/lib/thumb/v6-m/nofp/libc_nano.a(lib_a-nano-freer.o)
 .ARM.attributes
                0x000000000000051c       0x2c /home/ckraemer/.arduino15/packages/adafruit/tools/arm-none-eabi-gcc/9-2019q4/bin/../lib/gcc/arm-none-eabi/9.2.1/../../../../arm-none-eabi/lib/thumb/v6-m/nofp/libc_nano.a(lib_a-nano-mallocr.o)
 .ARM.attributes
                0x0000000000000548       0x2c /home/ckraemer/.arduino15/packages/adafruit/tools/arm-none-eabi-gcc/9-2019q4/bin/../lib/gcc/arm-none-eabi/9.2.1/../../../../arm-none-eabi/lib/thumb/v6-m/nofp/libc_nano.a(lib_a-sbrkr.o)
 .ARM.attributes
                0x0000000000000574       0x1c /home/ckraemer/.arduino15/packages/adafruit/tools/arm-none-eabi-gcc/9-2019q4/bin/../lib/gcc/arm-none-eabi/9.2.1/../../../../arm-none-eabi/lib/thumb/v6-m/nofp/libc_nano.a(lib_a-strlen.o)
 .ARM.attributes
                0x0000000000000590       0x2c /home/ckraemer/.arduino15/packages/adafruit/tools/arm-none-eabi-gcc/9-2019q4/bin/../lib/gcc/arm-none-eabi/9.2.1/../../../../arm-none-eabi/lib/thumb/v6-m/nofp/libc_nano.a(lib_a-mlock.o)
 .ARM.attributes
                0x00000000000005bc       0x2c /home/ckraemer/.arduino15/packages/adafruit/tools/arm-none-eabi-gcc/9-2019q4/bin/../lib/gcc/arm-none-eabi/9.2.1/../../../../arm-none-eabi/lib/thumb/v6-m/nofp/libc_nano.a(lib_a-reent.o)
 .ARM.attributes
                0x00000000000005e8       0x2c /home/ckraemer/.arduino15/packages/adafruit/tools/arm-none-eabi-gcc/9-2019q4/bin/../lib/gcc/arm-none-eabi/9.2.1/../../../../arm-none-eabi/lib/thumb/v6-m/nofp/libc_nano.a(lib_a-lock.o)
 .ARM.attributes
                0x0000000000000614       0x2c /home/ckraemer/.arduino15/packages/adafruit/tools/arm-none-eabi-gcc/9-2019q4/bin/../lib/gcc/arm-none-eabi/9.2.1/../../../../arm-none-eabi/lib/thumb/v6-m/nofp/libnosys.a(sbrk.o)
 .ARM.attributes
                0x0000000000000640       0x2c /home/ckraemer/.arduino15/packages/adafruit/tools/arm-none-eabi-gcc/9-2019q4/bin/../lib/gcc/arm-none-eabi/9.2.1/thumb/v6-m/nofp/crtend.o
 .ARM.attributes
                0x000000000000066c       0x1e /home/ckraemer/.arduino15/packages/adafruit/tools/arm-none-eabi-gcc/9-2019q4/bin/../lib/gcc/arm-none-eabi/9.2.1/thumb/v6-m/nofp/crtn.o

.comment        0x0000000000000000       0x79
 .comment       0x0000000000000000       0x79 /tmp/arduino_build_915930/sketch/AnalogReadSerial.ino.cpp.o
                                         0x7a (size before relaxing)
 .comment       0x0000000000000079       0x7a /tmp/arduino_build_915930/core/variant.cpp.o
 .comment       0x0000000000000079       0x7a /tmp/arduino_build_915930/core/core.a(cortex_handlers.c.o)
 .comment       0x0000000000000079       0x7a /tmp/arduino_build_915930/core/core.a(delay.c.o)
 .comment       0x0000000000000079       0x7a /tmp/arduino_build_915930/core/core.a(hooks.c.o)
 .comment       0x0000000000000079       0x7a /tmp/arduino_build_915930/core/core.a(startup.c.o)
 .comment       0x0000000000000079       0x7a /tmp/arduino_build_915930/core/core.a(wiring.c.o)
 .comment       0x0000000000000079       0x7a /tmp/arduino_build_915930/core/core.a(wiring_analog.c.o)
 .comment       0x0000000000000079       0x7a /tmp/arduino_build_915930/core/core.a(wiring_digital.c.o)
 .comment       0x0000000000000079       0x7a /tmp/arduino_build_915930/core/core.a(wiring_private.c.o)
 .comment       0x0000000000000079       0x7a /tmp/arduino_build_915930/core/core.a(Print.cpp.o)
 .comment       0x0000000000000079       0x7a /tmp/arduino_build_915930/core/core.a(Reset.cpp.o)
 .comment       0x0000000000000079       0x7a /tmp/arduino_build_915930/core/core.a(SERCOM.cpp.o)
 .comment       0x0000000000000079       0x7a /tmp/arduino_build_915930/core/core.a(CDC.cpp.o)
 .comment       0x0000000000000079       0x7a /tmp/arduino_build_915930/core/core.a(USBCore.cpp.o)
 .comment       0x0000000000000079       0x7a /tmp/arduino_build_915930/core/core.a(Uart.cpp.o)
 .comment       0x0000000000000079       0x7a /tmp/arduino_build_915930/core/core.a(main.cpp.o)
 .comment       0x0000000000000079       0x7a /tmp/arduino_build_915930/core/core.a(new.cpp.o)
 .comment       0x0000000000000079       0x7a /tmp/arduino_build_915930/core/core.a(PluggableUSB.cpp.o)
 .comment       0x0000000000000079       0x7a /tmp/arduino_build_915930/core/core.a(SAMD21_USBDevice.cpp.o)

.debug_info     0x0000000000000000    0x6ff6c
 .debug_info    0x0000000000000000     0x68f8 /tmp/arduino_build_915930/sketch/AnalogReadSerial.ino.cpp.o
 .debug_info    0x00000000000068f8     0x6cf7 /tmp/arduino_build_915930/core/variant.cpp.o
 .debug_info    0x000000000000d5ef     0x128e /tmp/arduino_build_915930/core/core.a(cortex_handlers.c.o)
 .debug_info    0x000000000000e87d     0x1538 /tmp/arduino_build_915930/core/core.a(delay.c.o)
 .debug_info    0x000000000000fdb5       0x67 /tmp/arduino_build_915930/core/core.a(hooks.c.o)
 .debug_info    0x000000000000fe1c     0x38d6 /tmp/arduino_build_915930/core/core.a(startup.c.o)
 .debug_info    0x00000000000136f2     0x30f1 /tmp/arduino_build_915930/core/core.a(wiring.c.o)
 .debug_info    0x00000000000167e3     0x5578 /tmp/arduino_build_915930/core/core.a(wiring_analog.c.o)
 .debug_info    0x000000000001bd5b     0x1a30 /tmp/arduino_build_915930/core/core.a(wiring_digital.c.o)
 .debug_info    0x000000000001d78b     0x19be /tmp/arduino_build_915930/core/core.a(wiring_private.c.o)
 .debug_info    0x000000000001f149     0x97c0 /tmp/arduino_build_915930/core/core.a(Print.cpp.o)
 .debug_info    0x0000000000028909     0x6f34 /tmp/arduino_build_915930/core/core.a(Reset.cpp.o)
 .debug_info    0x000000000002f83d     0x80f8 /tmp/arduino_build_915930/core/core.a(SERCOM.cpp.o)
 .debug_info    0x0000000000037935     0x905b /tmp/arduino_build_915930/core/core.a(CDC.cpp.o)
 .debug_info    0x0000000000040990     0xea62 /tmp/arduino_build_915930/core/core.a(USBCore.cpp.o)
 .debug_info    0x000000000004f3f2     0x9d1d /tmp/arduino_build_915930/core/core.a(Uart.cpp.o)
 .debug_info    0x000000000005910f     0x693b /tmp/arduino_build_915930/core/core.a(main.cpp.o)
 .debug_info    0x000000000005fa4a     0x1111 /tmp/arduino_build_915930/core/core.a(new.cpp.o)
 .debug_info    0x0000000000060b5b     0x6de4 /tmp/arduino_build_915930/core/core.a(PluggableUSB.cpp.o)
 .debug_info    0x000000000006793f     0x862d /tmp/arduino_build_915930/core/core.a(SAMD21_USBDevice.cpp.o)

.debug_abbrev   0x0000000000000000     0x7ae1
 .debug_abbrev  0x0000000000000000      0x65c /tmp/arduino_build_915930/sketch/AnalogReadSerial.ino.cpp.o
 .debug_abbrev  0x000000000000065c      0x5d6 /tmp/arduino_build_915930/core/variant.cpp.o
 .debug_abbrev  0x0000000000000c32      0x303 /tmp/arduino_build_915930/core/core.a(cortex_handlers.c.o)
 .debug_abbrev  0x0000000000000f35      0x33a /tmp/arduino_build_915930/core/core.a(delay.c.o)
 .debug_abbrev  0x000000000000126f       0x4d /tmp/arduino_build_915930/core/core.a(hooks.c.o)
 .debug_abbrev  0x00000000000012bc      0x2f7 /tmp/arduino_build_915930/core/core.a(startup.c.o)
 .debug_abbrev  0x00000000000015b3      0x3e8 /tmp/arduino_build_915930/core/core.a(wiring.c.o)
 .debug_abbrev  0x000000000000199b      0x554 /tmp/arduino_build_915930/core/core.a(wiring_analog.c.o)
 .debug_abbrev  0x0000000000001eef      0x389 /tmp/arduino_build_915930/core/core.a(wiring_digital.c.o)
 .debug_abbrev  0x0000000000002278      0x351 /tmp/arduino_build_915930/core/core.a(wiring_private.c.o)
 .debug_abbrev  0x00000000000025c9      0xa5e /tmp/arduino_build_915930/core/core.a(Print.cpp.o)
 .debug_abbrev  0x0000000000003027      0x750 /tmp/arduino_build_915930/core/core.a(Reset.cpp.o)
 .debug_abbrev  0x0000000000003777      0x974 /tmp/arduino_build_915930/core/core.a(SERCOM.cpp.o)
 .debug_abbrev  0x00000000000040eb      0xa8f /tmp/arduino_build_915930/core/core.a(CDC.cpp.o)
 .debug_abbrev  0x0000000000004b7a      0xcf4 /tmp/arduino_build_915930/core/core.a(USBCore.cpp.o)
 .debug_abbrev  0x000000000000586e      0xa66 /tmp/arduino_build_915930/core/core.a(Uart.cpp.o)
 .debug_abbrev  0x00000000000062d4      0x683 /tmp/arduino_build_915930/core/core.a(main.cpp.o)
 .debug_abbrev  0x0000000000006957      0x350 /tmp/arduino_build_915930/core/core.a(new.cpp.o)
 .debug_abbrev  0x0000000000006ca7      0x778 /tmp/arduino_build_915930/core/core.a(PluggableUSB.cpp.o)
 .debug_abbrev  0x000000000000741f      0x6c2 /tmp/arduino_build_915930/core/core.a(SAMD21_USBDevice.cpp.o)

.debug_loc      0x0000000000000000     0x7f5d
 .debug_loc     0x0000000000000000       0x22 /tmp/arduino_build_915930/sketch/AnalogReadSerial.ino.cpp.o
 .debug_loc     0x0000000000000022       0x2e /tmp/arduino_build_915930/core/variant.cpp.o
 .debug_loc     0x0000000000000050       0xa5 /tmp/arduino_build_915930/core/core.a(cortex_handlers.c.o)
 .debug_loc     0x00000000000000f5      0x12a /tmp/arduino_build_915930/core/core.a(delay.c.o)
 .debug_loc     0x000000000000021f       0x47 /tmp/arduino_build_915930/core/core.a(startup.c.o)
 .debug_loc     0x0000000000000266       0xd9 /tmp/arduino_build_915930/core/core.a(wiring.c.o)
 .debug_loc     0x000000000000033f      0x51c /tmp/arduino_build_915930/core/core.a(wiring_analog.c.o)
 .debug_loc     0x000000000000085b      0x13e /tmp/arduino_build_915930/core/core.a(wiring_digital.c.o)
 .debug_loc     0x0000000000000999      0x14e /tmp/arduino_build_915930/core/core.a(wiring_private.c.o)
 .debug_loc     0x0000000000000ae7     0x1dc4 /tmp/arduino_build_915930/core/core.a(Print.cpp.o)
 .debug_loc     0x00000000000028ab      0xe80 /tmp/arduino_build_915930/core/core.a(SERCOM.cpp.o)
 .debug_loc     0x000000000000372b      0x79e /tmp/arduino_build_915930/core/core.a(CDC.cpp.o)
 .debug_loc     0x0000000000003ec9     0x3092 /tmp/arduino_build_915930/core/core.a(USBCore.cpp.o)
 .debug_loc     0x0000000000006f5b      0xc6a /tmp/arduino_build_915930/core/core.a(Uart.cpp.o)
 .debug_loc     0x0000000000007bc5       0x4a /tmp/arduino_build_915930/core/core.a(new.cpp.o)
 .debug_loc     0x0000000000007c0f      0x295 /tmp/arduino_build_915930/core/core.a(PluggableUSB.cpp.o)
 .debug_loc     0x0000000000007ea4       0xb9 /tmp/arduino_build_915930/core/core.a(SAMD21_USBDevice.cpp.o)

.debug_aranges  0x0000000000000000      0x8f8
 .debug_aranges
                0x0000000000000000       0x28 /tmp/arduino_build_915930/sketch/AnalogReadSerial.ino.cpp.o
 .debug_aranges
                0x0000000000000028       0x28 /tmp/arduino_build_915930/core/variant.cpp.o
 .debug_aranges
                0x0000000000000050       0x40 /tmp/arduino_build_915930/core/core.a(cortex_handlers.c.o)
 .debug_aranges
                0x0000000000000090       0x38 /tmp/arduino_build_915930/core/core.a(delay.c.o)
 .debug_aranges
                0x00000000000000c8       0x30 /tmp/arduino_build_915930/core/core.a(hooks.c.o)
 .debug_aranges
                0x00000000000000f8       0x20 /tmp/arduino_build_915930/core/core.a(startup.c.o)
 .debug_aranges
                0x0000000000000118       0x20 /tmp/arduino_build_915930/core/core.a(wiring.c.o)
 .debug_aranges
                0x0000000000000138       0x40 /tmp/arduino_build_915930/core/core.a(wiring_analog.c.o)
 .debug_aranges
                0x0000000000000178       0x30 /tmp/arduino_build_915930/core/core.a(wiring_digital.c.o)
 .debug_aranges
                0x00000000000001a8       0x20 /tmp/arduino_build_915930/core/core.a(wiring_private.c.o)
 .debug_aranges
                0x00000000000001c8      0x130 /tmp/arduino_build_915930/core/core.a(Print.cpp.o)
 .debug_aranges
                0x00000000000002f8       0x30 /tmp/arduino_build_915930/core/core.a(Reset.cpp.o)
 .debug_aranges
                0x0000000000000328      0x200 /tmp/arduino_build_915930/core/core.a(SERCOM.cpp.o)
 .debug_aranges
                0x0000000000000528       0xd8 /tmp/arduino_build_915930/core/core.a(CDC.cpp.o)
 .debug_aranges
                0x0000000000000600      0x180 /tmp/arduino_build_915930/core/core.a(USBCore.cpp.o)
 .debug_aranges
                0x0000000000000780       0xb0 /tmp/arduino_build_915930/core/core.a(Uart.cpp.o)
 .debug_aranges
                0x0000000000000830       0x28 /tmp/arduino_build_915930/core/core.a(main.cpp.o)
 .debug_aranges
                0x0000000000000858       0x28 /tmp/arduino_build_915930/core/core.a(new.cpp.o)
 .debug_aranges
                0x0000000000000880       0x50 /tmp/arduino_build_915930/core/core.a(PluggableUSB.cpp.o)
 .debug_aranges
                0x00000000000008d0       0x28 /tmp/arduino_build_915930/core/core.a(SAMD21_USBDevice.cpp.o)

.debug_ranges   0x0000000000000000     0x1710
 .debug_ranges  0x0000000000000000       0x18 /tmp/arduino_build_915930/sketch/AnalogReadSerial.ino.cpp.o
 .debug_ranges  0x0000000000000018       0x30 /tmp/arduino_build_915930/core/variant.cpp.o
 .debug_ranges  0x0000000000000048       0x30 /tmp/arduino_build_915930/core/core.a(cortex_handlers.c.o)
 .debug_ranges  0x0000000000000078       0x28 /tmp/arduino_build_915930/core/core.a(delay.c.o)
 .debug_ranges  0x00000000000000a0       0x20 /tmp/arduino_build_915930/core/core.a(hooks.c.o)
 .debug_ranges  0x00000000000000c0       0x10 /tmp/arduino_build_915930/core/core.a(startup.c.o)
 .debug_ranges  0x00000000000000d0       0x80 /tmp/arduino_build_915930/core/core.a(wiring.c.o)
 .debug_ranges  0x0000000000000150       0xd8 /tmp/arduino_build_915930/core/core.a(wiring_analog.c.o)
 .debug_ranges  0x0000000000000228       0x20 /tmp/arduino_build_915930/core/core.a(wiring_digital.c.o)
 .debug_ranges  0x0000000000000248       0x28 /tmp/arduino_build_915930/core/core.a(wiring_private.c.o)
 .debug_ranges  0x0000000000000270      0x248 /tmp/arduino_build_915930/core/core.a(Print.cpp.o)
 .debug_ranges  0x00000000000004b8       0x50 /tmp/arduino_build_915930/core/core.a(Reset.cpp.o)
 .debug_ranges  0x0000000000000508      0x320 /tmp/arduino_build_915930/core/core.a(SERCOM.cpp.o)
 .debug_ranges  0x0000000000000828      0x160 /tmp/arduino_build_915930/core/core.a(CDC.cpp.o)
 .debug_ranges  0x0000000000000988      0x9f8 /tmp/arduino_build_915930/core/core.a(USBCore.cpp.o)
 .debug_ranges  0x0000000000001380      0x2e8 /tmp/arduino_build_915930/core/core.a(Uart.cpp.o)
 .debug_ranges  0x0000000000001668       0x18 /tmp/arduino_build_915930/core/core.a(main.cpp.o)
 .debug_ranges  0x0000000000001680       0x18 /tmp/arduino_build_915930/core/core.a(new.cpp.o)
 .debug_ranges  0x0000000000001698       0x60 /tmp/arduino_build_915930/core/core.a(PluggableUSB.cpp.o)
 .debug_ranges  0x00000000000016f8       0x18 /tmp/arduino_build_915930/core/core.a(SAMD21_USBDevice.cpp.o)

.debug_line     0x0000000000000000     0xce8e
 .debug_line    0x0000000000000000      0x760 /tmp/arduino_build_915930/sketch/AnalogReadSerial.ino.cpp.o
 .debug_line    0x0000000000000760      0x641 /tmp/arduino_build_915930/core/variant.cpp.o
 .debug_line    0x0000000000000da1      0x46e /tmp/arduino_build_915930/core/core.a(cortex_handlers.c.o)
 .debug_line    0x000000000000120f      0x680 /tmp/arduino_build_915930/core/core.a(delay.c.o)
 .debug_line    0x000000000000188f       0xc9 /tmp/arduino_build_915930/core/core.a(hooks.c.o)
 .debug_line    0x0000000000001958      0x6cb /tmp/arduino_build_915930/core/core.a(startup.c.o)
 .debug_line    0x0000000000002023      0x6f4 /tmp/arduino_build_915930/core/core.a(wiring.c.o)
 .debug_line    0x0000000000002717      0xbca /tmp/arduino_build_915930/core/core.a(wiring_analog.c.o)
 .debug_line    0x00000000000032e1      0x5d7 /tmp/arduino_build_915930/core/core.a(wiring_digital.c.o)
 .debug_line    0x00000000000038b8      0x56d /tmp/arduino_build_915930/core/core.a(wiring_private.c.o)
 .debug_line    0x0000000000003e25     0x116c /tmp/arduino_build_915930/core/core.a(Print.cpp.o)
 .debug_line    0x0000000000004f91      0x874 /tmp/arduino_build_915930/core/core.a(Reset.cpp.o)
 .debug_line    0x0000000000005805     0x164f /tmp/arduino_build_915930/core/core.a(SERCOM.cpp.o)
 .debug_line    0x0000000000006e54      0xca5 /tmp/arduino_build_915930/core/core.a(CDC.cpp.o)
 .debug_line    0x0000000000007af9     0x280e /tmp/arduino_build_915930/core/core.a(USBCore.cpp.o)
 .debug_line    0x000000000000a307      0xf8e /tmp/arduino_build_915930/core/core.a(Uart.cpp.o)
 .debug_line    0x000000000000b295      0x752 /tmp/arduino_build_915930/core/core.a(main.cpp.o)
 .debug_line    0x000000000000b9e7      0x3d7 /tmp/arduino_build_915930/core/core.a(new.cpp.o)
 .debug_line    0x000000000000bdbe      0x954 /tmp/arduino_build_915930/core/core.a(PluggableUSB.cpp.o)
 .debug_line    0x000000000000c712      0x77c /tmp/arduino_build_915930/core/core.a(SAMD21_USBDevice.cpp.o)

.debug_str      0x0000000000000000     0xa36a
 .debug_str     0x0000000000000000     0x381e /tmp/arduino_build_915930/sketch/AnalogReadSerial.ino.cpp.o
                                       0x4078 (size before relaxing)
 .debug_str     0x000000000000381e      0x90a /tmp/arduino_build_915930/core/variant.cpp.o
                                       0x37f9 (size before relaxing)
 .debug_str     0x0000000000004128      0x4d5 /tmp/arduino_build_915930/core/core.a(cortex_handlers.c.o)
                                        0xfca (size before relaxing)
 .debug_str     0x00000000000045fd       0xe5 /tmp/arduino_build_915930/core/core.a(delay.c.o)
                                        0xecc (size before relaxing)
 .debug_str     0x00000000000046e2       0x6e /tmp/arduino_build_915930/core/core.a(hooks.c.o)
                                        0x15c (size before relaxing)
 .debug_str     0x0000000000004750      0x858 /tmp/arduino_build_915930/core/core.a(startup.c.o)
                                       0x1707 (size before relaxing)
 .debug_str     0x0000000000004fa8      0x3c5 /tmp/arduino_build_915930/core/core.a(wiring.c.o)
                                       0x1801 (size before relaxing)
 .debug_str     0x000000000000536d      0x17b /tmp/arduino_build_915930/core/core.a(wiring_analog.c.o)
                                       0x1c60 (size before relaxing)
 .debug_str     0x00000000000054e8      0x106 /tmp/arduino_build_915930/core/core.a(wiring_digital.c.o)
                                        0xfd2 (size before relaxing)
 .debug_str     0x00000000000055ee       0x72 /tmp/arduino_build_915930/core/core.a(wiring_private.c.o)
                                        0xfbf (size before relaxing)
 .debug_str     0x0000000000005660      0xfdd /tmp/arduino_build_915930/core/core.a(Print.cpp.o)
                                       0x5061 (size before relaxing)
 .debug_str     0x000000000000663d      0x1a9 /tmp/arduino_build_915930/core/core.a(Reset.cpp.o)
                                       0x42dd (size before relaxing)
 .debug_str     0x00000000000067e6      0x2bf /tmp/arduino_build_915930/core/core.a(SERCOM.cpp.o)
                                       0x458c (size before relaxing)
 .debug_str     0x0000000000006aa5      0xbc8 /tmp/arduino_build_915930/core/core.a(CDC.cpp.o)
                                       0x5911 (size before relaxing)
 .debug_str     0x000000000000766d     0x25a5 /tmp/arduino_build_915930/core/core.a(USBCore.cpp.o)
                                       0x72dc (size before relaxing)
 .debug_str     0x0000000000009c12      0x4f0 /tmp/arduino_build_915930/core/core.a(Uart.cpp.o)
                                       0x5bae (size before relaxing)
 .debug_str     0x000000000000a102       0xaa /tmp/arduino_build_915930/core/core.a(main.cpp.o)
                                       0x40a5 (size before relaxing)
 .debug_str     0x000000000000a1ac       0x87 /tmp/arduino_build_915930/core/core.a(new.cpp.o)
                                        0x7ea (size before relaxing)
 .debug_str     0x000000000000a233       0x8b /tmp/arduino_build_915930/core/core.a(PluggableUSB.cpp.o)
                                       0x4335 (size before relaxing)
 .debug_str     0x000000000000a2be       0xac /tmp/arduino_build_915930/core/core.a(SAMD21_USBDevice.cpp.o)
                                       0x5bbb (size before relaxing)

.debug_frame    0x0000000000000000     0x1874
 .debug_frame   0x0000000000000000       0x40 /tmp/arduino_build_915930/sketch/AnalogReadSerial.ino.cpp.o
 .debug_frame   0x0000000000000040       0x44 /tmp/arduino_build_915930/core/variant.cpp.o
 .debug_frame   0x0000000000000084       0x78 /tmp/arduino_build_915930/core/core.a(cortex_handlers.c.o)
 .debug_frame   0x00000000000000fc       0x78 /tmp/arduino_build_915930/core/core.a(delay.c.o)
 .debug_frame   0x0000000000000174       0x40 /tmp/arduino_build_915930/core/core.a(hooks.c.o)
 .debug_frame   0x00000000000001b4       0x2c /tmp/arduino_build_915930/core/core.a(startup.c.o)
 .debug_frame   0x00000000000001e0       0x28 /tmp/arduino_build_915930/core/core.a(wiring.c.o)
 .debug_frame   0x0000000000000208       0x80 /tmp/arduino_build_915930/core/core.a(wiring_analog.c.o)
 .debug_frame   0x0000000000000288       0x60 /tmp/arduino_build_915930/core/core.a(wiring_digital.c.o)
 .debug_frame   0x00000000000002e8       0x2c /tmp/arduino_build_915930/core/core.a(wiring_private.c.o)
 .debug_frame   0x0000000000000314      0x3d0 /tmp/arduino_build_915930/core/core.a(Print.cpp.o)
 .debug_frame   0x00000000000006e4       0x48 /tmp/arduino_build_915930/core/core.a(Reset.cpp.o)
 .debug_frame   0x000000000000072c      0x4a0 /tmp/arduino_build_915930/core/core.a(SERCOM.cpp.o)
 .debug_frame   0x0000000000000bcc      0x1f8 /tmp/arduino_build_915930/core/core.a(CDC.cpp.o)
 .debug_frame   0x0000000000000dc4      0x474 /tmp/arduino_build_915930/core/core.a(USBCore.cpp.o)
 .debug_frame   0x0000000000001238      0x1d0 /tmp/arduino_build_915930/core/core.a(Uart.cpp.o)
 .debug_frame   0x0000000000001408       0x38 /tmp/arduino_build_915930/core/core.a(main.cpp.o)
 .debug_frame   0x0000000000001440       0x70 /tmp/arduino_build_915930/core/core.a(new.cpp.o)
 .debug_frame   0x00000000000014b0       0xc8 /tmp/arduino_build_915930/core/core.a(PluggableUSB.cpp.o)
 .debug_frame   0x0000000000001578       0x48 /tmp/arduino_build_915930/core/core.a(SAMD21_USBDevice.cpp.o)
 .debug_frame   0x00000000000015c0       0x20 /home/ckraemer/.arduino15/packages/adafruit/tools/arm-none-eabi-gcc/9-2019q4/bin/../lib/gcc/arm-none-eabi/9.2.1/thumb/v6-m/nofp/libgcc.a(_udivsi3.o)
 .debug_frame   0x00000000000015e0       0x2c /home/ckraemer/.arduino15/packages/adafruit/tools/arm-none-eabi-gcc/9-2019q4/bin/../lib/gcc/arm-none-eabi/9.2.1/../../../../arm-none-eabi/lib/thumb/v6-m/nofp/libc_nano.a(lib_a-init.o)
 .debug_frame   0x000000000000160c       0x40 /home/ckraemer/.arduino15/packages/adafruit/tools/arm-none-eabi-gcc/9-2019q4/bin/../lib/gcc/arm-none-eabi/9.2.1/../../../../arm-none-eabi/lib/thumb/v6-m/nofp/libc_nano.a(lib_a-malloc.o)
 .debug_frame   0x000000000000164c       0x28 /home/ckraemer/.arduino15/packages/adafruit/tools/arm-none-eabi-gcc/9-2019q4/bin/../lib/gcc/arm-none-eabi/9.2.1/../../../../arm-none-eabi/lib/thumb/v6-m/nofp/libc_nano.a(lib_a-memcpy-stub.o)
 .debug_frame   0x0000000000001674       0x20 /home/ckraemer/.arduino15/packages/adafruit/tools/arm-none-eabi-gcc/9-2019q4/bin/../lib/gcc/arm-none-eabi/9.2.1/../../../../arm-none-eabi/lib/thumb/v6-m/nofp/libc_nano.a(lib_a-memset.o)
 .debug_frame   0x0000000000001694       0x2c /home/ckraemer/.arduino15/packages/adafruit/tools/arm-none-eabi-gcc/9-2019q4/bin/../lib/gcc/arm-none-eabi/9.2.1/../../../../arm-none-eabi/lib/thumb/v6-m/nofp/libc_nano.a(lib_a-nano-freer.o)
 .debug_frame   0x00000000000016c0       0x30 /home/ckraemer/.arduino15/packages/adafruit/tools/arm-none-eabi-gcc/9-2019q4/bin/../lib/gcc/arm-none-eabi/9.2.1/../../../../arm-none-eabi/lib/thumb/v6-m/nofp/libc_nano.a(lib_a-nano-mallocr.o)
 .debug_frame   0x00000000000016f0       0x2c /home/ckraemer/.arduino15/packages/adafruit/tools/arm-none-eabi-gcc/9-2019q4/bin/../lib/gcc/arm-none-eabi/9.2.1/../../../../arm-none-eabi/lib/thumb/v6-m/nofp/libc_nano.a(lib_a-sbrkr.o)
 .debug_frame   0x000000000000171c       0x40 /home/ckraemer/.arduino15/packages/adafruit/tools/arm-none-eabi-gcc/9-2019q4/bin/../lib/gcc/arm-none-eabi/9.2.1/../../../../arm-none-eabi/lib/thumb/v6-m/nofp/libc_nano.a(lib_a-mlock.o)
 .debug_frame   0x000000000000175c       0x48 /home/ckraemer/.arduino15/packages/adafruit/tools/arm-none-eabi-gcc/9-2019q4/bin/../lib/gcc/arm-none-eabi/9.2.1/../../../../arm-none-eabi/lib/thumb/v6-m/nofp/libc_nano.a(lib_a-reent.o)
 .debug_frame   0x00000000000017a4       0xb0 /home/ckraemer/.arduino15/packages/adafruit/tools/arm-none-eabi-gcc/9-2019q4/bin/../lib/gcc/arm-none-eabi/9.2.1/../../../../arm-none-eabi/lib/thumb/v6-m/nofp/libc_nano.a(lib_a-lock.o)
 .debug_frame   0x0000000000001854       0x20 /home/ckraemer/.arduino15/packages/adafruit/tools/arm-none-eabi-gcc/9-2019q4/bin/../lib/gcc/arm-none-eabi/9.2.1/../../../../arm-none-eabi/lib/thumb/v6-m/nofp/libnosys.a(sbrk.o)

Cross Reference Table

Symbol                                            File
AC_Handler                                        /tmp/arduino_build_915930/core/core.a(cortex_handlers.c.o)
ADC_Handler                                       /tmp/arduino_build_915930/core/core.a(cortex_handlers.c.o)
CDC_GetInterface(unsigned char*)                  /tmp/arduino_build_915930/core/core.a(CDC.cpp.o)
                                                  /tmp/arduino_build_915930/core/core.a(USBCore.cpp.o)
CDC_Setup(USBSetup&)                              /tmp/arduino_build_915930/core/core.a(CDC.cpp.o)
                                                  /tmp/arduino_build_915930/core/core.a(USBCore.cpp.o)
DAC_Handler                                       /tmp/arduino_build_915930/core/core.a(cortex_handlers.c.o)
DMAC_Handler                                      /tmp/arduino_build_915930/core/core.a(cortex_handlers.c.o)
DoubleBufferedEPOutHandler::available() const     /tmp/arduino_build_915930/core/core.a(USBCore.cpp.o)
DoubleBufferedEPOutHandler::handleEndpoint()      /tmp/arduino_build_915930/core/core.a(USBCore.cpp.o)
DoubleBufferedEPOutHandler::init()                /tmp/arduino_build_915930/core/core.a(USBCore.cpp.o)
DoubleBufferedEPOutHandler::recv(void*, unsigned long) /tmp/arduino_build_915930/core/core.a(USBCore.cpp.o)
DoubleBufferedEPOutHandler::release()             /tmp/arduino_build_915930/core/core.a(USBCore.cpp.o)
DoubleBufferedEPOutHandler::~DoubleBufferedEPOutHandler() /tmp/arduino_build_915930/core/core.a(USBCore.cpp.o)
DoubleBufferedEPOutHandler::~DoubleBufferedEPOutHandler() /tmp/arduino_build_915930/core/core.a(USBCore.cpp.o)
DoubleBufferedEPOutHandler::~DoubleBufferedEPOutHandler() /tmp/arduino_build_915930/core/core.a(USBCore.cpp.o)
Dummy_Handler                                     /tmp/arduino_build_915930/core/core.a(cortex_handlers.c.o)
EIC_Handler                                       /tmp/arduino_build_915930/core/core.a(cortex_handlers.c.o)
EVSYS_Handler                                     /tmp/arduino_build_915930/core/core.a(cortex_handlers.c.o)
EndPoints                                         /tmp/arduino_build_915930/core/core.a(USBCore.cpp.o)
                                                  /tmp/arduino_build_915930/core/core.a(PluggableUSB.cpp.o)
HardFault_Handler                                 /tmp/arduino_build_915930/core/core.a(cortex_handlers.c.o)
I2S_Handler                                       /tmp/arduino_build_915930/core/core.a(cortex_handlers.c.o)
NMI_Handler                                       /tmp/arduino_build_915930/core/core.a(cortex_handlers.c.o)
NVMCTRL_Handler                                   /tmp/arduino_build_915930/core/core.a(cortex_handlers.c.o)
PM_Handler                                        /tmp/arduino_build_915930/core/core.a(cortex_handlers.c.o)
PTC_Handler                                       /tmp/arduino_build_915930/core/core.a(cortex_handlers.c.o)
PendSV_Handler                                    /tmp/arduino_build_915930/core/core.a(cortex_handlers.c.o)
PluggableUSB()                                    /tmp/arduino_build_915930/core/core.a(PluggableUSB.cpp.o)
                                                  /tmp/arduino_build_915930/core/core.a(USBCore.cpp.o)
PluggableUSB_::PluggableUSB_()                    /tmp/arduino_build_915930/core/core.a(PluggableUSB.cpp.o)
PluggableUSB_::PluggableUSB_()                    /tmp/arduino_build_915930/core/core.a(PluggableUSB.cpp.o)
PluggableUSB_::getDescriptor(USBSetup&)           /tmp/arduino_build_915930/core/core.a(PluggableUSB.cpp.o)
                                                  /tmp/arduino_build_915930/core/core.a(USBCore.cpp.o)
PluggableUSB_::getInterface(unsigned char*)       /tmp/arduino_build_915930/core/core.a(PluggableUSB.cpp.o)
                                                  /tmp/arduino_build_915930/core/core.a(USBCore.cpp.o)
PluggableUSB_::getShortName(char*)                /tmp/arduino_build_915930/core/core.a(PluggableUSB.cpp.o)
PluggableUSB_::plug(PluggableUSBModule*)          /tmp/arduino_build_915930/core/core.a(PluggableUSB.cpp.o)
PluggableUSB_::setup(USBSetup&)                   /tmp/arduino_build_915930/core/core.a(PluggableUSB.cpp.o)
                                                  /tmp/arduino_build_915930/core/core.a(USBCore.cpp.o)
Print::availableForWrite()                        /tmp/arduino_build_915930/core/core.a(Print.cpp.o)
Print::flush()                                    /tmp/arduino_build_915930/core/core.a(Print.cpp.o)
Print::print(Printable const&)                    /tmp/arduino_build_915930/core/core.a(Print.cpp.o)
Print::print(String const&)                       /tmp/arduino_build_915930/core/core.a(Print.cpp.o)
Print::print(__FlashStringHelper const*)          /tmp/arduino_build_915930/core/core.a(Print.cpp.o)
Print::print(char const*)                         /tmp/arduino_build_915930/core/core.a(Print.cpp.o)
Print::print(char)                                /tmp/arduino_build_915930/core/core.a(Print.cpp.o)
Print::print(double, int)                         /tmp/arduino_build_915930/core/core.a(Print.cpp.o)
Print::print(int, int)                            /tmp/arduino_build_915930/core/core.a(Print.cpp.o)
Print::print(long long, int)                      /tmp/arduino_build_915930/core/core.a(Print.cpp.o)
Print::print(long, int)                           /tmp/arduino_build_915930/core/core.a(Print.cpp.o)
Print::print(unsigned char, int)                  /tmp/arduino_build_915930/core/core.a(Print.cpp.o)
Print::print(unsigned int, int)                   /tmp/arduino_build_915930/core/core.a(Print.cpp.o)
Print::print(unsigned long long, int)             /tmp/arduino_build_915930/core/core.a(Print.cpp.o)
Print::print(unsigned long, int)                  /tmp/arduino_build_915930/core/core.a(Print.cpp.o)
Print::printFloat(double, unsigned char)          /tmp/arduino_build_915930/core/core.a(Print.cpp.o)
Print::printNumber(unsigned long, unsigned char)  /tmp/arduino_build_915930/core/core.a(Print.cpp.o)
Print::printULLNumber(unsigned long long, unsigned char) /tmp/arduino_build_915930/core/core.a(Print.cpp.o)
Print::printf(char const*, ...)                   /tmp/arduino_build_915930/core/core.a(Print.cpp.o)
Print::println()                                  /tmp/arduino_build_915930/core/core.a(Print.cpp.o)
Print::println(Printable const&)                  /tmp/arduino_build_915930/core/core.a(Print.cpp.o)
Print::println(String const&)                     /tmp/arduino_build_915930/core/core.a(Print.cpp.o)
Print::println(__FlashStringHelper const*)        /tmp/arduino_build_915930/core/core.a(Print.cpp.o)
Print::println(char const*)                       /tmp/arduino_build_915930/core/core.a(Print.cpp.o)
Print::println(char)                              /tmp/arduino_build_915930/core/core.a(Print.cpp.o)
Print::println(double, int)                       /tmp/arduino_build_915930/core/core.a(Print.cpp.o)
Print::println(int, int)                          /tmp/arduino_build_915930/core/core.a(Print.cpp.o)
                                                  /tmp/arduino_build_915930/sketch/AnalogReadSerial.ino.cpp.o
Print::println(long long, int)                    /tmp/arduino_build_915930/core/core.a(Print.cpp.o)
Print::println(long, int)                         /tmp/arduino_build_915930/core/core.a(Print.cpp.o)
Print::println(unsigned char, int)                /tmp/arduino_build_915930/core/core.a(Print.cpp.o)
Print::println(unsigned int, int)                 /tmp/arduino_build_915930/core/core.a(Print.cpp.o)
Print::println(unsigned long long, int)           /tmp/arduino_build_915930/core/core.a(Print.cpp.o)
Print::println(unsigned long, int)                /tmp/arduino_build_915930/core/core.a(Print.cpp.o)
Print::write(char const*)                         /tmp/arduino_build_915930/core/core.a(Print.cpp.o)
Print::write(unsigned char const*, unsigned int)  /tmp/arduino_build_915930/core/core.a(Print.cpp.o)
                                                  /tmp/arduino_build_915930/core/core.a(Uart.cpp.o)
RTC_Handler                                       /tmp/arduino_build_915930/core/core.a(cortex_handlers.c.o)
Reset_Handler                                     /tmp/arduino_build_915930/core/core.a(cortex_handlers.c.o)
RingBufferN<350>::RingBufferN()                   /tmp/arduino_build_915930/core/core.a(Uart.cpp.o)
RingBufferN<350>::RingBufferN()                   /tmp/arduino_build_915930/core/core.a(Uart.cpp.o)
RingBufferN<350>::available()                     /tmp/arduino_build_915930/core/core.a(Uart.cpp.o)
RingBufferN<350>::availableForStore()             /tmp/arduino_build_915930/core/core.a(Uart.cpp.o)
SERCOM0_Handler                                   /tmp/arduino_build_915930/core/variant.cpp.o
SERCOM1_Handler                                   /tmp/arduino_build_915930/core/core.a(cortex_handlers.c.o)
SERCOM2_Handler                                   /tmp/arduino_build_915930/core/core.a(cortex_handlers.c.o)
SERCOM3_Handler                                   /tmp/arduino_build_915930/core/core.a(cortex_handlers.c.o)
SERCOM4_Handler                                   /tmp/arduino_build_915930/core/core.a(cortex_handlers.c.o)
SERCOM5_Handler                                   /tmp/arduino_build_915930/core/core.a(cortex_handlers.c.o)
SERCOM::SERCOM(Sercom*)                           /tmp/arduino_build_915930/core/core.a(SERCOM.cpp.o)
                                                  /tmp/arduino_build_915930/core/variant.cpp.o
SERCOM::SERCOM(Sercom*)                           /tmp/arduino_build_915930/core/core.a(SERCOM.cpp.o)
SERCOM::acknowledgeUARTError()                    /tmp/arduino_build_915930/core/core.a(SERCOM.cpp.o)
                                                  /tmp/arduino_build_915930/core/core.a(Uart.cpp.o)
SERCOM::availableDataUART()                       /tmp/arduino_build_915930/core/core.a(SERCOM.cpp.o)
                                                  /tmp/arduino_build_915930/core/core.a(Uart.cpp.o)
SERCOM::availableWIRE()                           /tmp/arduino_build_915930/core/core.a(SERCOM.cpp.o)
SERCOM::calculateBaudrateSynchronous(unsigned long) /tmp/arduino_build_915930/core/core.a(SERCOM.cpp.o)
SERCOM::clearFrameErrorUART()                     /tmp/arduino_build_915930/core/core.a(SERCOM.cpp.o)
                                                  /tmp/arduino_build_915930/core/core.a(Uart.cpp.o)
SERCOM::clearStatusUART()                         /tmp/arduino_build_915930/core/core.a(SERCOM.cpp.o)
                                                  /tmp/arduino_build_915930/core/core.a(Uart.cpp.o)
SERCOM::disableDataRegisterEmptyInterruptUART()   /tmp/arduino_build_915930/core/core.a(SERCOM.cpp.o)
                                                  /tmp/arduino_build_915930/core/core.a(Uart.cpp.o)
SERCOM::disableSPI()                              /tmp/arduino_build_915930/core/core.a(SERCOM.cpp.o)
SERCOM::disableWIRE()                             /tmp/arduino_build_915930/core/core.a(SERCOM.cpp.o)