Archive member included to satisfy reference by file (symbol)

/tmp/arduino_build_482877/../arduino_cache_213079/core/core_e819bd12e37a273f8e0ee1d21781b140.a(cortex_handlers.c.o)
                              (Reset_Handler)
/tmp/arduino_build_482877/../arduino_cache_213079/core/core_e819bd12e37a273f8e0ee1d21781b140.a(delay.c.o)
                              /tmp/arduino_build_482877/sketch/Knob.ino.cpp.o (delay)
/tmp/arduino_build_482877/../arduino_cache_213079/core/core_e819bd12e37a273f8e0ee1d21781b140.a(hooks.c.o)
                              /tmp/arduino_build_482877/../arduino_cache_213079/core/core_e819bd12e37a273f8e0ee1d21781b140.a(delay.c.o) (yield)
/tmp/arduino_build_482877/../arduino_cache_213079/core/core_e819bd12e37a273f8e0ee1d21781b140.a(startup.c.o)
                              /tmp/arduino_build_482877/../arduino_cache_213079/core/core_e819bd12e37a273f8e0ee1d21781b140.a(cortex_handlers.c.o) (SystemInit)
/tmp/arduino_build_482877/../arduino_cache_213079/core/core_e819bd12e37a273f8e0ee1d21781b140.a(wiring.c.o)
                              /tmp/arduino_build_482877/libraries/Servo/samd/Servo.cpp.o (SystemCoreClock)
/tmp/arduino_build_482877/../arduino_cache_213079/core/core_e819bd12e37a273f8e0ee1d21781b140.a(wiring_analog.c.o)
                              /tmp/arduino_build_482877/../arduino_cache_213079/core/core_e819bd12e37a273f8e0ee1d21781b140.a(wiring.c.o) (analogReference)
/tmp/arduino_build_482877/../arduino_cache_213079/core/core_e819bd12e37a273f8e0ee1d21781b140.a(wiring_digital.c.o)
                              /tmp/arduino_build_482877/libraries/Servo/samd/Servo.cpp.o (pinMode)
/tmp/arduino_build_482877/../arduino_cache_213079/core/core_e819bd12e37a273f8e0ee1d21781b140.a(wiring_private.c.o)
                              /tmp/arduino_build_482877/../arduino_cache_213079/core/core_e819bd12e37a273f8e0ee1d21781b140.a(wiring_analog.c.o) (pinPeripheral)
/tmp/arduino_build_482877/../arduino_cache_213079/core/core_e819bd12e37a273f8e0ee1d21781b140.a(Reset.cpp.o)
                              /tmp/arduino_build_482877/../arduino_cache_213079/core/core_e819bd12e37a273f8e0ee1d21781b140.a(delay.c.o) (tickReset)
/tmp/arduino_build_482877/../arduino_cache_213079/core/core_e819bd12e37a273f8e0ee1d21781b140.a(SERCOM.cpp.o)
                              /tmp/arduino_build_482877/core/variant.cpp.o (SERCOM::SERCOM(Sercom*))
/tmp/arduino_build_482877/../arduino_cache_213079/core/core_e819bd12e37a273f8e0ee1d21781b140.a(Uart.cpp.o)
                              /tmp/arduino_build_482877/core/variant.cpp.o (Uart::Uart(SERCOM*, unsigned char, unsigned char, SercomRXPad, SercomUartTXPad))
/tmp/arduino_build_482877/../arduino_cache_213079/core/core_e819bd12e37a273f8e0ee1d21781b140.a(WMath.cpp.o)
                              /tmp/arduino_build_482877/sketch/Knob.ino.cpp.o (map(long, long, long, long, long))
/tmp/arduino_build_482877/../arduino_cache_213079/core/core_e819bd12e37a273f8e0ee1d21781b140.a(main.cpp.o)
                              /home/ckraemer/.arduino15/packages/adafruit/tools/arm-none-eabi-gcc/9-2019q4/bin/../lib/gcc/arm-none-eabi/9.2.1/../../../../arm-none-eabi/lib/thumb/v6-m/nofp/crt0.o (main)
/tmp/arduino_build_482877/../arduino_cache_213079/core/core_e819bd12e37a273f8e0ee1d21781b140.a(Print.cpp.o)
                              /tmp/arduino_build_482877/../arduino_cache_213079/core/core_e819bd12e37a273f8e0ee1d21781b140.a(Uart.cpp.o) (Print::write(unsigned char const*, unsigned int))
/tmp/arduino_build_482877/../arduino_cache_213079/core/core_e819bd12e37a273f8e0ee1d21781b140.a(USBCore.cpp.o)
                              /tmp/arduino_build_482877/../arduino_cache_213079/core/core_e819bd12e37a273f8e0ee1d21781b140.a(main.cpp.o) (USBDeviceClass::init())
/tmp/arduino_build_482877/../arduino_cache_213079/core/core_e819bd12e37a273f8e0ee1d21781b140.a(abi.cpp.o)
                              /tmp/arduino_build_482877/../arduino_cache_213079/core/core_e819bd12e37a273f8e0ee1d21781b140.a(Print.cpp.o) (__cxa_pure_virtual)
/tmp/arduino_build_482877/../arduino_cache_213079/core/core_e819bd12e37a273f8e0ee1d21781b140.a(new.cpp.o)
                              /tmp/arduino_build_482877/../arduino_cache_213079/core/core_e819bd12e37a273f8e0ee1d21781b140.a(USBCore.cpp.o) (operator new(unsigned int))
/tmp/arduino_build_482877/../arduino_cache_213079/core/core_e819bd12e37a273f8e0ee1d21781b140.a(CDC.cpp.o)
                              /tmp/arduino_build_482877/../arduino_cache_213079/core/core_e819bd12e37a273f8e0ee1d21781b140.a(USBCore.cpp.o) (CDC_GetInterface(unsigned char*))
/tmp/arduino_build_482877/../arduino_cache_213079/core/core_e819bd12e37a273f8e0ee1d21781b140.a(PluggableUSB.cpp.o)
                              /tmp/arduino_build_482877/../arduino_cache_213079/core/core_e819bd12e37a273f8e0ee1d21781b140.a(USBCore.cpp.o) (PluggableUSB_::getInterface(unsigned char*))
/tmp/arduino_build_482877/../arduino_cache_213079/core/core_e819bd12e37a273f8e0ee1d21781b140.a(SAMD21_USBDevice.cpp.o)
[...]
Memory Configuration

Name             Origin             Length             Attributes
FLASH            0x0000000000002000 0x000000000003e000 xr
RAM              0x0000000020000000 0x0000000000008000 xrw
*default*        0x0000000000000000 0xffffffffffffffff

Linker script and memory map

LOAD /home/ckraemer/.arduino15/packages/adafruit/tools/arm-none-eabi-gcc/9-2019q4/bin/../lib/gcc/arm-none-eabi/9.2.1/thumb/v6-m/nofp/crti.o
LOAD /home/ckraemer/.arduino15/packages/adafruit/tools/arm-none-eabi-gcc/9-2019q4/bin/../lib/gcc/arm-none-eabi/9.2.1/thumb/v6-m/nofp/crtbegin.o
LOAD /home/ckraemer/.arduino15/packages/adafruit/tools/arm-none-eabi-gcc/9-2019q4/bin/../lib/gcc/arm-none-eabi/9.2.1/../../../../arm-none-eabi/lib/thumb/v6-m/nofp/crt0.o
LOAD /tmp/arduino_build_482877/sketch/Knob.ino.cpp.o
LOAD /tmp/arduino_build_482877/libraries/Servo/avr/Servo.cpp.o
LOAD /tmp/arduino_build_482877/libraries/Servo/megaavr/Servo.cpp.o
LOAD /tmp/arduino_build_482877/libraries/Servo/nrf52/Servo.cpp.o
LOAD /tmp/arduino_build_482877/libraries/Servo/sam/Servo.cpp.o
LOAD /tmp/arduino_build_482877/libraries/Servo/samd/Servo.cpp.o
LOAD /tmp/arduino_build_482877/libraries/Servo/stm32f4/Servo.cpp.o
LOAD /tmp/arduino_build_482877/core/variant.cpp.o
START GROUP
LOAD /home/ckraemer/.arduino15/packages/adafruit/tools/CMSIS/5.4.0/CMSIS/Lib/GCC//libarm_cortexM0l_math.a
LOAD /tmp/arduino_build_482877/../arduino_cache_213079/core/core_e819bd12e37a273f8e0ee1d21781b140.a
END GROUP
LOAD /home/ckraemer/.arduino15/packages/adafruit/tools/arm-none-eabi-gcc/9-2019q4/bin/../lib/gcc/arm-none-eabi/9.2.1/../../../../arm-none-eabi/lib/thumb/v6-m/nofp/libstdc++_nano.a
LOAD /home/ckraemer/.arduino15/packages/adafruit/tools/arm-none-eabi-gcc/9-2019q4/bin/../lib/gcc/arm-none-eabi/9.2.1/../../../../arm-none-eabi/lib/thumb/v6-m/nofp/libm.a
START GROUP
LOAD /home/ckraemer/.arduino15/packages/adafruit/tools/arm-none-eabi-gcc/9-2019q4/bin/../lib/gcc/arm-none-eabi/9.2.1/thumb/v6-m/nofp/libgcc.a
LOAD /home/ckraemer/.arduino15/packages/adafruit/tools/arm-none-eabi-gcc/9-2019q4/bin/../lib/gcc/arm-none-eabi/9.2.1/../../../../arm-none-eabi/lib/thumb/v6-m/nofp/libc_nano.a
END GROUP
START GROUP
LOAD /home/ckraemer/.arduino15/packages/adafruit/tools/arm-none-eabi-gcc/9-2019q4/bin/../lib/gcc/arm-none-eabi/9.2.1/thumb/v6-m/nofp/libgcc.a
LOAD /home/ckraemer/.arduino15/packages/adafruit/tools/arm-none-eabi-gcc/9-2019q4/bin/../lib/gcc/arm-none-eabi/9.2.1/../../../../arm-none-eabi/lib/thumb/v6-m/nofp/libc_nano.a
LOAD /home/ckraemer/.arduino15/packages/adafruit/tools/arm-none-eabi-gcc/9-2019q4/bin/../lib/gcc/arm-none-eabi/9.2.1/../../../../arm-none-eabi/lib/thumb/v6-m/nofp/libnosys.a
END GROUP
START GROUP
LOAD /home/ckraemer/.arduino15/packages/adafruit/tools/arm-none-eabi-gcc/9-2019q4/bin/../lib/gcc/arm-none-eabi/9.2.1/thumb/v6-m/nofp/libgcc.a
LOAD /home/ckraemer/.arduino15/packages/adafruit/tools/arm-none-eabi-gcc/9-2019q4/bin/../lib/gcc/arm-none-eabi/9.2.1/../../../../arm-none-eabi/lib/thumb/v6-m/nofp/libc_nano.a
LOAD /home/ckraemer/.arduino15/packages/adafruit/tools/arm-none-eabi-gcc/9-2019q4/bin/../lib/gcc/arm-none-eabi/9.2.1/../../../../arm-none-eabi/lib/thumb/v6-m/nofp/libnosys.a
END GROUP
LOAD /home/ckraemer/.arduino15/packages/adafruit/tools/arm-none-eabi-gcc/9-2019q4/bin/../lib/gcc/arm-none-eabi/9.2.1/thumb/v6-m/nofp/crtend.o
LOAD /home/ckraemer/.arduino15/packages/adafruit/tools/arm-none-eabi-gcc/9-2019q4/bin/../lib/gcc/arm-none-eabi/9.2.1/thumb/v6-m/nofp/crtn.o

.text           0x0000000000002000     0x2fac
                0x0000000000002000                __text_start__ = .
 *(.isr_vector)
 .isr_vector    0x0000000000002000       0xb4 /tmp/arduino_build_482877/../arduino_cache_213079/core/core_e819bd12e37a273f8e0ee1d21781b140.a(cortex_handlers.c.o)
                0x0000000000002000                exception_table
 *(.text*)
 .text          0x00000000000020b4       0x48 /home/ckraemer/.arduino15/packages/adafruit/tools/arm-none-eabi-gcc/9-2019q4/bin/../lib/gcc/arm-none-eabi/9.2.1/thumb/v6-m/nofp/crtbegin.o
 .text.setup    0x00000000000020fc       0x10 /tmp/arduino_build_482877/sketch/Knob.ino.cpp.o
                0x00000000000020fc                setup
 .text.loop     0x000000000000210c       0x40 /tmp/arduino_build_482877/sketch/Knob.ino.cpp.o
                0x000000000000210c                loop
 .text.startup._GLOBAL__sub_I_myservo
                0x000000000000214c       0x10 /tmp/arduino_build_482877/sketch/Knob.ino.cpp.o
 .text._Z13Servo_Handler18timer16_Sequence_tP2Tchh
                0x000000000000215c      0x120 /tmp/arduino_build_482877/libraries/Servo/samd/Servo.cpp.o
                0x000000000000215c                Servo_Handler(timer16_Sequence_t, Tc*, unsigned char, unsigned char)
 .text.TC4_Handler
                0x000000000000227c       0x14 /tmp/arduino_build_482877/libraries/Servo/samd/Servo.cpp.o
                0x000000000000227c                TC4_Handler
 .text._ZN5ServoC2Ev
                0x0000000000002290       0x48 /tmp/arduino_build_482877/libraries/Servo/samd/Servo.cpp.o
                0x0000000000002290                Servo::Servo()
                0x0000000000002290                Servo::Servo()
 .text._ZN5Servo6attachEiii
                0x00000000000022d8      0x150 /tmp/arduino_build_482877/libraries/Servo/samd/Servo.cpp.o
                0x00000000000022d8                Servo::attach(int, int, int)
 .text._ZN5Servo6attachEi
                0x0000000000002428       0x10 /tmp/arduino_build_482877/libraries/Servo/samd/Servo.cpp.o
                0x0000000000002428                Servo::attach(int)
 .text._ZN5Servo17writeMicrosecondsEi
                0x0000000000002438       0x50 /tmp/arduino_build_482877/libraries/Servo/samd/Servo.cpp.o
                0x0000000000002438                Servo::writeMicroseconds(int)
 .text._ZN5Servo5writeEi
                0x0000000000002488       0x42 /tmp/arduino_build_482877/libraries/Servo/samd/Servo.cpp.o
                0x0000000000002488                Servo::write(int)
 *fill*         0x00000000000024ca        0x2 
 .text.SERCOM0_Handler
                0x00000000000024cc       0x10 /tmp/arduino_build_482877/core/variant.cpp.o
                0x00000000000024cc                SERCOM0_Handler
 .text.startup._GLOBAL__sub_I_g_APinDescription
                0x00000000000024dc       0x7c /tmp/arduino_build_482877/core/variant.cpp.o
 .text.Dummy_Handler
                0x0000000000002558        0x2 /tmp/arduino_build_482877/../arduino_cache_213079/core/core_e819bd12e37a273f8e0ee1d21781b140.a(cortex_handlers.c.o)
                0x0000000000002558                DMAC_Handler
                0x0000000000002558                HardFault_Handler
                0x0000000000002558                AC_Handler
                0x0000000000002558                PendSV_Handler
                0x0000000000002558                NMI_Handler
                0x0000000000002558                TC7_Handler
                0x0000000000002558                SERCOM1_Handler
                0x0000000000002558                ADC_Handler
                0x0000000000002558                TCC1_Handler
                0x0000000000002558                SERCOM2_Handler
                0x0000000000002558                TCC0_Handler
                0x0000000000002558                RTC_Handler
                0x0000000000002558                EIC_Handler
                0x0000000000002558                TC6_Handler
                0x0000000000002558                WDT_Handler
                0x0000000000002558                TC3_Handler
                0x0000000000002558                Dummy_Handler
                0x0000000000002558                PM_Handler
                0x0000000000002558                SERCOM5_Handler
                0x0000000000002558                SVC_Handler
                0x0000000000002558                TCC2_Handler
                0x0000000000002558                EVSYS_Handler
                0x0000000000002558                SERCOM3_Handler
                0x0000000000002558                SERCOM4_Handler
                0x0000000000002558                I2S_Handler
                0x0000000000002558                NVMCTRL_Handler
                0x0000000000002558                DAC_Handler
                0x0000000000002558                PTC_Handler
                0x0000000000002558                SYSCTRL_Handler
 *fill*         0x000000000000255a        0x2 
 .text.USB_Handler
                0x000000000000255c       0x14 /tmp/arduino_build_482877/../arduino_cache_213079/core/core_e819bd12e37a273f8e0ee1d21781b140.a(cortex_handlers.c.o)
                0x000000000000255c                USB_Handler
 .text.Reset_Handler
                0x0000000000002570       0x54 /tmp/arduino_build_482877/../arduino_cache_213079/core/core_e819bd12e37a273f8e0ee1d21781b140.a(cortex_handlers.c.o)
                0x0000000000002570                Reset_Handler
 .text.SysTick_Handler
                0x00000000000025c4       0x10 /tmp/arduino_build_482877/../arduino_cache_213079/core/core_e819bd12e37a273f8e0ee1d21781b140.a(cortex_handlers.c.o)
                0x00000000000025c4                SysTick_Handler
 .text.USB_SetHandler
                0x00000000000025d4        0xc /tmp/arduino_build_482877/../arduino_cache_213079/core/core_e819bd12e37a273f8e0ee1d21781b140.a(cortex_handlers.c.o)
                0x00000000000025d4                USB_SetHandler
 .text.micros   0x00000000000025e0       0x60 /tmp/arduino_build_482877/../arduino_cache_213079/core/core_e819bd12e37a273f8e0ee1d21781b140.a(delay.c.o)
                0x00000000000025e0                micros
 .text.delay    0x0000000000002640       0x2c /tmp/arduino_build_482877/../arduino_cache_213079/core/core_e819bd12e37a273f8e0ee1d21781b140.a(delay.c.o)
                0x0000000000002640                delay
 .text.SysTick_DefaultHandler
                0x000000000000266c       0x14 /tmp/arduino_build_482877/../arduino_cache_213079/core/core_e819bd12e37a273f8e0ee1d21781b140.a(delay.c.o)
                0x000000000000266c                SysTick_DefaultHandler
 .text.__empty  0x0000000000002680        0x2 /tmp/arduino_build_482877/../arduino_cache_213079/core/core_e819bd12e37a273f8e0ee1d21781b140.a(hooks.c.o)
                0x0000000000002680                yield
 .text.__false  0x0000000000002682        0x4 /tmp/arduino_build_482877/../arduino_cache_213079/core/core_e819bd12e37a273f8e0ee1d21781b140.a(hooks.c.o)
                0x0000000000002682                sysTickHook
 *fill*         0x0000000000002686        0x2 
 .text.SystemInit
                0x0000000000002688      0x160 /tmp/arduino_build_482877/../arduino_cache_213079/core/core_e819bd12e37a273f8e0ee1d21781b140.a(startup.c.o)
                0x0000000000002688                SystemInit
 .text.init     0x00000000000027e8       0xe0 /tmp/arduino_build_482877/../arduino_cache_213079/core/core_e819bd12e37a273f8e0ee1d21781b140.a(wiring.c.o)
                0x00000000000027e8                init
 .text.analogReference
                0x00000000000028c8       0x88 /tmp/arduino_build_482877/../arduino_cache_213079/core/core_e819bd12e37a273f8e0ee1d21781b140.a(wiring_analog.c.o)
                0x00000000000028c8                analogReference
 .text.analogRead
                0x0000000000002950       0xf0 /tmp/arduino_build_482877/../arduino_cache_213079/core/core_e819bd12e37a273f8e0ee1d21781b140.a(wiring_analog.c.o)
                0x0000000000002950                analogRead
 .text.pinMode  0x0000000000002a40       0x60 /tmp/arduino_build_482877/../arduino_cache_213079/core/core_e819bd12e37a273f8e0ee1d21781b140.a(wiring_digital.c.o)
                0x0000000000002a40                pinMode
 .text.digitalWrite
                0x0000000000002aa0       0x58 /tmp/arduino_build_482877/../arduino_cache_213079/core/core_e819bd12e37a273f8e0ee1d21781b140.a(wiring_digital.c.o)
                0x0000000000002aa0                digitalWrite
 .text.pinPeripheral
                0x0000000000002af8       0xbc /tmp/arduino_build_482877/../arduino_cache_213079/core/core_e819bd12e37a273f8e0ee1d21781b140.a(wiring_private.c.o)
                0x0000000000002af8                pinPeripheral
 .text.initiateReset
                0x0000000000002bb4        0xc /tmp/arduino_build_482877/../arduino_cache_213079/core/core_e819bd12e37a273f8e0ee1d21781b140.a(Reset.cpp.o)
                0x0000000000002bb4                initiateReset
 .text.cancelReset
                0x0000000000002bc0       0x10 /tmp/arduino_build_482877/../arduino_cache_213079/core/core_e819bd12e37a273f8e0ee1d21781b140.a(Reset.cpp.o)
                0x0000000000002bc0                cancelReset
 .text.tickReset
                0x0000000000002bd0       0x74 /tmp/arduino_build_482877/../arduino_cache_213079/core/core_e819bd12e37a273f8e0ee1d21781b140.a(Reset.cpp.o)
                0x0000000000002bd0                tickReset
 .text._ZN6SERCOMC2EP6Sercom
                0x0000000000002c44        0x4 /tmp/arduino_build_482877/../arduino_cache_213079/core/core_e819bd12e37a273f8e0ee1d21781b140.a(SERCOM.cpp.o)
                0x0000000000002c44                SERCOM::SERCOM(Sercom*)
                0x0000000000002c44                SERCOM::SERCOM(Sercom*)
 .text._ZN6SERCOM9initFrameE18SercomUartCharSize15SercomDataOrder16SercomParityMode19SercomNumberStopBit
                0x0000000000002c48       0x3a /tmp/arduino_build_482877/../arduino_cache_213079/core/core_e819bd12e37a273f8e0ee1d21781b140.a(SERCOM.cpp.o)
                0x0000000000002c48                SERCOM::initFrame(SercomUartCharSize, SercomDataOrder, SercomParityMode, SercomNumberStopBit)
 .text._ZN6SERCOM8initPadsE15SercomUartTXPad11SercomRXPad
                0x0000000000002c82       0x26 /tmp/arduino_build_482877/../arduino_cache_213079/core/core_e819bd12e37a273f8e0ee1d21781b140.a(SERCOM.cpp.o)
                0x0000000000002c82                SERCOM::initPads(SercomUartTXPad, SercomRXPad)
 .text._ZN6SERCOM9resetUARTEv
                0x0000000000002ca8       0x1a /tmp/arduino_build_482877/../arduino_cache_213079/core/core_e819bd12e37a273f8e0ee1d21781b140.a(SERCOM.cpp.o)
                0x0000000000002ca8                SERCOM::resetUART()
 .text._ZN6SERCOM10enableUARTEv
                0x0000000000002cc2       0x14 /tmp/arduino_build_482877/../arduino_cache_213079/core/core_e819bd12e37a273f8e0ee1d21781b140.a(SERCOM.cpp.o)
                0x0000000000002cc2                SERCOM::enableUART()
 .text._ZN6SERCOM9flushUARTEv
                0x0000000000002cd6       0x10 /tmp/arduino_build_482877/../arduino_cache_213079/core/core_e819bd12e37a273f8e0ee1d21781b140.a(SERCOM.cpp.o)
                0x0000000000002cd6                SERCOM::flushUART()
 .text._ZN6SERCOM15clearStatusUARTEv
                0x0000000000002ce6        0x8 /tmp/arduino_build_482877/../arduino_cache_213079/core/core_e819bd12e37a273f8e0ee1d21781b140.a(SERCOM.cpp.o)
                0x0000000000002ce6                SERCOM::clearStatusUART()
 .text._ZN6SERCOM17availableDataUARTEv
                0x0000000000002cee        0xa /tmp/arduino_build_482877/../arduino_cache_213079/core/core_e819bd12e37a273f8e0ee1d21781b140.a(SERCOM.cpp.o)
                0x0000000000002cee                SERCOM::availableDataUART()
 .text._ZN6SERCOM11isUARTErrorEv
                0x0000000000002cf8        0x8 /tmp/arduino_build_482877/../arduino_cache_213079/core/core_e819bd12e37a273f8e0ee1d21781b140.a(SERCOM.cpp.o)
                0x0000000000002cf8                SERCOM::isUARTError()
 .text._ZN6SERCOM20acknowledgeUARTErrorEv
                0x0000000000002d00        0xe /tmp/arduino_build_482877/../arduino_cache_213079/core/core_e819bd12e37a273f8e0ee1d21781b140.a(SERCOM.cpp.o)
                0x0000000000002d00                SERCOM::acknowledgeUARTError()
 .text._ZN6SERCOM16isFrameErrorUARTEv
                0x0000000000002d0e        0xa /tmp/arduino_build_482877/../arduino_cache_213079/core/core_e819bd12e37a273f8e0ee1d21781b140.a(SERCOM.cpp.o)
                0x0000000000002d0e                SERCOM::isFrameErrorUART()
 .text._ZN6SERCOM19clearFrameErrorUARTEv
                0x0000000000002d18        0xc /tmp/arduino_build_482877/../arduino_cache_213079/core/core_e819bd12e37a273f8e0ee1d21781b140.a(SERCOM.cpp.o)
                0x0000000000002d18                SERCOM::clearFrameErrorUART()
 .text._ZN6SERCOM23isDataRegisterEmptyUARTEv
                0x0000000000002d24        0xa /tmp/arduino_build_482877/../arduino_cache_213079/core/core_e819bd12e37a273f8e0ee1d21781b140.a(SERCOM.cpp.o)
                0x0000000000002d24                SERCOM::isDataRegisterEmptyUART()
 .text._ZN6SERCOM12readDataUARTEv
                0x0000000000002d2e        0x8 /tmp/arduino_build_482877/../arduino_cache_213079/core/core_e819bd12e37a273f8e0ee1d21781b140.a(SERCOM.cpp.o)
                0x0000000000002d2e                SERCOM::readDataUART()
 .text._ZN6SERCOM13writeDataUARTEh
                0x0000000000002d36       0x10 /tmp/arduino_build_482877/../arduino_cache_213079/core/core_e819bd12e37a273f8e0ee1d21781b140.a(SERCOM.cpp.o)
                0x0000000000002d36                SERCOM::writeDataUART(unsigned char)
 .text._ZN6SERCOM36enableDataRegisterEmptyInterruptUARTEv
                0x0000000000002d46        0x8 /tmp/arduino_build_482877/../arduino_cache_213079/core/core_e819bd12e37a273f8e0ee1d21781b140.a(SERCOM.cpp.o)
                0x0000000000002d46                SERCOM::enableDataRegisterEmptyInterruptUART()
 .text._ZN6SERCOM37disableDataRegisterEmptyInterruptUARTEv
                0x0000000000002d4e        0x8 /tmp/arduino_build_482877/../arduino_cache_213079/core/core_e819bd12e37a273f8e0ee1d21781b140.a(SERCOM.cpp.o)
                0x0000000000002d4e                SERCOM::disableDataRegisterEmptyInterruptUART()
 *fill*         0x0000000000002d56        0x2 
 .text._ZN6SERCOM14getSercomIndexEv
                0x0000000000002d58       0x5c /tmp/arduino_build_482877/../arduino_cache_213079/core/core_e819bd12e37a273f8e0ee1d21781b140.a(SERCOM.cpp.o)
                0x0000000000002d58                SERCOM::getSercomIndex()
 .text._ZN6SERCOM13initClockNVICEv
                0x0000000000002db4       0x90 /tmp/arduino_build_482877/../arduino_cache_213079/core/core_e819bd12e37a273f8e0ee1d21781b140.a(SERCOM.cpp.o)
                0x0000000000002db4                SERCOM::initClockNVIC()
 .text._ZN6SERCOM8initUARTE14SercomUartMode20SercomUartSampleRatem
                0x0000000000002e44       0x6c /tmp/arduino_build_482877/../arduino_cache_213079/core/core_e819bd12e37a273f8e0ee1d21781b140.a(SERCOM.cpp.o)
                0x0000000000002e44                SERCOM::initUART(SercomUartMode, SercomUartSampleRate, unsigned long)
 .text._ZN4UartcvbEv
                0x0000000000002eb0        0x4 /tmp/arduino_build_482877/../arduino_cache_213079/core/core_e819bd12e37a273f8e0ee1d21781b140.a(Uart.cpp.o)
                0x0000000000002eb0                Uart::operator bool()
 .text._ZN4Uart5beginEm
                0x0000000000002eb4       0x10 /tmp/arduino_build_482877/../arduino_cache_213079/core/core_e819bd12e37a273f8e0ee1d21781b140.a(Uart.cpp.o)
                0x0000000000002eb4                Uart::begin(unsigned long)
 .text._ZN4Uart4peekEv
                0x0000000000002ec4       0x1a /tmp/arduino_build_482877/../arduino_cache_213079/core/core_e819bd12e37a273f8e0ee1d21781b140.a(Uart.cpp.o)
                0x0000000000002ec4                Uart::peek()
 .text._ZN4Uart3endEv
                0x0000000000002ede       0x20 /tmp/arduino_build_482877/../arduino_cache_213079/core/core_e819bd12e37a273f8e0ee1d21781b140.a(Uart.cpp.o)
                0x0000000000002ede                Uart::end()
 .text._ZN4Uart15extractCharSizeEt
                0x0000000000002efe       0x28 /tmp/arduino_build_482877/../arduino_cache_213079/core/core_e819bd12e37a273f8e0ee1d21781b140.a(Uart.cpp.o)
                0x0000000000002efe                Uart::extractCharSize(unsigned short)
 .text._ZN4Uart13extractParityEt
                0x0000000000002f26       0x14 /tmp/arduino_build_482877/../arduino_cache_213079/core/core_e819bd12e37a273f8e0ee1d21781b140.a(Uart.cpp.o)
                0x0000000000002f26                Uart::extractParity(unsigned short)
 *fill*         0x0000000000002f3a        0x2 
 .text._ZN4Uart5beginEmt
                0x0000000000002f3c       0xf8 /tmp/arduino_build_482877/../arduino_cache_213079/core/core_e819bd12e37a273f8e0ee1d21781b140.a(Uart.cpp.o)
                0x0000000000002f3c                Uart::begin(unsigned long, unsigned short)
 .text._ZN11RingBufferNILi350EEC2Ev
                0x0000000000003034       0x1c /tmp/arduino_build_482877/../arduino_cache_213079/core/core_e819bd12e37a273f8e0ee1d21781b140.a(Uart.cpp.o)
                0x0000000000003034                RingBufferN<350>::RingBufferN()
                0x0000000000003034                RingBufferN<350>::RingBufferN()
 .text._ZN4UartC2EP6SERCOMhh11SercomRXPad15SercomUartTXPad
                0x0000000000003050       0x70 /tmp/arduino_build_482877/../arduino_cache_213079/core/core_e819bd12e37a273f8e0ee1d21781b140.a(Uart.cpp.o)
                0x0000000000003050                Uart::Uart(SERCOM*, unsigned char, unsigned char, SercomRXPad, SercomUartTXPad)
                0x0000000000003050                Uart::Uart(SERCOM*, unsigned char, unsigned char, SercomRXPad, SercomUartTXPad)
 .text._ZN11RingBufferNILi350EE9availableEv
                0x00000000000030c0       0x12 /tmp/arduino_build_482877/../arduino_cache_213079/core/core_e819bd12e37a273f8e0ee1d21781b140.a(Uart.cpp.o)
                0x00000000000030c0                RingBufferN<350>::available()
 .text._ZN4Uart5flushEv
                0x00000000000030d2       0x1a /tmp/arduino_build_482877/../arduino_cache_213079/core/core_e819bd12e37a273f8e0ee1d21781b140.a(Uart.cpp.o)
                0x00000000000030d2                Uart::flush()
 .text._ZN4Uart9availableEv
                0x00000000000030ec        0xa /tmp/arduino_build_482877/../arduino_cache_213079/core/core_e819bd12e37a273f8e0ee1d21781b140.a(Uart.cpp.o)
                0x00000000000030ec                Uart::available()
 .text._ZN11RingBufferNILi350EE17availableForStoreEv
                0x00000000000030f6       0x22 /tmp/arduino_build_482877/../arduino_cache_213079/core/core_e819bd12e37a273f8e0ee1d21781b140.a(Uart.cpp.o)
                0x00000000000030f6                RingBufferN<350>::availableForStore()
 .text._ZN4Uart17availableForWriteEv
                0x0000000000003118        0xc /tmp/arduino_build_482877/../arduino_cache_213079/core/core_e819bd12e37a273f8e0ee1d21781b140.a(Uart.cpp.o)
                0x0000000000003118                Uart::availableForWrite()
 .text._ZN4Uart10IrqHandlerEv
                0x0000000000003124       0xda /tmp/arduino_build_482877/../arduino_cache_213079/core/core_e819bd12e37a273f8e0ee1d21781b140.a(Uart.cpp.o)
                0x0000000000003124                Uart::IrqHandler()
 *fill*         0x00000000000031fe        0x2 
 .text._ZN4Uart5writeEh
                0x0000000000003200       0xc4 /tmp/arduino_build_482877/../arduino_cache_213079/core/core_e819bd12e37a273f8e0ee1d21781b140.a(Uart.cpp.o)
                0x0000000000003200                Uart::write(unsigned char)
 .text._ZN4Uart4readEv
                0x00000000000032c4       0x52 /tmp/arduino_build_482877/../arduino_cache_213079/core/core_e819bd12e37a273f8e0ee1d21781b140.a(Uart.cpp.o)
                0x00000000000032c4                Uart::read()
 .text._Z3maplllll
                0x0000000000003316       0x16 /tmp/arduino_build_482877/../arduino_cache_213079/core/core_e819bd12e37a273f8e0ee1d21781b140.a(WMath.cpp.o)
                0x0000000000003316                map(long, long, long, long, long)
 .text._Z11initVariantv
                0x000000000000332c        0x2 /tmp/arduino_build_482877/../arduino_cache_213079/core/core_e819bd12e37a273f8e0ee1d21781b140.a(main.cpp.o)
                0x000000000000332c                initVariant()
 *fill*         0x000000000000332e        0x2 
 .text.startup.main
                0x0000000000003330       0x44 /tmp/arduino_build_482877/../arduino_cache_213079/core/core_e819bd12e37a273f8e0ee1d21781b140.a(main.cpp.o)
                0x0000000000003330                main
 .text._ZN5Print5writeEPKhj
                0x0000000000003374       0x24 /tmp/arduino_build_482877/../arduino_cache_213079/core/core_e819bd12e37a273f8e0ee1d21781b140.a(Print.cpp.o)
                0x0000000000003374                Print::write(unsigned char const*, unsigned int)
 .text._ZN26DoubleBufferedEPOutHandler4initEv
                0x0000000000003398        0x2 /tmp/arduino_build_482877/../arduino_cache_213079/core/core_e819bd12e37a273f8e0ee1d21781b140.a(USBCore.cpp.o)
                0x0000000000003398                DoubleBufferedEPOutHandler::init()
 .text._ZL5utox8mPc
                0x000000000000339a       0x26 /tmp/arduino_build_482877/../arduino_cache_213079/core/core_e819bd12e37a273f8e0ee1d21781b140.a(USBCore.cpp.o)
 .text._ZN26DoubleBufferedEPOutHandlerD2Ev
                0x00000000000033c0       0x14 /tmp/arduino_build_482877/../arduino_cache_213079/core/core_e819bd12e37a273f8e0ee1d21781b140.a(USBCore.cpp.o)
                0x00000000000033c0                DoubleBufferedEPOutHandler::~DoubleBufferedEPOutHandler()
                0x00000000000033c0                DoubleBufferedEPOutHandler::~DoubleBufferedEPOutHandler()
 .text._ZN26DoubleBufferedEPOutHandlerD0Ev
                0x00000000000033d4       0x12 /tmp/arduino_build_482877/../arduino_cache_213079/core/core_e819bd12e37a273f8e0ee1d21781b140.a(USBCore.cpp.o)
                0x00000000000033d4                DoubleBufferedEPOutHandler::~DoubleBufferedEPOutHandler()
 *fill*         0x00000000000033e6        0x2 
 .text._ZN14USBDeviceClass6initEPEmm.part.0
                0x00000000000033e8       0xe8 /tmp/arduino_build_482877/../arduino_cache_213079/core/core_e819bd12e37a273f8e0ee1d21781b140.a(USBCore.cpp.o)
 .text._ZN7__GuardC2Ev
                0x00000000000034d0        0xe /tmp/arduino_build_482877/../arduino_cache_213079/core/core_e819bd12e37a273f8e0ee1d21781b140.a(USBCore.cpp.o)
                0x00000000000034d0                __Guard::__Guard()
                0x00000000000034d0                __Guard::__Guard()
 .text._ZN7__GuardD2Ev
                0x00000000000034de        0xe /tmp/arduino_build_482877/../arduino_cache_213079/core/core_e819bd12e37a273f8e0ee1d21781b140.a(USBCore.cpp.o)
                0x00000000000034de                __Guard::~__Guard()
                0x00000000000034de                __Guard::~__Guard()
 .text._ZNK26DoubleBufferedEPOutHandler9availableEv
                0x00000000000034ec       0x5e /tmp/arduino_build_482877/../arduino_cache_213079/core/core_e819bd12e37a273f8e0ee1d21781b140.a(USBCore.cpp.o)
                0x00000000000034ec                DoubleBufferedEPOutHandler::available() const
 *fill*         0x000000000000354a        0x2 
 .text._ZN26DoubleBufferedEPOutHandler7releaseEv
                0x000000000000354c       0x54 /tmp/arduino_build_482877/../arduino_cache_213079/core/core_e819bd12e37a273f8e0ee1d21781b140.a(USBCore.cpp.o)
                0x000000000000354c                DoubleBufferedEPOutHandler::release()
 .text._ZN26DoubleBufferedEPOutHandler4recvEPvm
                0x00000000000035a0      0x11a /tmp/arduino_build_482877/../arduino_cache_213079/core/core_e819bd12e37a273f8e0ee1d21781b140.a(USBCore.cpp.o)
                0x00000000000035a0                DoubleBufferedEPOutHandler::recv(void*, unsigned long)
 .text._ZN26DoubleBufferedEPOutHandler14handleEndpointEv
                0x00000000000036ba       0xc2 /tmp/arduino_build_482877/../arduino_cache_213079/core/core_e819bd12e37a273f8e0ee1d21781b140.a(USBCore.cpp.o)
                0x00000000000036ba                DoubleBufferedEPOutHandler::handleEndpoint()
 .text._ZN14USBDeviceClass14SendInterfacesEPm
                0x000000000000377c       0x2e /tmp/arduino_build_482877/../arduino_cache_213079/core/core_e819bd12e37a273f8e0ee1d21781b140.a(USBCore.cpp.o)
                0x000000000000377c                USBDeviceClass::SendInterfaces(unsigned long*)
 *fill*         0x00000000000037aa        0x2 
 .text._ZN14USBDeviceClass14handleEndpointEh
                0x00000000000037ac       0x44 /tmp/arduino_build_482877/../arduino_cache_213079/core/core_e819bd12e37a273f8e0ee1d21781b140.a(USBCore.cpp.o)
                0x00000000000037ac                USBDeviceClass::handleEndpoint(unsigned char)
 .text._ZN14USBDeviceClass4initEv
                0x00000000000037f0       0xf0 /tmp/arduino_build_482877/../arduino_cache_213079/core/core_e819bd12e37a273f8e0ee1d21781b140.a(USBCore.cpp.o)
                0x00000000000037f0                USBDeviceClass::init()
 .text._ZN14USBDeviceClass6attachEv
                0x00000000000038e0       0x34 /tmp/arduino_build_482877/../arduino_cache_213079/core/core_e819bd12e37a273f8e0ee1d21781b140.a(USBCore.cpp.o)
                0x00000000000038e0                USBDeviceClass::attach()
 .text._ZN14USBDeviceClass10setAddressEm
                0x0000000000003914       0x44 /tmp/arduino_build_482877/../arduino_cache_213079/core/core_e819bd12e37a273f8e0ee1d21781b140.a(USBCore.cpp.o)
                0x0000000000003914                USBDeviceClass::setAddress(unsigned long)
 .text._ZN14USBDeviceClass25handleClassInterfaceSetupER8USBSetup
                0x0000000000003958       0x44 /tmp/arduino_build_482877/../arduino_cache_213079/core/core_e819bd12e37a273f8e0ee1d21781b140.a(USBCore.cpp.o)
                0x0000000000003958                USBDeviceClass::handleClassInterfaceSetup(USBSetup&)
 .text._ZN14USBDeviceClass6initEPEmm
                0x000000000000399c       0xec /tmp/arduino_build_482877/../arduino_cache_213079/core/core_e819bd12e37a273f8e0ee1d21781b140.a(USBCore.cpp.o)
                0x000000000000399c                USBDeviceClass::initEP(unsigned long, unsigned long)
 .text._ZN14USBDeviceClass13initEndpointsEv
                0x0000000000003a88       0x24 /tmp/arduino_build_482877/../arduino_cache_213079/core/core_e819bd12e37a273f8e0ee1d21781b140.a(USBCore.cpp.o)
                0x0000000000003a88                USBDeviceClass::initEndpoints()
 .text._ZN14USBDeviceClass9availableEm
                0x0000000000003aac       0x2c /tmp/arduino_build_482877/../arduino_cache_213079/core/core_e819bd12e37a273f8e0ee1d21781b140.a(USBCore.cpp.o)
                0x0000000000003aac                USBDeviceClass::available(unsigned long)
 .text._ZN14USBDeviceClass5flushEm
                0x0000000000003ad8       0x2c /tmp/arduino_build_482877/../arduino_cache_213079/core/core_e819bd12e37a273f8e0ee1d21781b140.a(USBCore.cpp.o)
                0x0000000000003ad8                USBDeviceClass::flush(unsigned long)
 .text._ZN14USBDeviceClass14armRecvCtrlOUTEm
                0x0000000000003b04       0x5c /tmp/arduino_build_482877/../arduino_cache_213079/core/core_e819bd12e37a273f8e0ee1d21781b140.a(USBCore.cpp.o)
                0x0000000000003b04                USBDeviceClass::armRecvCtrlOUT(unsigned long)
 .text._ZN14USBDeviceClass11recvControlEPvm
                0x0000000000003b60       0x3c /tmp/arduino_build_482877/../arduino_cache_213079/core/core_e819bd12e37a273f8e0ee1d21781b140.a(USBCore.cpp.o)
                0x0000000000003b60                USBDeviceClass::recvControl(void*, unsigned long)
 .text._ZN14USBDeviceClass7armRecvEm
                0x0000000000003b9c       0x38 /tmp/arduino_build_482877/../arduino_cache_213079/core/core_e819bd12e37a273f8e0ee1d21781b140.a(USBCore.cpp.o)
                0x0000000000003b9c                USBDeviceClass::armRecv(unsigned long)
 .text._ZN14USBDeviceClass4recvEmPvm
                0x0000000000003bd4       0xd8 /tmp/arduino_build_482877/../arduino_cache_213079/core/core_e819bd12e37a273f8e0ee1d21781b140.a(USBCore.cpp.o)
                0x0000000000003bd4                USBDeviceClass::recv(unsigned long, void*, unsigned long)
 .text._ZN14USBDeviceClass4recvEm
                0x0000000000003cac       0x1c /tmp/arduino_build_482877/../arduino_cache_213079/core/core_e819bd12e37a273f8e0ee1d21781b140.a(USBCore.cpp.o)
                0x0000000000003cac                USBDeviceClass::recv(unsigned long)
 .text._ZN14USBDeviceClass4sendEmPKvm
                0x0000000000003cc8      0x110 /tmp/arduino_build_482877/../arduino_cache_213079/core/core_e819bd12e37a273f8e0ee1d21781b140.a(USBCore.cpp.o)
                0x0000000000003cc8                USBDeviceClass::send(unsigned long, void const*, unsigned long)
 .text._ZN14USBDeviceClass7armSendEmPKvm
                0x0000000000003dd8       0x48 /tmp/arduino_build_482877/../arduino_cache_213079/core/core_e819bd12e37a273f8e0ee1d21781b140.a(USBCore.cpp.o)
                0x0000000000003dd8                USBDeviceClass::armSend(unsigned long, void const*, unsigned long)
 .text._ZN14USBDeviceClass11sendControlEPKvm
                0x0000000000003e20       0x54 /tmp/arduino_build_482877/../arduino_cache_213079/core/core_e819bd12e37a273f8e0ee1d21781b140.a(USBCore.cpp.o)
                0x0000000000003e20                USBDeviceClass::sendControl(void const*, unsigned long)
 .text._ZN14USBDeviceClass20sendStringDescriptorEPKhh
                0x0000000000003e74       0x68 /tmp/arduino_build_482877/../arduino_cache_213079/core/core_e819bd12e37a273f8e0ee1d21781b140.a(USBCore.cpp.o)
                0x0000000000003e74                USBDeviceClass::sendStringDescriptor(unsigned char const*, unsigned char)
 .text._ZN14USBDeviceClass17sendConfigurationEm
                0x0000000000003edc       0x80 /tmp/arduino_build_482877/../arduino_cache_213079/core/core_e819bd12e37a273f8e0ee1d21781b140.a(USBCore.cpp.o)
                0x0000000000003edc                USBDeviceClass::sendConfiguration(unsigned long)
 .text._ZN14USBDeviceClass14sendDescriptorER8USBSetup
                0x0000000000003f5c       0xe4 /tmp/arduino_build_482877/../arduino_cache_213079/core/core_e819bd12e37a273f8e0ee1d21781b140.a(USBCore.cpp.o)
                0x0000000000003f5c                USBDeviceClass::sendDescriptor(USBSetup&)
 .text._ZN14USBDeviceClass19handleStandardSetupER8USBSetup
                0x0000000000004040      0x118 /tmp/arduino_build_482877/../arduino_cache_213079/core/core_e819bd12e37a273f8e0ee1d21781b140.a(USBCore.cpp.o)
                0x0000000000004040                USBDeviceClass::handleStandardSetup(USBSetup&)
 .text._ZN14USBDeviceClass10ISRHandlerEv
                0x0000000000004158      0x150 /tmp/arduino_build_482877/../arduino_cache_213079/core/core_e819bd12e37a273f8e0ee1d21781b140.a(USBCore.cpp.o)
                0x0000000000004158                USBDeviceClass::ISRHandler()
 .text.UDD_Handler
                0x00000000000042a8       0x10 /tmp/arduino_build_482877/../arduino_cache_213079/core/core_e819bd12e37a273f8e0ee1d21781b140.a(USBCore.cpp.o)
                0x00000000000042a8                UDD_Handler
 .text.startup._GLOBAL__sub_I_usbd
                0x00000000000042b8       0x10 /tmp/arduino_build_482877/../arduino_cache_213079/core/core_e819bd12e37a273f8e0ee1d21781b140.a(USBCore.cpp.o)
 .text._Znwj    0x00000000000042c8        0x8 /tmp/arduino_build_482877/../arduino_cache_213079/core/core_e819bd12e37a273f8e0ee1d21781b140.a(new.cpp.o)
                0x00000000000042c8                operator new(unsigned int)
 .text._ZdlPv   0x00000000000042d0        0x8 /tmp/arduino_build_482877/../arduino_cache_213079/core/core_e819bd12e37a273f8e0ee1d21781b140.a(new.cpp.o)
                0x00000000000042d0                operator delete(void*)
 .text._ZN7Serial_17availableForWriteEv
                0x00000000000042d8        0x4 /tmp/arduino_build_482877/../arduino_cache_213079/core/core_e819bd12e37a273f8e0ee1d21781b140.a(CDC.cpp.o)
                0x00000000000042d8                Serial_::availableForWrite()
 .text._ZN7Serial_5writeEh
                0x00000000000042dc       0x14 /tmp/arduino_build_482877/../arduino_cache_213079/core/core_e819bd12e37a273f8e0ee1d21781b140.a(CDC.cpp.o)
                0x00000000000042dc                Serial_::write(unsigned char)
 .text._ZN7Serial_9availableEv
                0x00000000000042f0        0xc /tmp/arduino_build_482877/../arduino_cache_213079/core/core_e819bd12e37a273f8e0ee1d21781b140.a(CDC.cpp.o)
                0x00000000000042f0                Serial_::available()
 .text._ZN7Serial_5flushEv
                0x00000000000042fc        0xc /tmp/arduino_build_482877/../arduino_cache_213079/core/core_e819bd12e37a273f8e0ee1d21781b140.a(CDC.cpp.o)
                0x00000000000042fc                Serial_::flush()
 .text._ZN7Serial_5writeEPKhj
                0x0000000000004308       0x2c /tmp/arduino_build_482877/../arduino_cache_213079/core/core_e819bd12e37a273f8e0ee1d21781b140.a(CDC.cpp.o)
                0x0000000000004308                Serial_::write(unsigned char const*, unsigned int)
 .text._ZN7Serial_4peekEv
                0x0000000000004334       0x1c /tmp/arduino_build_482877/../arduino_cache_213079/core/core_e819bd12e37a273f8e0ee1d21781b140.a(CDC.cpp.o)
                0x0000000000004334                Serial_::peek()
 .text._ZN7Serial_4readEv
                0x0000000000004350       0x24 /tmp/arduino_build_482877/../arduino_cache_213079/core/core_e819bd12e37a273f8e0ee1d21781b140.a(CDC.cpp.o)
                0x0000000000004350                Serial_::read()
 .text._Z16CDC_GetInterfacePh
                0x0000000000004374       0x1c /tmp/arduino_build_482877/../arduino_cache_213079/core/core_e819bd12e37a273f8e0ee1d21781b140.a(CDC.cpp.o)
                0x0000000000004374                CDC_GetInterface(unsigned char*)
 .text._Z9CDC_SetupR8USBSetup
                0x0000000000004390       0x7c /tmp/arduino_build_482877/../arduino_cache_213079/core/core_e819bd12e37a273f8e0ee1d21781b140.a(CDC.cpp.o)
                0x0000000000004390                CDC_Setup(USBSetup&)
 .text.startup._GLOBAL__sub_I__Z17_CDC_GetInterfacev
                0x000000000000440c       0x28 /tmp/arduino_build_482877/../arduino_cache_213079/core/core_e819bd12e37a273f8e0ee1d21781b140.a(CDC.cpp.o)
 .text._ZN13PluggableUSB_12getInterfaceEPh
                0x0000000000004434       0x28 /tmp/arduino_build_482877/../arduino_cache_213079/core/core_e819bd12e37a273f8e0ee1d21781b140.a(PluggableUSB.cpp.o)
                0x0000000000004434                PluggableUSB_::getInterface(unsigned char*)
 .text._ZN13PluggableUSB_13getDescriptorER8USBSetup
                0x000000000000445c       0x20 /tmp/arduino_build_482877/../arduino_cache_213079/core/core_e819bd12e37a273f8e0ee1d21781b140.a(PluggableUSB.cpp.o)
                0x000000000000445c                PluggableUSB_::getDescriptor(USBSetup&)
 .text._ZN13PluggableUSB_5setupER8USBSetup
                0x000000000000447c       0x20 /tmp/arduino_build_482877/../arduino_cache_213079/core/core_e819bd12e37a273f8e0ee1d21781b140.a(PluggableUSB.cpp.o)
                0x000000000000447c                PluggableUSB_::setup(USBSetup&)
 .text._Z12PluggableUSBv
                0x000000000000449c       0x28 /tmp/arduino_build_482877/../arduino_cache_213079/core/core_e819bd12e37a273f8e0ee1d21781b140.a(PluggableUSB.cpp.o)
                0x000000000000449c                PluggableUSB()
 .text._ZN20USBDevice_SAMD21G18x5resetEv
                0x00000000000044c4       0x2a /tmp/arduino_build_482877/../arduino_cache_213079/core/core_e819bd12e37a273f8e0ee1d21781b140.a(SAMD21_USBDevice.cpp.o)
                0x00000000000044c4                USBDevice_SAMD21G18x::reset()
 *fill*         0x00000000000044ee        0x2 
 .text._ZN20USBDevice_SAMD21G18x9calibrateEv
                0x00000000000044f0       0x60 /tmp/arduino_build_482877/../arduino_cache_213079/core/core_e819bd12e37a273f8e0ee1d21781b140.a(SAMD21_USBDevice.cpp.o)
                0x00000000000044f0                USBDevice_SAMD21G18x::calibrate()
 .text          0x0000000000004550       0x14 /home/ckraemer/.arduino15/packages/adafruit/tools/arm-none-eabi-gcc/9-2019q4/bin/../lib/gcc/arm-none-eabi/9.2.1/thumb/v6-m/nofp/libgcc.a(_thumb1_case_uqi.o)
                0x0000000000004550                __gnu_thumb1_case_uqi
 .text          0x0000000000004564      0x114 /home/ckraemer/.arduino15/packages/adafruit/tools/arm-none-eabi-gcc/9-2019q4/bin/../lib/gcc/arm-none-eabi/9.2.1/thumb/v6-m/nofp/libgcc.a(_udivsi3.o)
                0x0000000000004564                __udivsi3
                0x0000000000004564                __aeabi_uidiv
                0x0000000000004670                __aeabi_uidivmod
 .text          0x0000000000004678      0x1d4 /home/ckraemer/.arduino15/packages/adafruit/tools/arm-none-eabi-gcc/9-2019q4/bin/../lib/gcc/arm-none-eabi/9.2.1/thumb/v6-m/nofp/libgcc.a(_divsi3.o)
                0x0000000000004678                __aeabi_idiv
                0x0000000000004678                __divsi3
                0x0000000000004844                __aeabi_idivmod
 .text          0x000000000000484c        0x4 /home/ckraemer/.arduino15/packages/adafruit/tools/arm-none-eabi-gcc/9-2019q4/bin/../lib/gcc/arm-none-eabi/9.2.1/thumb/v6-m/nofp/libgcc.a(_dvmd_tls.o)
                0x000000000000484c                __aeabi_ldiv0
                0x000000000000484c                __aeabi_idiv0
 .text.__libc_init_array
                0x0000000000004850       0x48 /home/ckraemer/.arduino15/packages/adafruit/tools/arm-none-eabi-gcc/9-2019q4/bin/../lib/gcc/arm-none-eabi/9.2.1/../../../../arm-none-eabi/lib/thumb/v6-m/nofp/libc_nano.a(lib_a-init.o)
                0x0000000000004850                __libc_init_array
 .text.malloc   0x0000000000004898       0x14 /home/ckraemer/.arduino15/packages/adafruit/tools/arm-none-eabi-gcc/9-2019q4/bin/../lib/gcc/arm-none-eabi/9.2.1/../../../../arm-none-eabi/lib/thumb/v6-m/nofp/libc_nano.a(lib_a-malloc.o)
                0x0000000000004898                malloc
 .text.free     0x00000000000048ac       0x14 /home/ckraemer/.arduino15/packages/adafruit/tools/arm-none-eabi-gcc/9-2019q4/bin/../lib/gcc/arm-none-eabi/9.2.1/../../../../arm-none-eabi/lib/thumb/v6-m/nofp/libc_nano.a(lib_a-malloc.o)
                0x00000000000048ac                free
 .text.memcpy   0x00000000000048c0       0x12 /home/ckraemer/.arduino15/packages/adafruit/tools/arm-none-eabi-gcc/9-2019q4/bin/../lib/gcc/arm-none-eabi/9.2.1/../../../../arm-none-eabi/lib/thumb/v6-m/nofp/libc_nano.a(lib_a-memcpy-stub.o)
                0x00000000000048c0                memcpy
 .text.memset   0x00000000000048d2       0x10 /home/ckraemer/.arduino15/packages/adafruit/tools/arm-none-eabi-gcc/9-2019q4/bin/../lib/gcc/arm-none-eabi/9.2.1/../../../../arm-none-eabi/lib/thumb/v6-m/nofp/libc_nano.a(lib_a-memset.o)
                0x00000000000048d2                memset
 *fill*         0x00000000000048e2        0x2 
 .text._free_r  0x00000000000048e4       0x94 /home/ckraemer/.arduino15/packages/adafruit/tools/arm-none-eabi-gcc/9-2019q4/bin/../lib/gcc/arm-none-eabi/9.2.1/../../../../arm-none-eabi/lib/thumb/v6-m/nofp/libc_nano.a(lib_a-nano-freer.o)
                0x00000000000048e4                _free_r
 .text._malloc_r
                0x0000000000004978       0xbc /home/ckraemer/.arduino15/packages/adafruit/tools/arm-none-eabi-gcc/9-2019q4/bin/../lib/gcc/arm-none-eabi/9.2.1/../../../../arm-none-eabi/lib/thumb/v6-m/nofp/libc_nano.a(lib_a-nano-mallocr.o)
                0x0000000000004978                _malloc_r
 .text._sbrk_r  0x0000000000004a34       0x24 /home/ckraemer/.arduino15/packages/adafruit/tools/arm-none-eabi-gcc/9-2019q4/bin/../lib/gcc/arm-none-eabi/9.2.1/../../../../arm-none-eabi/lib/thumb/v6-m/nofp/libc_nano.a(lib_a-sbrkr.o)
                0x0000000000004a34                _sbrk_r
 .text          0x0000000000004a58        0xe /home/ckraemer/.arduino15/packages/adafruit/tools/arm-none-eabi-gcc/9-2019q4/bin/../lib/gcc/arm-none-eabi/9.2.1/../../../../arm-none-eabi/lib/thumb/v6-m/nofp/libc_nano.a(lib_a-strlen.o)
                0x0000000000004a58                strlen
 *fill*         0x0000000000004a66        0x2 
 .text.__malloc_lock
                0x0000000000004a68       0x10 /home/ckraemer/.arduino15/packages/adafruit/tools/arm-none-eabi-gcc/9-2019q4/bin/../lib/gcc/arm-none-eabi/9.2.1/../../../../arm-none-eabi/lib/thumb/v6-m/nofp/libc_nano.a(lib_a-mlock.o)
                0x0000000000004a68                __malloc_lock
 .text.__malloc_unlock
                0x0000000000004a78       0x10 /home/ckraemer/.arduino15/packages/adafruit/tools/arm-none-eabi-gcc/9-2019q4/bin/../lib/gcc/arm-none-eabi/9.2.1/../../../../arm-none-eabi/lib/thumb/v6-m/nofp/libc_nano.a(lib_a-mlock.o)
                0x0000000000004a78                __malloc_unlock
 .text.__retarget_lock_acquire_recursive
                0x0000000000004a88        0x2 /home/ckraemer/.arduino15/packages/adafruit/tools/arm-none-eabi-gcc/9-2019q4/bin/../lib/gcc/arm-none-eabi/9.2.1/../../../../arm-none-eabi/lib/thumb/v6-m/nofp/libc_nano.a(lib_a-lock.o)
                0x0000000000004a88                __retarget_lock_acquire_recursive
 .text.__retarget_lock_release_recursive
                0x0000000000004a8a        0x2 /home/ckraemer/.arduino15/packages/adafruit/tools/arm-none-eabi-gcc/9-2019q4/bin/../lib/gcc/arm-none-eabi/9.2.1/../../../../arm-none-eabi/lib/thumb/v6-m/nofp/libc_nano.a(lib_a-lock.o)
                0x0000000000004a8a                __retarget_lock_release_recursive
 .text._sbrk    0x0000000000004a8c       0x1c /home/ckraemer/.arduino15/packages/adafruit/tools/arm-none-eabi-gcc/9-2019q4/bin/../lib/gcc/arm-none-eabi/9.2.1/../../../../arm-none-eabi/lib/thumb/v6-m/nofp/libnosys.a(sbrk.o)
                0x0000000000004a8c                _sbrk
 *(.init)
 .init          0x0000000000004aa8        0x4 /home/ckraemer/.arduino15/packages/adafruit/tools/arm-none-eabi-gcc/9-2019q4/bin/../lib/gcc/arm-none-eabi/9.2.1/thumb/v6-m/nofp/crti.o
                0x0000000000004aa8                _init
 .init          0x0000000000004aac        0x8 /home/ckraemer/.arduino15/packages/adafruit/tools/arm-none-eabi-gcc/9-2019q4/bin/../lib/gcc/arm-none-eabi/9.2.1/thumb/v6-m/nofp/crtn.o
 *(.fini)
 .fini          0x0000000000004ab4        0x4 /home/ckraemer/.arduino15/packages/adafruit/tools/arm-none-eabi-gcc/9-2019q4/bin/../lib/gcc/arm-none-eabi/9.2.1/thumb/v6-m/nofp/crti.o
                0x0000000000004ab4                _fini
 .fini          0x0000000000004ab8        0x8 /home/ckraemer/.arduino15/packages/adafruit/tools/arm-none-eabi-gcc/9-2019q4/bin/../lib/gcc/arm-none-eabi/9.2.1/thumb/v6-m/nofp/crtn.o
 *crtbegin.o(.ctors)
 *crtbegin?.o(.ctors)
 *(EXCLUDE_FILE(*crtend.o *crtend?.o) .ctors)
 *(SORT_BY_NAME(.ctors.*))
 *(.ctors)
 *crtbegin.o(.dtors)
 *crtbegin?.o(.dtors)
 *(EXCLUDE_FILE(*crtend.o *crtend?.o) .dtors)
 *(SORT_BY_NAME(.dtors.*))
 *(.dtors)
 *(.rodata*)
 .rodata.g_APinDescription
                0x0000000000004ac0      0x408 /tmp/arduino_build_482877/core/variant.cpp.o
                0x0000000000004ac0                g_APinDescription
 .rodata._ZL10sercomData
                0x0000000000004ec8       0x30 /tmp/arduino_build_482877/../arduino_cache_213079/core/core_e819bd12e37a273f8e0ee1d21781b140.a(SERCOM.cpp.o)
 .rodata._ZTV4Uart
                0x0000000000004ef8       0x34 /tmp/arduino_build_482877/../arduino_cache_213079/core/core_e819bd12e37a273f8e0ee1d21781b140.a(Uart.cpp.o)
                0x0000000000004ef8                vtable for Uart
 .rodata._ZN14USBDeviceClass19handleStandardSetupER8USBSetup.str1.1
                0x0000000000004f2c        0x1 /tmp/arduino_build_482877/../arduino_cache_213079/core/core_e819bd12e37a273f8e0ee1d21781b140.a(USBCore.cpp.o)
 *fill*         0x0000000000004f2d        0x3 
 .rodata._ZTV26DoubleBufferedEPOutHandler
                0x0000000000004f30       0x20 /tmp/arduino_build_482877/../arduino_cache_213079/core/core_e819bd12e37a273f8e0ee1d21781b140.a(USBCore.cpp.o)
                0x0000000000004f30                vtable for DoubleBufferedEPOutHandler
 .rodata._ZL14STRING_PRODUCT
                0x0000000000004f50       0x13 /tmp/arduino_build_482877/../arduino_cache_213079/core/core_e819bd12e37a273f8e0ee1d21781b140.a(USBCore.cpp.o)
 *fill*         0x0000000000004f63        0x1 
 .rodata._ZL15STRING_LANGUAGE
                0x0000000000004f64        0x4 /tmp/arduino_build_482877/../arduino_cache_213079/core/core_e819bd12e37a273f8e0ee1d21781b140.a(USBCore.cpp.o)
 .rodata._ZL19STRING_MANUFACTURER
                0x0000000000004f68        0x9 /tmp/arduino_build_482877/../arduino_cache_213079/core/core_e819bd12e37a273f8e0ee1d21781b140.a(USBCore.cpp.o)
 .rodata._ZL21USB_DeviceDescriptorB
                0x0000000000004f71       0x12 /tmp/arduino_build_482877/../arduino_cache_213079/core/core_e819bd12e37a273f8e0ee1d21781b140.a(USBCore.cpp.o)
 *fill*         0x0000000000004f83        0x1 
 .rodata._ZTV7Serial_
                0x0000000000004f84       0x24 /tmp/arduino_build_482877/../arduino_cache_213079/core/core_e819bd12e37a273f8e0ee1d21781b140.a(CDC.cpp.o)
                0x0000000000004f84                vtable for Serial_
 *(.eh_frame*)
 .eh_frame      0x0000000000004fa8        0x0 /home/ckraemer/.arduino15/packages/adafruit/tools/arm-none-eabi-gcc/9-2019q4/bin/../lib/gcc/arm-none-eabi/9.2.1/thumb/v6-m/nofp/crtbegin.o
 .eh_frame      0x0000000000004fa8        0x4 /home/ckraemer/.arduino15/packages/adafruit/tools/arm-none-eabi-gcc/9-2019q4/bin/../lib/gcc/arm-none-eabi/9.2.1/thumb/v6-m/nofp/crtend.o

.glue_7         0x0000000000004fac        0x0
 .glue_7        0x0000000000004fac        0x0 linker stubs

.glue_7t        0x0000000000004fac        0x0
 .glue_7t       0x0000000000004fac        0x0 linker stubs

.vfp11_veneer   0x0000000000004fac        0x0
 .vfp11_veneer  0x0000000000004fac        0x0 linker stubs

.v4_bx          0x0000000000004fac        0x0
 .v4_bx         0x0000000000004fac        0x0 linker stubs

.iplt           0x0000000000004fac        0x0
 .iplt          0x0000000000004fac        0x0 /home/ckraemer/.arduino15/packages/adafruit/tools/arm-none-eabi-gcc/9-2019q4/bin/../lib/gcc/arm-none-eabi/9.2.1/thumb/v6-m/nofp/crtbegin.o

.rel.dyn        0x0000000000004fac        0x0
 .rel.iplt      0x0000000000004fac        0x0 /home/ckraemer/.arduino15/packages/adafruit/tools/arm-none-eabi-gcc/9-2019q4/bin/../lib/gcc/arm-none-eabi/9.2.1/thumb/v6-m/nofp/crtbegin.o

.ARM.extab
 *(.ARM.extab* .gnu.linkonce.armextab.*)
                0x0000000000004fac                __exidx_start = .

.ARM.exidx
 *(.ARM.exidx* .gnu.linkonce.armexidx.*)
                0x0000000000004fac                __exidx_end = .
                0x0000000000004fac                __etext = .

.data           0x0000000020000000      0x110 load address 0x0000000000004fac
                0x0000000020000000                __data_start__ = .
 *(vtable)
 *(.data*)
 .data.SystemCoreClock
                0x0000000020000000        0x4 /tmp/arduino_build_482877/../arduino_cache_213079/core/core_e819bd12e37a273f8e0ee1d21781b140.a(wiring.c.o)
                0x0000000020000000                SystemCoreClock
 .data._ADCResolution
                0x0000000020000004        0x4 /tmp/arduino_build_482877/../arduino_cache_213079/core/core_e819bd12e37a273f8e0ee1d21781b140.a(wiring_analog.c.o)
 .data._readResolution
                0x0000000020000008        0x4 /tmp/arduino_build_482877/../arduino_cache_213079/core/core_e819bd12e37a273f8e0ee1d21781b140.a(wiring_analog.c.o)
 .data._ZL5ticks
                0x000000002000000c        0x4 /tmp/arduino_build_482877/../arduino_cache_213079/core/core_e819bd12e37a273f8e0ee1d21781b140.a(Reset.cpp.o)
 .data.EndPoints
                0x0000000020000010       0x28 /tmp/arduino_build_482877/../arduino_cache_213079/core/core_e819bd12e37a273f8e0ee1d21781b140.a(USBCore.cpp.o)
                0x0000000020000010                EndPoints
 .data._ZL10breakValue
                0x0000000020000038        0x4 /tmp/arduino_build_482877/../arduino_cache_213079/core/core_e819bd12e37a273f8e0ee1d21781b140.a(CDC.cpp.o)
 .data._ZL12_usbLineInfo
                0x000000002000003c        0x8 /tmp/arduino_build_482877/../arduino_cache_213079/core/core_e819bd12e37a273f8e0ee1d21781b140.a(CDC.cpp.o)
 .data._ZL13_cdcInterface
                0x0000000020000044       0x42 /tmp/arduino_build_482877/../arduino_cache_213079/core/core_e819bd12e37a273f8e0ee1d21781b140.a(CDC.cpp.o)
 *fill*         0x0000000020000086        0x2 
 .data._serialPeek
                0x0000000020000088        0x4 /tmp/arduino_build_482877/../arduino_cache_213079/core/core_e819bd12e37a273f8e0ee1d21781b140.a(CDC.cpp.o)
                0x0000000020000088                _serialPeek
 .data._impure_ptr
                0x000000002000008c        0x4 /home/ckraemer/.arduino15/packages/adafruit/tools/arm-none-eabi-gcc/9-2019q4/bin/../lib/gcc/arm-none-eabi/9.2.1/../../../../arm-none-eabi/lib/thumb/v6-m/nofp/libc_nano.a(lib_a-impure.o)
                0x000000002000008c                _impure_ptr
 .data.impure_data
                0x0000000020000090       0x60 /home/ckraemer/.arduino15/packages/adafruit/tools/arm-none-eabi-gcc/9-2019q4/bin/../lib/gcc/arm-none-eabi/9.2.1/../../../../arm-none-eabi/lib/thumb/v6-m/nofp/libc_nano.a(lib_a-impure.o)
                0x00000000200000f0                . = ALIGN (0x4)
                0x00000000200000f0                PROVIDE (__preinit_array_start = .)
 *(.preinit_array)
                0x00000000200000f0                PROVIDE (__preinit_array_end = .)
                0x00000000200000f0                . = ALIGN (0x4)
                0x00000000200000f0                PROVIDE (__init_array_start = .)
 *(SORT_BY_NAME(.init_array.*))
 *(.init_array)
 .init_array    0x00000000200000f0        0x4 /home/ckraemer/.arduino15/packages/adafruit/tools/arm-none-eabi-gcc/9-2019q4/bin/../lib/gcc/arm-none-eabi/9.2.1/thumb/v6-m/nofp/crtbegin.o
 .init_array    0x00000000200000f4        0x4 /tmp/arduino_build_482877/sketch/Knob.ino.cpp.o
 .init_array    0x00000000200000f8        0x4 /tmp/arduino_build_482877/core/variant.cpp.o
 .init_array    0x00000000200000fc        0x4 /tmp/arduino_build_482877/../arduino_cache_213079/core/core_e819bd12e37a273f8e0ee1d21781b140.a(USBCore.cpp.o)
 .init_array    0x0000000020000100        0x4 /tmp/arduino_build_482877/../arduino_cache_213079/core/core_e819bd12e37a273f8e0ee1d21781b140.a(CDC.cpp.o)
                0x0000000020000104                PROVIDE (__init_array_end = .)
                0x0000000020000104                . = ALIGN (0x4)
                [!provide]                        PROVIDE (__fini_array_start = .)
 *(SORT_BY_NAME(.fini_array.*))
 *(.fini_array)
 .fini_array    0x0000000020000104        0x4 /home/ckraemer/.arduino15/packages/adafruit/tools/arm-none-eabi-gcc/9-2019q4/bin/../lib/gcc/arm-none-eabi/9.2.1/thumb/v6-m/nofp/crtbegin.o
                [!provide]                        PROVIDE (__fini_array_end = .)
 *(.jcr*)
                0x0000000020000110                . = ALIGN (0x10)
 *fill*         0x0000000020000108        0x8 
                0x0000000020000110                __data_end__ = .

.igot.plt       0x0000000020000110        0x0 load address 0x00000000000050bc
 .igot.plt      0x0000000020000110        0x0 /home/ckraemer/.arduino15/packages/adafruit/tools/arm-none-eabi-gcc/9-2019q4/bin/../lib/gcc/arm-none-eabi/9.2.1/thumb/v6-m/nofp/crtbegin.o

.bss            0x0000000020000110      0x9a8 load address 0x00000000000050bc
                0x0000000020000110                . = ALIGN (0x4)
                0x0000000020000110                __bss_start__ = .
 *(.bss*)
 .bss           0x0000000020000110       0x1c /home/ckraemer/.arduino15/packages/adafruit/tools/arm-none-eabi-gcc/9-2019q4/bin/../lib/gcc/arm-none-eabi/9.2.1/thumb/v6-m/nofp/crtbegin.o
 .bss.myservo   0x000000002000012c        0x3 /tmp/arduino_build_482877/sketch/Knob.ino.cpp.o
                0x000000002000012c                myservo
 *fill*         0x000000002000012f        0x1 
 .bss.potpin    0x0000000020000130        0x4 /tmp/arduino_build_482877/sketch/Knob.ino.cpp.o
                0x0000000020000130                potpin
 .bss.val       0x0000000020000134        0x4 /tmp/arduino_build_482877/sketch/Knob.ino.cpp.o
                0x0000000020000134                val
 .bss.ServoCount
                0x0000000020000138        0x1 /tmp/arduino_build_482877/libraries/Servo/samd/Servo.cpp.o
                0x0000000020000138                ServoCount
 .bss._ZL17currentServoIndex
                0x0000000020000139        0x1 /tmp/arduino_build_482877/libraries/Servo/samd/Servo.cpp.o
 *fill*         0x000000002000013a        0x2 
 .bss._ZL6servos
                0x000000002000013c       0x60 /tmp/arduino_build_482877/libraries/Servo/samd/Servo.cpp.o
 .bss.Serial1   0x000000002000019c      0x2fc /tmp/arduino_build_482877/core/variant.cpp.o
                0x000000002000019c                Serial1
 .bss.sercom0   0x0000000020000498        0x4 /tmp/arduino_build_482877/core/variant.cpp.o
                0x0000000020000498                sercom0
 .bss.sercom1   0x000000002000049c        0x4 /tmp/arduino_build_482877/core/variant.cpp.o
                0x000000002000049c                sercom1
 .bss.sercom2   0x00000000200004a0        0x4 /tmp/arduino_build_482877/core/variant.cpp.o
                0x00000000200004a0                sercom2
 .bss.sercom3   0x00000000200004a4        0x4 /tmp/arduino_build_482877/core/variant.cpp.o
                0x00000000200004a4                sercom3
 .bss.sercom4   0x00000000200004a8        0x4 /tmp/arduino_build_482877/core/variant.cpp.o
                0x00000000200004a8                sercom4
 .bss.sercom5   0x00000000200004ac        0x4 /tmp/arduino_build_482877/core/variant.cpp.o
                0x00000000200004ac                sercom5
 .bss.usb_isr   0x00000000200004b0        0x4 /tmp/arduino_build_482877/../arduino_cache_213079/core/core_e819bd12e37a273f8e0ee1d21781b140.a(cortex_handlers.c.o)
 .bss._ulTickCount
                0x00000000200004b4        0x4 /tmp/arduino_build_482877/../arduino_cache_213079/core/core_e819bd12e37a273f8e0ee1d21781b140.a(delay.c.o)
 .bss.USBDevice
                0x00000000200004b8        0x1 /tmp/arduino_build_482877/../arduino_cache_213079/core/core_e819bd12e37a273f8e0ee1d21781b140.a(USBCore.cpp.o)
                0x00000000200004b8                USBDevice
 *fill*         0x00000000200004b9        0x3 
 .bss._ZL10epHandlers
                0x00000000200004bc       0x1c /tmp/arduino_build_482877/../arduino_cache_213079/core/core_e819bd12e37a273f8e0ee1d21781b140.a(USBCore.cpp.o)
 .bss._ZL10rxLEDPulse
                0x00000000200004d8        0x1 /tmp/arduino_build_482877/../arduino_cache_213079/core/core_e819bd12e37a273f8e0ee1d21781b140.a(USBCore.cpp.o)
 .bss._ZL10txLEDPulse
                0x00000000200004d9        0x1 /tmp/arduino_build_482877/../arduino_cache_213079/core/core_e819bd12e37a273f8e0ee1d21781b140.a(USBCore.cpp.o)
 .bss._ZL14isEndpointHalt
                0x00000000200004da        0x1 /tmp/arduino_build_482877/../arduino_cache_213079/core/core_e819bd12e37a273f8e0ee1d21781b140.a(USBCore.cpp.o)
 .bss._ZL20LastTransmitTimedOut
                0x00000000200004db        0x7 /tmp/arduino_build_482877/../arduino_cache_213079/core/core_e819bd12e37a273f8e0ee1d21781b140.a(USBCore.cpp.o)
 .bss._ZL21isRemoteWakeUpEnabled
                0x00000000200004e2        0x1 /tmp/arduino_build_482877/../arduino_cache_213079/core/core_e819bd12e37a273f8e0ee1d21781b140.a(USBCore.cpp.o)
 *fill*         0x00000000200004e3        0x1 
 .bss._ZL22udd_ep_in_cache_buffer
                0x00000000200004e4      0x1c0 /tmp/arduino_build_482877/../arduino_cache_213079/core/core_e819bd12e37a273f8e0ee1d21781b140.a(USBCore.cpp.o)
 .bss._ZL23udd_ep_out_cache_buffer
                0x00000000200006a4      0x1c0 /tmp/arduino_build_482877/../arduino_cache_213079/core/core_e819bd12e37a273f8e0ee1d21781b140.a(USBCore.cpp.o)
 .bss._dry_run  0x0000000020000864        0x1 /tmp/arduino_build_482877/../arduino_cache_213079/core/core_e819bd12e37a273f8e0ee1d21781b140.a(USBCore.cpp.o)
                0x0000000020000864                _dry_run
 .bss._pack_buffer
                0x0000000020000865      0x100 /tmp/arduino_build_482877/../arduino_cache_213079/core/core_e819bd12e37a273f8e0ee1d21781b140.a(USBCore.cpp.o)
                0x0000000020000865                _pack_buffer
 .bss._pack_message
                0x0000000020000965        0x1 /tmp/arduino_build_482877/../arduino_cache_213079/core/core_e819bd12e37a273f8e0ee1d21781b140.a(USBCore.cpp.o)
                0x0000000020000965                _pack_message
 .bss._pack_size
                0x0000000020000966        0x2 /tmp/arduino_build_482877/../arduino_cache_213079/core/core_e819bd12e37a273f8e0ee1d21781b140.a(USBCore.cpp.o)
                0x0000000020000966                _pack_size
 .bss._usbConfiguration
                0x0000000020000968        0x4 /tmp/arduino_build_482877/../arduino_cache_213079/core/core_e819bd12e37a273f8e0ee1d21781b140.a(USBCore.cpp.o)
                0x0000000020000968                _usbConfiguration
 .bss._usbSetInterface
                0x000000002000096c        0x4 /tmp/arduino_build_482877/../arduino_cache_213079/core/core_e819bd12e37a273f8e0ee1d21781b140.a(USBCore.cpp.o)
                0x000000002000096c                _usbSetInterface
 .bss.usbd      0x0000000020000970      0x104 /tmp/arduino_build_482877/../arduino_cache_213079/core/core_e819bd12e37a273f8e0ee1d21781b140.a(USBCore.cpp.o)
                0x0000000020000970                usbd
 .bss.Serial    0x0000000020000a74       0x1c /tmp/arduino_build_482877/../arduino_cache_213079/core/core_e819bd12e37a273f8e0ee1d21781b140.a(CDC.cpp.o)
                0x0000000020000a74                Serial
 .bss._ZGVZ12PluggableUSBvE3obj
                0x0000000020000a90        0x4 /tmp/arduino_build_482877/../arduino_cache_213079/core/core_e819bd12e37a273f8e0ee1d21781b140.a(PluggableUSB.cpp.o)
 .bss._ZZ12PluggableUSBvE3obj
                0x0000000020000a94        0x8 /tmp/arduino_build_482877/../arduino_cache_213079/core/core_e819bd12e37a273f8e0ee1d21781b140.a(PluggableUSB.cpp.o)
 .bss.__malloc_free_list
                0x0000000020000a9c        0x4 /home/ckraemer/.arduino15/packages/adafruit/tools/arm-none-eabi-gcc/9-2019q4/bin/../lib/gcc/arm-none-eabi/9.2.1/../../../../arm-none-eabi/lib/thumb/v6-m/nofp/libc_nano.a(lib_a-nano-mallocr.o)
                0x0000000020000a9c                __malloc_free_list
 .bss.__malloc_sbrk_start
                0x0000000020000aa0        0x4 /home/ckraemer/.arduino15/packages/adafruit/tools/arm-none-eabi-gcc/9-2019q4/bin/../lib/gcc/arm-none-eabi/9.2.1/../../../../arm-none-eabi/lib/thumb/v6-m/nofp/libc_nano.a(lib_a-nano-mallocr.o)
                0x0000000020000aa0                __malloc_sbrk_start
 .bss.heap_end.4144
                0x0000000020000aa4        0x4 /home/ckraemer/.arduino15/packages/adafruit/tools/arm-none-eabi-gcc/9-2019q4/bin/../lib/gcc/arm-none-eabi/9.2.1/../../../../arm-none-eabi/lib/thumb/v6-m/nofp/libnosys.a(sbrk.o)
 *(COMMON)
 COMMON         0x0000000020000aa8        0x4 /home/ckraemer/.arduino15/packages/adafruit/tools/arm-none-eabi-gcc/9-2019q4/bin/../lib/gcc/arm-none-eabi/9.2.1/../../../../arm-none-eabi/lib/thumb/v6-m/nofp/libc_nano.a(lib_a-reent.o)
                0x0000000020000aa8                errno
 COMMON         0x0000000020000aac        0x9 /home/ckraemer/.arduino15/packages/adafruit/tools/arm-none-eabi-gcc/9-2019q4/bin/../lib/gcc/arm-none-eabi/9.2.1/../../../../arm-none-eabi/lib/thumb/v6-m/nofp/libc_nano.a(lib_a-lock.o)
                0x0000000020000aac                __lock___atexit_recursive_mutex
                0x0000000020000aad                __lock___arc4random_mutex
                0x0000000020000aae                __lock___env_recursive_mutex
                0x0000000020000aaf                __lock___sinit_recursive_mutex
                0x0000000020000ab0                __lock___malloc_recursive_mutex
                0x0000000020000ab1                __lock___at_quick_exit_mutex
                0x0000000020000ab2                __lock___dd_hash_mutex
                0x0000000020000ab3                __lock___tz_mutex
                0x0000000020000ab4                __lock___sfp_recursive_mutex
                0x0000000020000ab8                . = ALIGN (0x4)
 *fill*         0x0000000020000ab5        0x3 
                0x0000000020000ab8                __bss_end__ = .

.heap           0x0000000020000ab8        0x0
                0x0000000020000ab8                __end__ = .
                0x0000000020000ab8                PROVIDE (end = .)
 *(.heap*)
                0x0000000020000ab8                __HeapLimit = .

.stack_dummy    0x0000000020000ab8        0x0
 *(.stack*)
                0x0000000020008000                __StackTop = (ORIGIN (RAM) + LENGTH (RAM))
                0x0000000020008000                __StackLimit = (__StackTop - SIZEOF (.stack_dummy))
                0x0000000020008000                PROVIDE (__stack = __StackTop)
                0x0000000020007fff                __ram_end__ = ((ORIGIN (RAM) + LENGTH (RAM)) - 0x1)
                0x0000000000000001                ASSERT ((__StackLimit >= __HeapLimit), region RAM overflowed with stack)
OUTPUT(/tmp/arduino_build_482877/Knob.ino.elf elf32-littlearm)

.ARM.attributes
                0x0000000000000000       0x28
 .ARM.attributes
                0x0000000000000000       0x1e /home/ckraemer/.arduino15/packages/adafruit/tools/arm-none-eabi-gcc/9-2019q4/bin/../lib/gcc/arm-none-eabi/9.2.1/thumb/v6-m/nofp/crti.o
 .ARM.attributes
                0x000000000000001e       0x2c /home/ckraemer/.arduino15/packages/adafruit/tools/arm-none-eabi-gcc/9-2019q4/bin/../lib/gcc/arm-none-eabi/9.2.1/thumb/v6-m/nofp/crtbegin.o
 .ARM.attributes
                0x000000000000004a       0x2c /tmp/arduino_build_482877/sketch/Knob.ino.cpp.o
 .ARM.attributes
                0x0000000000000076       0x2c /tmp/arduino_build_482877/libraries/Servo/samd/Servo.cpp.o
 .ARM.attributes
                0x00000000000000a2       0x2c /tmp/arduino_build_482877/core/variant.cpp.o
 .ARM.attributes
                0x00000000000000ce       0x2c /tmp/arduino_build_482877/../arduino_cache_213079/core/core_e819bd12e37a273f8e0ee1d21781b140.a(cortex_handlers.c.o)
 .ARM.attributes
                0x00000000000000fa       0x2c /tmp/arduino_build_482877/../arduino_cache_213079/core/core_e819bd12e37a273f8e0ee1d21781b140.a(delay.c.o)
 .ARM.attributes
                0x0000000000000126       0x2c /tmp/arduino_build_482877/../arduino_cache_213079/core/core_e819bd12e37a273f8e0ee1d21781b140.a(hooks.c.o)
 .ARM.attributes
                0x0000000000000152       0x2c /tmp/arduino_build_482877/../arduino_cache_213079/core/core_e819bd12e37a273f8e0ee1d21781b140.a(startup.c.o)
 .ARM.attributes
                0x000000000000017e       0x2c /tmp/arduino_build_482877/../arduino_cache_213079/core/core_e819bd12e37a273f8e0ee1d21781b140.a(wiring.c.o)
 .ARM.attributes
                0x00000000000001aa       0x2c /tmp/arduino_build_482877/../arduino_cache_213079/core/core_e819bd12e37a273f8e0ee1d21781b140.a(wiring_analog.c.o)
 .ARM.attributes
                0x00000000000001d6       0x2c /tmp/arduino_build_482877/../arduino_cache_213079/core/core_e819bd12e37a273f8e0ee1d21781b140.a(wiring_digital.c.o)
 .ARM.attributes
                0x0000000000000202       0x2c /tmp/arduino_build_482877/../arduino_cache_213079/core/core_e819bd12e37a273f8e0ee1d21781b140.a(wiring_private.c.o)
 .ARM.attributes
                0x000000000000022e       0x2c /tmp/arduino_build_482877/../arduino_cache_213079/core/core_e819bd12e37a273f8e0ee1d21781b140.a(Reset.cpp.o)
 .ARM.attributes
                0x000000000000025a       0x2c /tmp/arduino_build_482877/../arduino_cache_213079/core/core_e819bd12e37a273f8e0ee1d21781b140.a(SERCOM.cpp.o)
 .ARM.attributes
                0x0000000000000286       0x2c /tmp/arduino_build_482877/../arduino_cache_213079/core/core_e819bd12e37a273f8e0ee1d21781b140.a(Uart.cpp.o)
 .ARM.attributes
                0x00000000000002b2       0x2c /tmp/arduino_build_482877/../arduino_cache_213079/core/core_e819bd12e37a273f8e0ee1d21781b140.a(WMath.cpp.o)
 .ARM.attributes
                0x00000000000002de       0x2c /tmp/arduino_build_482877/../arduino_cache_213079/core/core_e819bd12e37a273f8e0ee1d21781b140.a(main.cpp.o)
 .ARM.attributes
                0x000000000000030a       0x2c /tmp/arduino_build_482877/../arduino_cache_213079/core/core_e819bd12e37a273f8e0ee1d21781b140.a(Print.cpp.o)
 .ARM.attributes
                0x0000000000000336       0x2c /tmp/arduino_build_482877/../arduino_cache_213079/core/core_e819bd12e37a273f8e0ee1d21781b140.a(USBCore.cpp.o)
 .ARM.attributes
                0x0000000000000362       0x2c /tmp/arduino_build_482877/../arduino_cache_213079/core/core_e819bd12e37a273f8e0ee1d21781b140.a(new.cpp.o)
 .ARM.attributes
                0x000000000000038e       0x2c /tmp/arduino_build_482877/../arduino_cache_213079/core/core_e819bd12e37a273f8e0ee1d21781b140.a(CDC.cpp.o)
 .ARM.attributes
                0x00000000000003ba       0x2c /tmp/arduino_build_482877/../arduino_cache_213079/core/core_e819bd12e37a273f8e0ee1d21781b140.a(PluggableUSB.cpp.o)
 .ARM.attributes
                0x00000000000003e6       0x2c /tmp/arduino_build_482877/../arduino_cache_213079/core/core_e819bd12e37a273f8e0ee1d21781b140.a(SAMD21_USBDevice.cpp.o)
 .ARM.attributes
                0x0000000000000412       0x1e /home/ckraemer/.arduino15/packages/adafruit/tools/arm-none-eabi-gcc/9-2019q4/bin/../lib/gcc/arm-none-eabi/9.2.1/thumb/v6-m/nofp/libgcc.a(_thumb1_case_uqi.o)
 .ARM.attributes
                0x0000000000000430       0x1e /home/ckraemer/.arduino15/packages/adafruit/tools/arm-none-eabi-gcc/9-2019q4/bin/../lib/gcc/arm-none-eabi/9.2.1/thumb/v6-m/nofp/libgcc.a(_udivsi3.o)
 .ARM.attributes
                0x000000000000044e       0x1e /home/ckraemer/.arduino15/packages/adafruit/tools/arm-none-eabi-gcc/9-2019q4/bin/../lib/gcc/arm-none-eabi/9.2.1/thumb/v6-m/nofp/libgcc.a(_divsi3.o)
 .ARM.attributes
                0x000000000000046c       0x1e /home/ckraemer/.arduino15/packages/adafruit/tools/arm-none-eabi-gcc/9-2019q4/bin/../lib/gcc/arm-none-eabi/9.2.1/thumb/v6-m/nofp/libgcc.a(_dvmd_tls.o)
 .ARM.attributes
                0x000000000000048a       0x2c /home/ckraemer/.arduino15/packages/adafruit/tools/arm-none-eabi-gcc/9-2019q4/bin/../lib/gcc/arm-none-eabi/9.2.1/../../../../arm-none-eabi/lib/thumb/v6-m/nofp/libc_nano.a(lib_a-impure.o)
 .ARM.attributes
                0x00000000000004b6       0x2c /home/ckraemer/.arduino15/packages/adafruit/tools/arm-none-eabi-gcc/9-2019q4/bin/../lib/gcc/arm-none-eabi/9.2.1/../../../../arm-none-eabi/lib/thumb/v6-m/nofp/libc_nano.a(lib_a-init.o)
 .ARM.attributes
                0x00000000000004e2       0x2c /home/ckraemer/.arduino15/packages/adafruit/tools/arm-none-eabi-gcc/9-2019q4/bin/../lib/gcc/arm-none-eabi/9.2.1/../../../../arm-none-eabi/lib/thumb/v6-m/nofp/libc_nano.a(lib_a-malloc.o)
 .ARM.attributes
                0x000000000000050e       0x2c /home/ckraemer/.arduino15/packages/adafruit/tools/arm-none-eabi-gcc/9-2019q4/bin/../lib/gcc/arm-none-eabi/9.2.1/../../../../arm-none-eabi/lib/thumb/v6-m/nofp/libc_nano.a(lib_a-memcpy-stub.o)
 .ARM.attributes
                0x000000000000053a       0x2c /home/ckraemer/.arduino15/packages/adafruit/tools/arm-none-eabi-gcc/9-2019q4/bin/../lib/gcc/arm-none-eabi/9.2.1/../../../../arm-none-eabi/lib/thumb/v6-m/nofp/libc_nano.a(lib_a-memset.o)
 .ARM.attributes
                0x0000000000000566       0x2c /home/ckraemer/.arduino15/packages/adafruit/tools/arm-none-eabi-gcc/9-2019q4/bin/../lib/gcc/arm-none-eabi/9.2.1/../../../../arm-none-eabi/lib/thumb/v6-m/nofp/libc_nano.a(lib_a-nano-freer.o)
 .ARM.attributes
                0x0000000000000592       0x2c /home/ckraemer/.arduino15/packages/adafruit/tools/arm-none-eabi-gcc/9-2019q4/bin/../lib/gcc/arm-none-eabi/9.2.1/../../../../arm-none-eabi/lib/thumb/v6-m/nofp/libc_nano.a(lib_a-nano-mallocr.o)
 .ARM.attributes
                0x00000000000005be       0x2c /home/ckraemer/.arduino15/packages/adafruit/tools/arm-none-eabi-gcc/9-2019q4/bin/../lib/gcc/arm-none-eabi/9.2.1/../../../../arm-none-eabi/lib/thumb/v6-m/nofp/libc_nano.a(lib_a-sbrkr.o)
 .ARM.attributes
                0x00000000000005ea       0x1c /home/ckraemer/.arduino15/packages/adafruit/tools/arm-none-eabi-gcc/9-2019q4/bin/../lib/gcc/arm-none-eabi/9.2.1/../../../../arm-none-eabi/lib/thumb/v6-m/nofp/libc_nano.a(lib_a-strlen.o)
 .ARM.attributes
                0x0000000000000606       0x2c /home/ckraemer/.arduino15/packages/adafruit/tools/arm-none-eabi-gcc/9-2019q4/bin/../lib/gcc/arm-none-eabi/9.2.1/../../../../arm-none-eabi/lib/thumb/v6-m/nofp/libc_nano.a(lib_a-mlock.o)
 .ARM.attributes
                0x0000000000000632       0x2c /home/ckraemer/.arduino15/packages/adafruit/tools/arm-none-eabi-gcc/9-2019q4/bin/../lib/gcc/arm-none-eabi/9.2.1/../../../../arm-none-eabi/lib/thumb/v6-m/nofp/libc_nano.a(lib_a-reent.o)
 .ARM.attributes
                0x000000000000065e       0x2c /home/ckraemer/.arduino15/packages/adafruit/tools/arm-none-eabi-gcc/9-2019q4/bin/../lib/gcc/arm-none-eabi/9.2.1/../../../../arm-none-eabi/lib/thumb/v6-m/nofp/libc_nano.a(lib_a-lock.o)
 .ARM.attributes
                0x000000000000068a       0x2c /home/ckraemer/.arduino15/packages/adafruit/tools/arm-none-eabi-gcc/9-2019q4/bin/../lib/gcc/arm-none-eabi/9.2.1/../../../../arm-none-eabi/lib/thumb/v6-m/nofp/libnosys.a(sbrk.o)
 .ARM.attributes
                0x00000000000006b6       0x2c /home/ckraemer/.arduino15/packages/adafruit/tools/arm-none-eabi-gcc/9-2019q4/bin/../lib/gcc/arm-none-eabi/9.2.1/thumb/v6-m/nofp/crtend.o
 .ARM.attributes
                0x00000000000006e2       0x1e /home/ckraemer/.arduino15/packages/adafruit/tools/arm-none-eabi-gcc/9-2019q4/bin/../lib/gcc/arm-none-eabi/9.2.1/thumb/v6-m/nofp/crtn.o

.comment        0x0000000000000000       0x79
 .comment       0x0000000000000000       0x79 /tmp/arduino_build_482877/sketch/Knob.ino.cpp.o
                                         0x7a (size before relaxing)
 .comment       0x0000000000000079       0x7a /tmp/arduino_build_482877/libraries/Servo/samd/Servo.cpp.o
 .comment       0x0000000000000079       0x7a /tmp/arduino_build_482877/core/variant.cpp.o
 .comment       0x0000000000000079       0x7a /tmp/arduino_build_482877/../arduino_cache_213079/core/core_e819bd12e37a273f8e0ee1d21781b140.a(cortex_handlers.c.o)
 .comment       0x0000000000000079       0x7a /tmp/arduino_build_482877/../arduino_cache_213079/core/core_e819bd12e37a273f8e0ee1d21781b140.a(delay.c.o)
 .comment       0x0000000000000079       0x7a /tmp/arduino_build_482877/../arduino_cache_213079/core/core_e819bd12e37a273f8e0ee1d21781b140.a(hooks.c.o)
 .comment       0x0000000000000079       0x7a /tmp/arduino_build_482877/../arduino_cache_213079/core/core_e819bd12e37a273f8e0ee1d21781b140.a(startup.c.o)
 .comment       0x0000000000000079       0x7a /tmp/arduino_build_482877/../arduino_cache_213079/core/core_e819bd12e37a273f8e0ee1d21781b140.a(wiring.c.o)
 .comment       0x0000000000000079       0x7a /tmp/arduino_build_482877/../arduino_cache_213079/core/core_e819bd12e37a273f8e0ee1d21781b140.a(wiring_analog.c.o)
 .comment       0x0000000000000079       0x7a /tmp/arduino_build_482877/../arduino_cache_213079/core/core_e819bd12e37a273f8e0ee1d21781b140.a(wiring_digital.c.o)
 .comment       0x0000000000000079       0x7a /tmp/arduino_build_482877/../arduino_cache_213079/core/core_e819bd12e37a273f8e0ee1d21781b140.a(wiring_private.c.o)
 .comment       0x0000000000000079       0x7a /tmp/arduino_build_482877/../arduino_cache_213079/core/core_e819bd12e37a273f8e0ee1d21781b140.a(Reset.cpp.o)
 .comment       0x0000000000000079       0x7a /tmp/arduino_build_482877/../arduino_cache_213079/core/core_e819bd12e37a273f8e0ee1d21781b140.a(SERCOM.cpp.o)
 .comment       0x0000000000000079       0x7a /tmp/arduino_build_482877/../arduino_cache_213079/core/core_e819bd12e37a273f8e0ee1d21781b140.a(Uart.cpp.o)
 .comment       0x0000000000000079       0x7a /tmp/arduino_build_482877/../arduino_cache_213079/core/core_e819bd12e37a273f8e0ee1d21781b140.a(WMath.cpp.o)
 .comment       0x0000000000000079       0x7a /tmp/arduino_build_482877/../arduino_cache_213079/core/core_e819bd12e37a273f8e0ee1d21781b140.a(main.cpp.o)
 .comment       0x0000000000000079       0x7a /tmp/arduino_build_482877/../arduino_cache_213079/core/core_e819bd12e37a273f8e0ee1d21781b140.a(Print.cpp.o)
 .comment       0x0000000000000079       0x7a /tmp/arduino_build_482877/../arduino_cache_213079/core/core_e819bd12e37a273f8e0ee1d21781b140.a(USBCore.cpp.o)
 .comment       0x0000000000000079       0x7a /tmp/arduino_build_482877/../arduino_cache_213079/core/core_e819bd12e37a273f8e0ee1d21781b140.a(new.cpp.o)
 .comment       0x0000000000000079       0x7a /tmp/arduino_build_482877/../arduino_cache_213079/core/core_e819bd12e37a273f8e0ee1d21781b140.a(CDC.cpp.o)
 .comment       0x0000000000000079       0x7a /tmp/arduino_build_482877/../arduino_cache_213079/core/core_e819bd12e37a273f8e0ee1d21781b140.a(PluggableUSB.cpp.o)
 .comment       0x0000000000000079       0x7a /tmp/arduino_build_482877/../arduino_cache_213079/core/core_e819bd12e37a273f8e0ee1d21781b140.a(SAMD21_USBDevice.cpp.o)

.debug_info     0x0000000000000000    0x79813
 .debug_info    0x0000000000000000     0x6b0b /tmp/arduino_build_482877/sketch/Knob.ino.cpp.o
 .debug_info    0x0000000000006b0b     0x8472 /tmp/arduino_build_482877/libraries/Servo/samd/Servo.cpp.o
 .debug_info    0x000000000000ef7d     0x6cf7 /tmp/arduino_build_482877/core/variant.cpp.o
 .debug_info    0x0000000000015c74     0x128e /tmp/arduino_build_482877/../arduino_cache_213079/core/core_e819bd12e37a273f8e0ee1d21781b140.a(cortex_handlers.c.o)
 .debug_info    0x0000000000016f02     0x1538 /tmp/arduino_build_482877/../arduino_cache_213079/core/core_e819bd12e37a273f8e0ee1d21781b140.a(delay.c.o)
 .debug_info    0x000000000001843a       0x67 /tmp/arduino_build_482877/../arduino_cache_213079/core/core_e819bd12e37a273f8e0ee1d21781b140.a(hooks.c.o)
 .debug_info    0x00000000000184a1     0x38d6 /tmp/arduino_build_482877/../arduino_cache_213079/core/core_e819bd12e37a273f8e0ee1d21781b140.a(startup.c.o)
 .debug_info    0x000000000001bd77     0x30f1 /tmp/arduino_build_482877/../arduino_cache_213079/core/core_e819bd12e37a273f8e0ee1d21781b140.a(wiring.c.o)
 .debug_info    0x000000000001ee68     0x5578 /tmp/arduino_build_482877/../arduino_cache_213079/core/core_e819bd12e37a273f8e0ee1d21781b140.a(wiring_analog.c.o)
 .debug_info    0x00000000000243e0     0x1a30 /tmp/arduino_build_482877/../arduino_cache_213079/core/core_e819bd12e37a273f8e0ee1d21781b140.a(wiring_digital.c.o)
 .debug_info    0x0000000000025e10     0x19be /tmp/arduino_build_482877/../arduino_cache_213079/core/core_e819bd12e37a273f8e0ee1d21781b140.a(wiring_private.c.o)
 .debug_info    0x00000000000277ce     0x6f34 /tmp/arduino_build_482877/../arduino_cache_213079/core/core_e819bd12e37a273f8e0ee1d21781b140.a(Reset.cpp.o)
 .debug_info    0x000000000002e702     0x80f8 /tmp/arduino_build_482877/../arduino_cache_213079/core/core_e819bd12e37a273f8e0ee1d21781b140.a(SERCOM.cpp.o)
 .debug_info    0x00000000000367fa     0x9d1d /tmp/arduino_build_482877/../arduino_cache_213079/core/core_e819bd12e37a273f8e0ee1d21781b140.a(Uart.cpp.o)
 .debug_info    0x0000000000040517     0x1222 /tmp/arduino_build_482877/../arduino_cache_213079/core/core_e819bd12e37a273f8e0ee1d21781b140.a(WMath.cpp.o)
 .debug_info    0x0000000000041739     0x693b /tmp/arduino_build_482877/../arduino_cache_213079/core/core_e819bd12e37a273f8e0ee1d21781b140.a(main.cpp.o)
 .debug_info    0x0000000000048074     0x97c0 /tmp/arduino_build_482877/../arduino_cache_213079/core/core_e819bd12e37a273f8e0ee1d21781b140.a(Print.cpp.o)
 .debug_info    0x0000000000051834     0xea62 /tmp/arduino_build_482877/../arduino_cache_213079/core/core_e819bd12e37a273f8e0ee1d21781b140.a(USBCore.cpp.o)
 .debug_info    0x0000000000060296     0x1111 /tmp/arduino_build_482877/../arduino_cache_213079/core/core_e819bd12e37a273f8e0ee1d21781b140.a(new.cpp.o)
 .debug_info    0x00000000000613a7     0x905b /tmp/arduino_build_482877/../arduino_cache_213079/core/core_e819bd12e37a273f8e0ee1d21781b140.a(CDC.cpp.o)
 .debug_info    0x000000000006a402     0x6de4 /tmp/arduino_build_482877/../arduino_cache_213079/core/core_e819bd12e37a273f8e0ee1d21781b140.a(PluggableUSB.cpp.o)
 .debug_info    0x00000000000711e6     0x862d /tmp/arduino_build_482877/../arduino_cache_213079/core/core_e819bd12e37a273f8e0ee1d21781b140.a(SAMD21_USBDevice.cpp.o)

.debug_abbrev   0x0000000000000000     0x8896
 .debug_abbrev  0x0000000000000000      0x706 /tmp/arduino_build_482877/sketch/Knob.ino.cpp.o
 .debug_abbrev  0x0000000000000706      0x983 /tmp/arduino_build_482877/libraries/Servo/samd/Servo.cpp.o
 .debug_abbrev  0x0000000000001089      0x5d6 /tmp/arduino_build_482877/core/variant.cpp.o
 .debug_abbrev  0x000000000000165f      0x303 /tmp/arduino_build_482877/../arduino_cache_213079/core/core_e819bd12e37a273f8e0ee1d21781b140.a(cortex_handlers.c.o)
 .debug_abbrev  0x0000000000001962      0x33a /tmp/arduino_build_482877/../arduino_cache_213079/core/core_e819bd12e37a273f8e0ee1d21781b140.a(delay.c.o)
 .debug_abbrev  0x0000000000001c9c       0x4d /tmp/arduino_build_482877/../arduino_cache_213079/core/core_e819bd12e37a273f8e0ee1d21781b140.a(hooks.c.o)
 .debug_abbrev  0x0000000000001ce9      0x2f7 /tmp/arduino_build_482877/../arduino_cache_213079/core/core_e819bd12e37a273f8e0ee1d21781b140.a(startup.c.o)
 .debug_abbrev  0x0000000000001fe0      0x3e8 /tmp/arduino_build_482877/../arduino_cache_213079/core/core_e819bd12e37a273f8e0ee1d21781b140.a(wiring.c.o)
 .debug_abbrev  0x00000000000023c8      0x554 /tmp/arduino_build_482877/../arduino_cache_213079/core/core_e819bd12e37a273f8e0ee1d21781b140.a(wiring_analog.c.o)
 .debug_abbrev  0x000000000000291c      0x389 /tmp/arduino_build_482877/../arduino_cache_213079/core/core_e819bd12e37a273f8e0ee1d21781b140.a(wiring_digital.c.o)
 .debug_abbrev  0x0000000000002ca5      0x351 /tmp/arduino_build_482877/../arduino_cache_213079/core/core_e819bd12e37a273f8e0ee1d21781b140.a(wiring_private.c.o)
 .debug_abbrev  0x0000000000002ff6      0x750 /tmp/arduino_build_482877/../arduino_cache_213079/core/core_e819bd12e37a273f8e0ee1d21781b140.a(Reset.cpp.o)
 .debug_abbrev  0x0000000000003746      0x974 /tmp/arduino_build_482877/../arduino_cache_213079/core/core_e819bd12e37a273f8e0ee1d21781b140.a(SERCOM.cpp.o)
 .debug_abbrev  0x00000000000040ba      0xa66 /tmp/arduino_build_482877/../arduino_cache_213079/core/core_e819bd12e37a273f8e0ee1d21781b140.a(Uart.cpp.o)
 .debug_abbrev  0x0000000000004b20      0x388 /tmp/arduino_build_482877/../arduino_cache_213079/core/core_e819bd12e37a273f8e0ee1d21781b140.a(WMath.cpp.o)
 .debug_abbrev  0x0000000000004ea8      0x683 /tmp/arduino_build_482877/../arduino_cache_213079/core/core_e819bd12e37a273f8e0ee1d21781b140.a(main.cpp.o)
 .debug_abbrev  0x000000000000552b      0xa5e /tmp/arduino_build_482877/../arduino_cache_213079/core/core_e819bd12e37a273f8e0ee1d21781b140.a(Print.cpp.o)
 .debug_abbrev  0x0000000000005f89      0xcf4 /tmp/arduino_build_482877/../arduino_cache_213079/core/core_e819bd12e37a273f8e0ee1d21781b140.a(USBCore.cpp.o)
 .debug_abbrev  0x0000000000006c7d      0x350 /tmp/arduino_build_482877/../arduino_cache_213079/core/core_e819bd12e37a273f8e0ee1d21781b140.a(new.cpp.o)
 .debug_abbrev  0x0000000000006fcd      0xa8f /tmp/arduino_build_482877/../arduino_cache_213079/core/core_e819bd12e37a273f8e0ee1d21781b140.a(CDC.cpp.o)
 .debug_abbrev  0x0000000000007a5c      0x778 /tmp/arduino_build_482877/../arduino_cache_213079/core/core_e819bd12e37a273f8e0ee1d21781b140.a(PluggableUSB.cpp.o)
 .debug_abbrev  0x00000000000081d4      0x6c2 /tmp/arduino_build_482877/../arduino_cache_213079/core/core_e819bd12e37a273f8e0ee1d21781b140.a(SAMD21_USBDevice.cpp.o)

.debug_loc      0x0000000000000000     0x8772
 .debug_loc     0x0000000000000000       0x2e /tmp/arduino_build_482877/sketch/Knob.ino.cpp.o
 .debug_loc     0x000000000000002e      0x65b /tmp/arduino_build_482877/libraries/Servo/samd/Servo.cpp.o
 .debug_loc     0x0000000000000689       0x2e /tmp/arduino_build_482877/core/variant.cpp.o
 .debug_loc     0x00000000000006b7       0xa5 /tmp/arduino_build_482877/../arduino_cache_213079/core/core_e819bd12e37a273f8e0ee1d21781b140.a(cortex_handlers.c.o)
 .debug_loc     0x000000000000075c      0x12a /tmp/arduino_build_482877/../arduino_cache_213079/core/core_e819bd12e37a273f8e0ee1d21781b140.a(delay.c.o)
 .debug_loc     0x0000000000000886       0x47 /tmp/arduino_build_482877/../arduino_cache_213079/core/core_e819bd12e37a273f8e0ee1d21781b140.a(startup.c.o)
 .debug_loc     0x00000000000008cd       0xd9 /tmp/arduino_build_482877/../arduino_cache_213079/core/core_e819bd12e37a273f8e0ee1d21781b140.a(wiring.c.o)
 .debug_loc     0x00000000000009a6      0x51c /tmp/arduino_build_482877/../arduino_cache_213079/core/core_e819bd12e37a273f8e0ee1d21781b140.a(wiring_analog.c.o)
 .debug_loc     0x0000000000000ec2      0x13e /tmp/arduino_build_482877/../arduino_cache_213079/core/core_e819bd12e37a273f8e0ee1d21781b140.a(wiring_digital.c.o)
 .debug_loc     0x0000000000001000      0x14e /tmp/arduino_build_482877/../arduino_cache_213079/core/core_e819bd12e37a273f8e0ee1d21781b140.a(wiring_private.c.o)
 .debug_loc     0x000000000000114e      0xe80 /tmp/arduino_build_482877/../arduino_cache_213079/core/core_e819bd12e37a273f8e0ee1d21781b140.a(SERCOM.cpp.o)
 .debug_loc     0x0000000000001fce      0xc6a /tmp/arduino_build_482877/../arduino_cache_213079/core/core_e819bd12e37a273f8e0ee1d21781b140.a(Uart.cpp.o)
 .debug_loc     0x0000000000002c38      0x1ae /tmp/arduino_build_482877/../arduino_cache_213079/core/core_e819bd12e37a273f8e0ee1d21781b140.a(WMath.cpp.o)
 .debug_loc     0x0000000000002de6     0x1dc4 /tmp/arduino_build_482877/../arduino_cache_213079/core/core_e819bd12e37a273f8e0ee1d21781b140.a(Print.cpp.o)
 .debug_loc     0x0000000000004baa     0x3092 /tmp/arduino_build_482877/../arduino_cache_213079/core/core_e819bd12e37a273f8e0ee1d21781b140.a(USBCore.cpp.o)
 .debug_loc     0x0000000000007c3c       0x4a /tmp/arduino_build_482877/../arduino_cache_213079/core/core_e819bd12e37a273f8e0ee1d21781b140.a(new.cpp.o)
 .debug_loc     0x0000000000007c86      0x79e /tmp/arduino_build_482877/../arduino_cache_213079/core/core_e819bd12e37a273f8e0ee1d21781b140.a(CDC.cpp.o)
 .debug_loc     0x0000000000008424      0x295 /tmp/arduino_build_482877/../arduino_cache_213079/core/core_e819bd12e37a273f8e0ee1d21781b140.a(PluggableUSB.cpp.o)
 .debug_loc     0x00000000000086b9       0xb9 /tmp/arduino_build_482877/../arduino_cache_213079/core/core_e819bd12e37a273f8e0ee1d21781b140.a(SAMD21_USBDevice.cpp.o)

.debug_aranges  0x0000000000000000      0x9b8
 .debug_aranges
                0x0000000000000000       0x30 /tmp/arduino_build_482877/sketch/Knob.ino.cpp.o
 .debug_aranges
                0x0000000000000030       0x70 /tmp/arduino_build_482877/libraries/Servo/samd/Servo.cpp.o
 .debug_aranges
                0x00000000000000a0       0x28 /tmp/arduino_build_482877/core/variant.cpp.o
 .debug_aranges
                0x00000000000000c8       0x40 /tmp/arduino_build_482877/../arduino_cache_213079/core/core_e819bd12e37a273f8e0ee1d21781b140.a(cortex_handlers.c.o)
 .debug_aranges
                0x0000000000000108       0x38 /tmp/arduino_build_482877/../arduino_cache_213079/core/core_e819bd12e37a273f8e0ee1d21781b140.a(delay.c.o)
 .debug_aranges
                0x0000000000000140       0x30 /tmp/arduino_build_482877/../arduino_cache_213079/core/core_e819bd12e37a273f8e0ee1d21781b140.a(hooks.c.o)
 .debug_aranges
                0x0000000000000170       0x20 /tmp/arduino_build_482877/../arduino_cache_213079/core/core_e819bd12e37a273f8e0ee1d21781b140.a(startup.c.o)
 .debug_aranges
                0x0000000000000190       0x20 /tmp/arduino_build_482877/../arduino_cache_213079/core/core_e819bd12e37a273f8e0ee1d21781b140.a(wiring.c.o)
 .debug_aranges
                0x00000000000001b0       0x40 /tmp/arduino_build_482877/../arduino_cache_213079/core/core_e819bd12e37a273f8e0ee1d21781b140.a(wiring_analog.c.o)
 .debug_aranges
                0x00000000000001f0       0x30 /tmp/arduino_build_482877/../arduino_cache_213079/core/core_e819bd12e37a273f8e0ee1d21781b140.a(wiring_digital.c.o)
 .debug_aranges
                0x0000000000000220       0x20 /tmp/arduino_build_482877/../arduino_cache_213079/core/core_e819bd12e37a273f8e0ee1d21781b140.a(wiring_private.c.o)
 .debug_aranges
                0x0000000000000240       0x30 /tmp/arduino_build_482877/../arduino_cache_213079/core/core_e819bd12e37a273f8e0ee1d21781b140.a(Reset.cpp.o)
 .debug_aranges
                0x0000000000000270      0x200 /tmp/arduino_build_482877/../arduino_cache_213079/core/core_e819bd12e37a273f8e0ee1d21781b140.a(SERCOM.cpp.o)
 .debug_aranges
                0x0000000000000470       0xb0 /tmp/arduino_build_482877/../arduino_cache_213079/core/core_e819bd12e37a273f8e0ee1d21781b140.a(Uart.cpp.o)
 .debug_aranges
                0x0000000000000520       0x48 /tmp/arduino_build_482877/../arduino_cache_213079/core/core_e819bd12e37a273f8e0ee1d21781b140.a(WMath.cpp.o)
 .debug_aranges
                0x0000000000000568       0x28 /tmp/arduino_build_482877/../arduino_cache_213079/core/core_e819bd12e37a273f8e0ee1d21781b140.a(main.cpp.o)
 .debug_aranges
                0x0000000000000590      0x130 /tmp/arduino_build_482877/../arduino_cache_213079/core/core_e819bd12e37a273f8e0ee1d21781b140.a(Print.cpp.o)
 .debug_aranges
                0x00000000000006c0      0x180 /tmp/arduino_build_482877/../arduino_cache_213079/core/core_e819bd12e37a273f8e0ee1d21781b140.a(USBCore.cpp.o)
 .debug_aranges
                0x0000000000000840       0x28 /tmp/arduino_build_482877/../arduino_cache_213079/core/core_e819bd12e37a273f8e0ee1d21781b140.a(new.cpp.o)
 .debug_aranges
                0x0000000000000868       0xd8 /tmp/arduino_build_482877/../arduino_cache_213079/core/core_e819bd12e37a273f8e0ee1d21781b140.a(CDC.cpp.o)
 .debug_aranges
                0x0000000000000940       0x50 /tmp/arduino_build_482877/../arduino_cache_213079/core/core_e819bd12e37a273f8e0ee1d21781b140.a(PluggableUSB.cpp.o)
 .debug_aranges
                0x0000000000000990       0x28 /tmp/arduino_build_482877/../arduino_cache_213079/core/core_e819bd12e37a273f8e0ee1d21781b140.a(SAMD21_USBDevice.cpp.o)

.debug_ranges   0x0000000000000000     0x1868
 .debug_ranges  0x0000000000000000       0x38 /tmp/arduino_build_482877/sketch/Knob.ino.cpp.o
 .debug_ranges  0x0000000000000038      0x100 /tmp/arduino_build_482877/libraries/Servo/samd/Servo.cpp.o
 .debug_ranges  0x0000000000000138       0x30 /tmp/arduino_build_482877/core/variant.cpp.o
 .debug_ranges  0x0000000000000168       0x30 /tmp/arduino_build_482877/../arduino_cache_213079/core/core_e819bd12e37a273f8e0ee1d21781b140.a(cortex_handlers.c.o)
 .debug_ranges  0x0000000000000198       0x28 /tmp/arduino_build_482877/../arduino_cache_213079/core/core_e819bd12e37a273f8e0ee1d21781b140.a(delay.c.o)
 .debug_ranges  0x00000000000001c0       0x20 /tmp/arduino_build_482877/../arduino_cache_213079/core/core_e819bd12e37a273f8e0ee1d21781b140.a(hooks.c.o)
 .debug_ranges  0x00000000000001e0       0x10 /tmp/arduino_build_482877/../arduino_cache_213079/core/core_e819bd12e37a273f8e0ee1d21781b140.a(startup.c.o)
 .debug_ranges  0x00000000000001f0       0x80 /tmp/arduino_build_482877/../arduino_cache_213079/core/core_e819bd12e37a273f8e0ee1d21781b140.a(wiring.c.o)
 .debug_ranges  0x0000000000000270       0xd8 /tmp/arduino_build_482877/../arduino_cache_213079/core/core_e819bd12e37a273f8e0ee1d21781b140.a(wiring_analog.c.o)
 .debug_ranges  0x0000000000000348       0x20 /tmp/arduino_build_482877/../arduino_cache_213079/core/core_e819bd12e37a273f8e0ee1d21781b140.a(wiring_digital.c.o)
 .debug_ranges  0x0000000000000368       0x28 /tmp/arduino_build_482877/../arduino_cache_213079/core/core_e819bd12e37a273f8e0ee1d21781b140.a(wiring_private.c.o)
 .debug_ranges  0x0000000000000390       0x50 /tmp/arduino_build_482877/../arduino_cache_213079/core/core_e819bd12e37a273f8e0ee1d21781b140.a(Reset.cpp.o)
 .debug_ranges  0x00000000000003e0      0x320 /tmp/arduino_build_482877/../arduino_cache_213079/core/core_e819bd12e37a273f8e0ee1d21781b140.a(SERCOM.cpp.o)
 .debug_ranges  0x0000000000000700      0x2e8 /tmp/arduino_build_482877/../arduino_cache_213079/core/core_e819bd12e37a273f8e0ee1d21781b140.a(Uart.cpp.o)
 .debug_ranges  0x00000000000009e8       0x38 /tmp/arduino_build_482877/../arduino_cache_213079/core/core_e819bd12e37a273f8e0ee1d21781b140.a(WMath.cpp.o)
 .debug_ranges  0x0000000000000a20       0x18 /tmp/arduino_build_482877/../arduino_cache_213079/core/core_e819bd12e37a273f8e0ee1d21781b140.a(main.cpp.o)
 .debug_ranges  0x0000000000000a38      0x248 /tmp/arduino_build_482877/../arduino_cache_213079/core/core_e819bd12e37a273f8e0ee1d21781b140.a(Print.cpp.o)
 .debug_ranges  0x0000000000000c80      0x9f8 /tmp/arduino_build_482877/../arduino_cache_213079/core/core_e819bd12e37a273f8e0ee1d21781b140.a(USBCore.cpp.o)
 .debug_ranges  0x0000000000001678       0x18 /tmp/arduino_build_482877/../arduino_cache_213079/core/core_e819bd12e37a273f8e0ee1d21781b140.a(new.cpp.o)
 .debug_ranges  0x0000000000001690      0x160 /tmp/arduino_build_482877/../arduino_cache_213079/core/core_e819bd12e37a273f8e0ee1d21781b140.a(CDC.cpp.o)
 .debug_ranges  0x00000000000017f0       0x60 /tmp/arduino_build_482877/../arduino_cache_213079/core/core_e819bd12e37a273f8e0ee1d21781b140.a(PluggableUSB.cpp.o)
 .debug_ranges  0x0000000000001850       0x18 /tmp/arduino_build_482877/../arduino_cache_213079/core/core_e819bd12e37a273f8e0ee1d21781b140.a(SAMD21_USBDevice.cpp.o)

.debug_line     0x0000000000000000     0xe1e5
 .debug_line    0x0000000000000000      0x800 /tmp/arduino_build_482877/sketch/Knob.ino.cpp.o
 .debug_line    0x0000000000000800      0xda9 /tmp/arduino_build_482877/libraries/Servo/samd/Servo.cpp.o
 .debug_line    0x00000000000015a9      0x641 /tmp/arduino_build_482877/core/variant.cpp.o
 .debug_line    0x0000000000001bea      0x46e /tmp/arduino_build_482877/../arduino_cache_213079/core/core_e819bd12e37a273f8e0ee1d21781b140.a(cortex_handlers.c.o)
 .debug_line    0x0000000000002058      0x680 /tmp/arduino_build_482877/../arduino_cache_213079/core/core_e819bd12e37a273f8e0ee1d21781b140.a(delay.c.o)
 .debug_line    0x00000000000026d8       0xc9 /tmp/arduino_build_482877/../arduino_cache_213079/core/core_e819bd12e37a273f8e0ee1d21781b140.a(hooks.c.o)
 .debug_line    0x00000000000027a1      0x6cb /tmp/arduino_build_482877/../arduino_cache_213079/core/core_e819bd12e37a273f8e0ee1d21781b140.a(startup.c.o)
 .debug_line    0x0000000000002e6c      0x6f4 /tmp/arduino_build_482877/../arduino_cache_213079/core/core_e819bd12e37a273f8e0ee1d21781b140.a(wiring.c.o)
 .debug_line    0x0000000000003560      0xbca /tmp/arduino_build_482877/../arduino_cache_213079/core/core_e819bd12e37a273f8e0ee1d21781b140.a(wiring_analog.c.o)